Archive member included to satisfy reference by file (symbol)

/home/ankit/Documents/MCUXpresso_11.1.1_3241/workspace/lpc_board_nxp_lpcxpresso_1769/Debug/liblpc_board_nxp_lpcxpresso_1769.a(board.o)
                              ./src/Interface_LPC1769_SIM7600.o (Board_LED_Init)
/home/ankit/Documents/MCUXpresso_11.1.1_3241/workspace/lpc_board_nxp_lpcxpresso_1769/Debug/liblpc_board_nxp_lpcxpresso_1769.a(board_sysinit.o)
                              ./src/Interface_LPC1769_SIM7600.o (Board_SystemInit)
/home/ankit/Documents/MCUXpresso_11.1.1_3241/workspace/lpc_chip_175x_6x/Debug/liblpc_chip_175x_6x.a(chip_17xx_40xx.o)
                              ./Third-Party/FreeRTOS/org/Source/portable/GCC/ARM_CM3/port.o (SystemCoreClock)
/home/ankit/Documents/MCUXpresso_11.1.1_3241/workspace/lpc_chip_175x_6x/Debug/liblpc_chip_175x_6x.a(clock_17xx_40xx.o)
                              /home/ankit/Documents/MCUXpresso_11.1.1_3241/workspace/lpc_chip_175x_6x/Debug/liblpc_chip_175x_6x.a(chip_17xx_40xx.o) (Chip_Clock_EnablePLL)
/home/ankit/Documents/MCUXpresso_11.1.1_3241/workspace/lpc_chip_175x_6x/Debug/liblpc_chip_175x_6x.a(i2s_17xx_40xx.o)
                              /home/ankit/Documents/MCUXpresso_11.1.1_3241/workspace/lpc_board_nxp_lpcxpresso_1769/Debug/liblpc_board_nxp_lpcxpresso_1769.a(board.o) (Chip_I2S_Init)
/home/ankit/Documents/MCUXpresso_11.1.1_3241/workspace/lpc_chip_175x_6x/Debug/liblpc_chip_175x_6x.a(iocon_17xx_40xx.o)
                              /home/ankit/Documents/MCUXpresso_11.1.1_3241/workspace/lpc_board_nxp_lpcxpresso_1769/Debug/liblpc_board_nxp_lpcxpresso_1769.a(board.o) (Chip_IOCON_PinMux)
/home/ankit/Documents/MCUXpresso_11.1.1_3241/workspace/lpc_chip_175x_6x/Debug/liblpc_chip_175x_6x.a(ring_buffer.o)
                              ./src/Interface_LPC1769_SIM7600.o (RingBuffer_Init)
/home/ankit/Documents/MCUXpresso_11.1.1_3241/workspace/lpc_chip_175x_6x/Debug/liblpc_chip_175x_6x.a(sysinit_17xx_40xx.o)
                              /home/ankit/Documents/MCUXpresso_11.1.1_3241/workspace/lpc_board_nxp_lpcxpresso_1769/Debug/liblpc_board_nxp_lpcxpresso_1769.a(board_sysinit.o) (Chip_SetupXtalClocking)
/home/ankit/Documents/MCUXpresso_11.1.1_3241/workspace/lpc_chip_175x_6x/Debug/liblpc_chip_175x_6x.a(uart_17xx_40xx.o)
                              ./src/Interface_LPC1769_SIM7600.o (Chip_UART_Init)
/usr/local/mcuxpressoide-11.1.1_3241/ide/plugins/com.nxp.mcuxpresso.tools.linux_11.1.0.202001081728/tools/bin/../lib/gcc/arm-none-eabi/8.3.1/../../../../arm-none-eabi/lib/thumb/v7-m/nofp/libcr_c.a(memcpy.o)
                              ./Third-Party/FreeRTOS/org/Source/queue.o (memcpy)
/usr/local/mcuxpressoide-11.1.1_3241/ide/plugins/com.nxp.mcuxpresso.tools.linux_11.1.0.202001081728/tools/bin/../lib/gcc/arm-none-eabi/8.3.1/../../../../arm-none-eabi/lib/thumb/v7-m/nofp/libcr_c.a(memset.o)
                              ./Third-Party/FreeRTOS/org/Source/stream_buffer.o (memset)
/usr/local/mcuxpressoide-11.1.1_3241/ide/plugins/com.nxp.mcuxpresso.tools.linux_11.1.0.202001081728/tools/bin/../lib/gcc/arm-none-eabi/8.3.1/../../../../arm-none-eabi/lib/thumb/v7-m/nofp/libcr_c.a(__weak__main.o)
                              ./src/cr_startup_lpc175x_6x.o (__main)
/usr/local/mcuxpressoide-11.1.1_3241/ide/plugins/com.nxp.mcuxpresso.tools.linux_11.1.0.202001081728/tools/bin/../lib/gcc/arm-none-eabi/8.3.1/../../../../arm-none-eabi/lib/thumb/v7-m/nofp/libcr_c.a(alloc.o)
                              ./Third-Party/FreeRTOS/org/Source/portable/MemMang/heap_3.o (malloc)
/usr/local/mcuxpressoide-11.1.1_3241/ide/plugins/com.nxp.mcuxpresso.tools.linux_11.1.0.202001081728/tools/bin/../lib/gcc/arm-none-eabi/8.3.1/../../../../arm-none-eabi/lib/thumb/v7-m/nofp/libcr_c.a(__init_alloc.o)
                              /usr/local/mcuxpressoide-11.1.1_3241/ide/plugins/com.nxp.mcuxpresso.tools.linux_11.1.0.202001081728/tools/bin/../lib/gcc/arm-none-eabi/8.3.1/../../../../arm-none-eabi/lib/thumb/v7-m/nofp/libcr_c.a(alloc.o) (__heaps)
/usr/local/mcuxpressoide-11.1.1_3241/ide/plugins/com.nxp.mcuxpresso.tools.linux_11.1.0.202001081728/tools/bin/../lib/gcc/arm-none-eabi/8.3.1/../../../../arm-none-eabi/lib/thumb/v7-m/nofp/libcr_c.a(_cr_sbrk.o)
                              /usr/local/mcuxpressoide-11.1.1_3241/ide/plugins/com.nxp.mcuxpresso.tools.linux_11.1.0.202001081728/tools/bin/../lib/gcc/arm-none-eabi/8.3.1/../../../../arm-none-eabi/lib/thumb/v7-m/nofp/libcr_c.a(alloc.o) (_sbrk)
/usr/local/mcuxpressoide-11.1.1_3241/ide/plugins/com.nxp.mcuxpresso.tools.linux_11.1.0.202001081728/tools/bin/../lib/gcc/arm-none-eabi/8.3.1/../../../../arm-none-eabi/lib/thumb/v7-m/nofp/libcr_c.a(errno.o)
                              /usr/local/mcuxpressoide-11.1.1_3241/ide/plugins/com.nxp.mcuxpresso.tools.linux_11.1.0.202001081728/tools/bin/../lib/gcc/arm-none-eabi/8.3.1/../../../../arm-none-eabi/lib/thumb/v7-m/nofp/libcr_c.a(_cr_sbrk.o) (errno)
[...]
Memory Configuration

Name             Origin             Length             Attributes
MFlash512        0x0000000000000000 0x0000000000080000 xr
RamLoc32         0x0000000010000000 0x0000000000008000 xrw
RamAHB32         0x000000002007c000 0x0000000000008000 xrw
*default*        0x0000000000000000 0xffffffffffffffff

Linker script and memory map

LOAD ./src/Interface_LPC1769_SIM7600.o
LOAD ./src/cr_startup_lpc175x_6x.o
LOAD ./src/crp.o
LOAD ./src/sysinit.o
LOAD ./Third-Party/FreeRTOS/org/Source/portable/MemMang/heap_3.o
LOAD ./Third-Party/FreeRTOS/org/Source/portable/GCC/ARM_CM3/port.o
LOAD ./Third-Party/FreeRTOS/org/Source/croutine.o
LOAD ./Third-Party/FreeRTOS/org/Source/event_groups.o
LOAD ./Third-Party/FreeRTOS/org/Source/list.o
LOAD ./Third-Party/FreeRTOS/org/Source/queue.o
LOAD ./Third-Party/FreeRTOS/org/Source/stream_buffer.o
LOAD ./Third-Party/FreeRTOS/org/Source/tasks.o
LOAD ./Third-Party/FreeRTOS/org/Source/timers.o
LOAD /home/ankit/Documents/MCUXpresso_11.1.1_3241/workspace/lpc_board_nxp_lpcxpresso_1769/Debug/liblpc_board_nxp_lpcxpresso_1769.a
LOAD /home/ankit/Documents/MCUXpresso_11.1.1_3241/workspace/lpc_chip_175x_6x/Debug/liblpc_chip_175x_6x.a
START GROUP
LOAD /usr/local/mcuxpressoide-11.1.1_3241/ide/plugins/com.nxp.mcuxpresso.tools.linux_11.1.0.202001081728/tools/bin/../lib/gcc/arm-none-eabi/8.3.1/../../../../arm-none-eabi/lib/thumb/v7-m/nofp/libcr_c.a
LOAD /usr/local/mcuxpressoide-11.1.1_3241/ide/plugins/com.nxp.mcuxpresso.tools.linux_11.1.0.202001081728/tools/bin/../lib/gcc/arm-none-eabi/8.3.1/thumb/v7-m/nofp/libcr_eabihelpers.a
LOAD /usr/local/mcuxpressoide-11.1.1_3241/ide/plugins/com.nxp.mcuxpresso.tools.linux_11.1.0.202001081728/tools/bin/../lib/gcc/arm-none-eabi/8.3.1/thumb/v7-m/nofp/libgcc.a
END GROUP
                0x0000000000000000                __base_MFlash512 = 0x0
                0x0000000000000000                __base_Flash = 0x0
                0x0000000000080000                __top_MFlash512 = 0x80000
                0x0000000000080000                __top_Flash = 0x80000
                0x0000000010000000                __base_RamLoc32 = 0x10000000
                0x0000000010000000                __base_RAM = 0x10000000
                0x0000000010008000                __top_RamLoc32 = 0x10008000
                0x0000000010008000                __top_RAM = 0x10008000
                0x000000002007c000                __base_RamAHB32 = 0x2007c000
                0x000000002007c000                __base_RAM2 = 0x2007c000
                0x0000000020084000                __top_RamAHB32 = 0x20084000
                0x0000000020084000                __top_RAM2 = 0x20084000

.text           0x0000000000000000     0x2c78
 FILL mask 0xff
                0x0000000000000000                __vectors_start__ = ABSOLUTE (.)
 *(.isr_vector)
 .isr_vector    0x0000000000000000       0xcc ./src/cr_startup_lpc175x_6x.o
                0x0000000000000000                g_pfnVectors
                0x00000000000000cc                . = ALIGN (0x4)
                0x00000000000000cc                __section_table_start = .
                0x00000000000000cc                __data_section_table = .
                0x00000000000000cc        0x4 LONG 0x2c78 LOADADDR (.data)
                0x00000000000000d0        0x4 LONG 0x10000000 ADDR (.data)
                0x00000000000000d4        0x4 LONG 0x4 SIZEOF (.data)
                0x00000000000000d8        0x4 LONG 0x2c78 LOADADDR (.data_RAM2)
                0x00000000000000dc        0x4 LONG 0x2007c000 ADDR (.data_RAM2)
                0x00000000000000e0        0x4 LONG 0x0 SIZEOF (.data_RAM2)
                0x00000000000000e4                __data_section_table_end = .
                0x00000000000000e4                __bss_section_table = .
                0x00000000000000e4        0x4 LONG 0x10000004 ADDR (.bss)
                0x00000000000000e8        0x4 LONG 0x230 SIZEOF (.bss)
                0x00000000000000ec        0x4 LONG 0x2007c000 ADDR (.bss_RAM2)
                0x00000000000000f0        0x4 LONG 0x0 SIZEOF (.bss_RAM2)
                0x00000000000000f4                __bss_section_table_end = .
                0x00000000000000f4                __section_table_end = .
 *(.after_vectors*)
 .after_vectors
                0x00000000000000f4      0x12c ./src/cr_startup_lpc175x_6x.o
                0x00000000000000f4                data_init
                0x0000000000000136                bss_init
                0x000000000000016c                ResetISR
                0x00000000000001e4                NMI_Handler
                0x00000000000001ea                HardFault_Handler
                0x00000000000001f0                MemManage_Handler
                0x00000000000001f6                BusFault_Handler
                0x00000000000001fc                UsageFault_Handler
                0x0000000000000208                DebugMon_Handler
                0x000000000000021a                TIMER2_IRQHandler
                0x000000000000021a                RIT_IRQHandler
                0x000000000000021a                I2C0_IRQHandler
                0x000000000000021a                USBActivity_IRQHandler
                0x000000000000021a                PWM1_IRQHandler
                0x000000000000021a                I2C1_IRQHandler
                0x000000000000021a                EINT2_IRQHandler
                0x000000000000021a                UART1_IRQHandler
                0x000000000000021a                EINT3_IRQHandler
                0x000000000000021a                CANActivity_IRQHandler
                0x000000000000021a                TIMER3_IRQHandler
                0x000000000000021a                IntDefaultHandler
                0x000000000000021a                PLL0_IRQHandler
                0x000000000000021a                CAN_IRQHandler
                0x000000000000021a                PLL1_IRQHandler
                0x000000000000021a                SSP0_IRQHandler
                0x000000000000021a                I2S_IRQHandler
                0x000000000000021a                I2C2_IRQHandler
                0x000000000000021a                RTC_IRQHandler
                0x000000000000021a                TIMER0_IRQHandler
                0x000000000000021a                SPI_IRQHandler
                0x000000000000021a                EINT1_IRQHandler
                0x000000000000021a                TIMER1_IRQHandler
                0x000000000000021a                UART2_IRQHandler
                0x000000000000021a                ADC_IRQHandler
                0x000000000000021a                SSP1_IRQHandler
                0x000000000000021a                USB_IRQHandler
                0x000000000000021a                BOD_IRQHandler
                0x000000000000021a                WDT_IRQHandler
                0x000000000000021a                QEI_IRQHandler
                0x000000000000021a                EINT0_IRQHandler
                0x000000000000021a                ETH_IRQHandler
                0x000000000000021a                DMA_IRQHandler
                0x000000000000021a                UART3_IRQHandler
                0x000000000000021a                MCPWM_IRQHandler
                0x00000000000002fc                . = 0x2fc
 *fill*         0x0000000000000220       0xdc ff
                0x00000000000002fc                PROVIDE (__CRP_WORD_START__ = .)
 *(.crp)
 .crp           0x00000000000002fc        0x4 ./src/crp.o
                0x00000000000002fc                CRP_WORD
                0x0000000000000300                PROVIDE (__CRP_WORD_END__ = .)
                0x0000000000000001                ASSERT (! ((__CRP_WORD_START__ == __CRP_WORD_END__)), Linker CRP Enabled, but no CRP_WORD provided within application)
 *(.text*)
 .text.NVIC_EnableIRQ
                0x0000000000000300       0x30 ./src/Interface_LPC1769_SIM7600.o
 .text.NVIC_DisableIRQ
                0x0000000000000330       0x34 ./src/Interface_LPC1769_SIM7600.o
 .text.NVIC_SetPriority
                0x0000000000000364       0x54 ./src/Interface_LPC1769_SIM7600.o
 .text.Chip_UART_IntEnable
                0x00000000000003b8       0x20 ./src/Interface_LPC1769_SIM7600.o
 .text.Chip_UART_SetupFIFOS
                0x00000000000003d8       0x1a ./src/Interface_LPC1769_SIM7600.o
 .text.Chip_UART_ConfigData
                0x00000000000003f2       0x1a ./src/Interface_LPC1769_SIM7600.o
 .text.main     0x000000000000040c       0x50 ./src/Interface_LPC1769_SIM7600.o
                0x000000000000040c                main
 .text.vSIM_7600_Task
                0x000000000000045c      0x1a0 ./src/Interface_LPC1769_SIM7600.o
                0x000000000000045c                vSIM_7600_Task
 .text.prvSetupHardware
                0x00000000000005fc       0x30 ./src/Interface_LPC1769_SIM7600.o
 .text.prvSetupUART0
                0x000000000000062c       0x78 ./src/Interface_LPC1769_SIM7600.o
 .text.UART0_IRQHandler
                0x00000000000006a4       0x20 ./src/Interface_LPC1769_SIM7600.o
                0x00000000000006a4                UART0_IRQHandler
 .text.SystemInit
                0x00000000000006c4       0x24 ./src/sysinit.o
                0x00000000000006c4                SystemInit
 .text.pvPortMalloc
                0x00000000000006e8       0x22 ./Third-Party/FreeRTOS/org/Source/portable/MemMang/heap_3.o
                0x00000000000006e8                pvPortMalloc
 .text.vPortFree
                0x000000000000070a       0x24 ./Third-Party/FreeRTOS/org/Source/portable/MemMang/heap_3.o
                0x000000000000070a                vPortFree
 *fill*         0x000000000000072e        0x2 ff
 .text.pxPortInitialiseStack
                0x0000000000000730       0x58 ./Third-Party/FreeRTOS/org/Source/portable/GCC/ARM_CM3/port.o
                0x0000000000000730                pxPortInitialiseStack
 .text.prvTaskExitError
                0x0000000000000788       0x2e ./Third-Party/FreeRTOS/org/Source/portable/GCC/ARM_CM3/port.o
 *fill*         0x00000000000007b6        0xa ff
 .text.SVC_Handler
                0x00000000000007c0       0x28 ./Third-Party/FreeRTOS/org/Source/portable/GCC/ARM_CM3/port.o
                0x00000000000007c0                SVC_Handler
 .text.prvPortStartFirstTask
                0x00000000000007e8       0x20 ./Third-Party/FreeRTOS/org/Source/portable/GCC/ARM_CM3/port.o
 .text.xPortStartScheduler
                0x0000000000000808       0x40 ./Third-Party/FreeRTOS/org/Source/portable/GCC/ARM_CM3/port.o
                0x0000000000000808                xPortStartScheduler
 .text.vPortEnterCritical
                0x0000000000000848       0x30 ./Third-Party/FreeRTOS/org/Source/portable/GCC/ARM_CM3/port.o
                0x0000000000000848                vPortEnterCritical
 .text.vPortExitCritical
                0x0000000000000878       0x30 ./Third-Party/FreeRTOS/org/Source/portable/GCC/ARM_CM3/port.o
                0x0000000000000878                vPortExitCritical
 *fill*         0x00000000000008a8        0x8 ff
 .text.PendSV_Handler
                0x00000000000008b0       0x48 ./Third-Party/FreeRTOS/org/Source/portable/GCC/ARM_CM3/port.o
                0x00000000000008b0                PendSV_Handler
 .text.SysTick_Handler
                0x00000000000008f8       0x40 ./Third-Party/FreeRTOS/org/Source/portable/GCC/ARM_CM3/port.o
                0x00000000000008f8                SysTick_Handler
 .text.vPortSuppressTicksAndSleep
                0x0000000000000938      0x188 ./Third-Party/FreeRTOS/org/Source/portable/GCC/ARM_CM3/port.o
                0x0000000000000938                vPortSuppressTicksAndSleep
 .text.vPortSetupTimerInterrupt
                0x0000000000000ac0       0x78 ./Third-Party/FreeRTOS/org/Source/portable/GCC/ARM_CM3/port.o
                0x0000000000000ac0                vPortSetupTimerInterrupt
 .text.vListInitialise
                0x0000000000000b38       0x3e ./Third-Party/FreeRTOS/org/Source/list.o
                0x0000000000000b38                vListInitialise
 .text.vListInitialiseItem
                0x0000000000000b76       0x18 ./Third-Party/FreeRTOS/org/Source/list.o
                0x0000000000000b76                vListInitialiseItem
 .text.vListInsertEnd
                0x0000000000000b8e       0x46 ./Third-Party/FreeRTOS/org/Source/list.o
                0x0000000000000b8e                vListInsertEnd
 .text.vListInsert
                0x0000000000000bd4       0x70 ./Third-Party/FreeRTOS/org/Source/list.o
                0x0000000000000bd4                vListInsert
 .text.uxListRemove
                0x0000000000000c44       0x52 ./Third-Party/FreeRTOS/org/Source/list.o
                0x0000000000000c44                uxListRemove
 .text.xTaskCreate
                0x0000000000000c96       0x82 ./Third-Party/FreeRTOS/org/Source/tasks.o
                0x0000000000000c96                xTaskCreate
 .text.prvInitialiseNewTask
                0x0000000000000d18       0xfe ./Third-Party/FreeRTOS/org/Source/tasks.o
 *fill*         0x0000000000000e16        0x2 ff
 .text.prvAddNewTaskToReadyList
                0x0000000000000e18       0xdc ./Third-Party/FreeRTOS/org/Source/tasks.o
 .text.vTaskDelay
                0x0000000000000ef4       0x48 ./Third-Party/FreeRTOS/org/Source/tasks.o
                0x0000000000000ef4                vTaskDelay
 .text.vTaskStartScheduler
                0x0000000000000f3c       0x70 ./Third-Party/FreeRTOS/org/Source/tasks.o
                0x0000000000000f3c                vTaskStartScheduler
 .text.vTaskSuspendAll
                0x0000000000000fac       0x1c ./Third-Party/FreeRTOS/org/Source/tasks.o
                0x0000000000000fac                vTaskSuspendAll
 .text.prvGetExpectedIdleTime
                0x0000000000000fc8       0x74 ./Third-Party/FreeRTOS/org/Source/tasks.o
 .text.xTaskResumeAll
                0x000000000000103c      0x11c ./Third-Party/FreeRTOS/org/Source/tasks.o
                0x000000000000103c                xTaskResumeAll
 .text.vTaskStepTick
                0x0000000000001158       0x24 ./Third-Party/FreeRTOS/org/Source/tasks.o
                0x0000000000001158                vTaskStepTick
 .text.xTaskIncrementTick
                0x000000000000117c      0x150 ./Third-Party/FreeRTOS/org/Source/tasks.o
                0x000000000000117c                xTaskIncrementTick
 .text.vTaskSwitchContext
                0x00000000000012cc       0x8c ./Third-Party/FreeRTOS/org/Source/tasks.o
                0x00000000000012cc                vTaskSwitchContext
 .text.prvIdleTask
                0x0000000000001358       0x54 ./Third-Party/FreeRTOS/org/Source/tasks.o
 .text.eTaskConfirmSleepModeStatus
                0x00000000000013ac       0x5c ./Third-Party/FreeRTOS/org/Source/tasks.o
                0x00000000000013ac                eTaskConfirmSleepModeStatus
 .text.prvInitialiseTaskLists
                0x0000000000001408       0x80 ./Third-Party/FreeRTOS/org/Source/tasks.o
 .text.prvCheckTasksWaitingTermination
                0x0000000000001488       0x58 ./Third-Party/FreeRTOS/org/Source/tasks.o
 .text.prvDeleteTCB
                0x00000000000014e0       0x20 ./Third-Party/FreeRTOS/org/Source/tasks.o
 .text.prvResetNextTaskUnblockTime
                0x0000000000001500       0x40 ./Third-Party/FreeRTOS/org/Source/tasks.o
 .text.prvAddCurrentTaskToDelayedList
                0x0000000000001540       0xcc ./Third-Party/FreeRTOS/org/Source/tasks.o
 .text.Chip_IOCON_Init
                0x000000000000160c       0x16 /home/ankit/Documents/MCUXpresso_11.1.1_3241/workspace/lpc_board_nxp_lpcxpresso_1769/Debug/liblpc_board_nxp_lpcxpresso_1769.a(board.o)
 .text.Chip_GPIO_Init
                0x0000000000001622       0x16 /home/ankit/Documents/MCUXpresso_11.1.1_3241/workspace/lpc_board_nxp_lpcxpresso_1769/Debug/liblpc_board_nxp_lpcxpresso_1769.a(board.o)
 .text.Chip_GPIO_SetPinState
                0x0000000000001638       0x64 /home/ankit/Documents/MCUXpresso_11.1.1_3241/workspace/lpc_board_nxp_lpcxpresso_1769/Debug/liblpc_board_nxp_lpcxpresso_1769.a(board.o)
 .text.Chip_GPIO_WritePortBit
                0x000000000000169c       0x2c /home/ankit/Documents/MCUXpresso_11.1.1_3241/workspace/lpc_board_nxp_lpcxpresso_1769/Debug/liblpc_board_nxp_lpcxpresso_1769.a(board.o)
 .text.Chip_GPIO_GetPinState
                0x00000000000016c8       0x38 /home/ankit/Documents/MCUXpresso_11.1.1_3241/workspace/lpc_board_nxp_lpcxpresso_1769/Debug/liblpc_board_nxp_lpcxpresso_1769.a(board.o)
 .text.Chip_GPIO_ReadPortBit
                0x0000000000001700       0x26 /home/ankit/Documents/MCUXpresso_11.1.1_3241/workspace/lpc_board_nxp_lpcxpresso_1769/Debug/liblpc_board_nxp_lpcxpresso_1769.a(board.o)
 .text.Chip_GPIO_SetPinDIROutput
                0x0000000000001726       0x36 /home/ankit/Documents/MCUXpresso_11.1.1_3241/workspace/lpc_board_nxp_lpcxpresso_1769/Debug/liblpc_board_nxp_lpcxpresso_1769.a(board.o)
 .text.Chip_GPIO_SetPinDIRInput
                0x000000000000175c       0x3a /home/ankit/Documents/MCUXpresso_11.1.1_3241/workspace/lpc_board_nxp_lpcxpresso_1769/Debug/liblpc_board_nxp_lpcxpresso_1769.a(board.o)
 .text.Chip_GPIO_SetPinDIR
                0x0000000000001796       0x42 /home/ankit/Documents/MCUXpresso_11.1.1_3241/workspace/lpc_board_nxp_lpcxpresso_1769/Debug/liblpc_board_nxp_lpcxpresso_1769.a(board.o)
 .text.Chip_GPIO_WriteDirBit
                0x00000000000017d8       0x2e /home/ankit/Documents/MCUXpresso_11.1.1_3241/workspace/lpc_board_nxp_lpcxpresso_1769/Debug/liblpc_board_nxp_lpcxpresso_1769.a(board.o)
 .text.Chip_UART_ConfigData
                0x0000000000001806       0x1a /home/ankit/Documents/MCUXpresso_11.1.1_3241/workspace/lpc_board_nxp_lpcxpresso_1769/Debug/liblpc_board_nxp_lpcxpresso_1769.a(board.o)
 .text.Board_LED_Init
                0x0000000000001820       0x30 /home/ankit/Documents/MCUXpresso_11.1.1_3241/workspace/lpc_board_nxp_lpcxpresso_1769/Debug/liblpc_board_nxp_lpcxpresso_1769.a(board.o)
                0x0000000000001820                Board_LED_Init
 .text.Board_UART_Init
                0x0000000000001850       0x12 /home/ankit/Documents/MCUXpresso_11.1.1_3241/workspace/lpc_board_nxp_lpcxpresso_1769/Debug/liblpc_board_nxp_lpcxpresso_1769.a(board.o)
                0x0000000000001850                Board_UART_Init
 *fill*         0x0000000000001862        0x2 ff
 .text.Board_Debug_Init
                0x0000000000001864       0x30 /home/ankit/Documents/MCUXpresso_11.1.1_3241/workspace/lpc_board_nxp_lpcxpresso_1769/Debug/liblpc_board_nxp_lpcxpresso_1769.a(board.o)
                0x0000000000001864                Board_Debug_Init
 .text.Board_LED_Set
                0x0000000000001894       0x54 /home/ankit/Documents/MCUXpresso_11.1.1_3241/workspace/lpc_board_nxp_lpcxpresso_1769/Debug/liblpc_board_nxp_lpcxpresso_1769.a(board.o)
                0x0000000000001894                Board_LED_Set
 .text.Board_LED_Test
                0x00000000000018e8       0x58 /home/ankit/Documents/MCUXpresso_11.1.1_3241/workspace/lpc_board_nxp_lpcxpresso_1769/Debug/liblpc_board_nxp_lpcxpresso_1769.a(board.o)
                0x00000000000018e8                Board_LED_Test
 .text.Board_LED_Toggle
                0x0000000000001940       0x3c /home/ankit/Documents/MCUXpresso_11.1.1_3241/workspace/lpc_board_nxp_lpcxpresso_1769/Debug/liblpc_board_nxp_lpcxpresso_1769.a(board.o)
                0x0000000000001940                Board_LED_Toggle
 .text.Board_Init
                0x000000000000197c       0x24 /home/ankit/Documents/MCUXpresso_11.1.1_3241/workspace/lpc_board_nxp_lpcxpresso_1769/Debug/liblpc_board_nxp_lpcxpresso_1769.a(board.o)
                0x000000000000197c                Board_Init
 .text.Board_Buttons_Init
                0x00000000000019a0       0x18 /home/ankit/Documents/MCUXpresso_11.1.1_3241/workspace/lpc_board_nxp_lpcxpresso_1769/Debug/liblpc_board_nxp_lpcxpresso_1769.a(board.o)
                0x00000000000019a0                Board_Buttons_Init
 .text.Chip_SYSCTL_SetFLASHAccess
                0x00000000000019b8       0x30 /home/ankit/Documents/MCUXpresso_11.1.1_3241/workspace/lpc_board_nxp_lpcxpresso_1769/Debug/liblpc_board_nxp_lpcxpresso_1769.a(board_sysinit.o)
 .text.Board_SetupMuxing
                0x00000000000019e8       0x1c /home/ankit/Documents/MCUXpresso_11.1.1_3241/workspace/lpc_board_nxp_lpcxpresso_1769/Debug/liblpc_board_nxp_lpcxpresso_1769.a(board_sysinit.o)
                0x00000000000019e8                Board_SetupMuxing
 .text.Board_SetupClocking
                0x0000000000001a04       0x12 /home/ankit/Documents/MCUXpresso_11.1.1_3241/workspace/lpc_board_nxp_lpcxpresso_1769/Debug/liblpc_board_nxp_lpcxpresso_1769.a(board_sysinit.o)
                0x0000000000001a04                Board_SetupClocking
 .text.Board_SystemInit
                0x0000000000001a16       0x10 /home/ankit/Documents/MCUXpresso_11.1.1_3241/workspace/lpc_board_nxp_lpcxpresso_1769/Debug/liblpc_board_nxp_lpcxpresso_1769.a(board_sysinit.o)
                0x0000000000001a16                Board_SystemInit
 *fill*         0x0000000000001a26        0x2 ff
 .text.SystemCoreClockUpdate
                0x0000000000001a28       0x18 /home/ankit/Documents/MCUXpresso_11.1.1_3241/workspace/lpc_chip_175x_6x/Debug/liblpc_chip_175x_6x.a(chip_17xx_40xx.o)
                0x0000000000001a28                SystemCoreClockUpdate
 .text.Chip_Clock_IsMainPLLEnabled
                0x0000000000001a40       0x24 /home/ankit/Documents/MCUXpresso_11.1.1_3241/workspace/lpc_chip_175x_6x/Debug/liblpc_chip_175x_6x.a(clock_17xx_40xx.o)
 .text.Chip_Clock_IsMainPLLConnected
                0x0000000000001a64       0x24 /home/ankit/Documents/MCUXpresso_11.1.1_3241/workspace/lpc_chip_175x_6x/Debug/liblpc_chip_175x_6x.a(clock_17xx_40xx.o)
 .text.Chip_Clock_FeedPLL
                0x0000000000001a88       0x34 /home/ankit/Documents/MCUXpresso_11.1.1_3241/workspace/lpc_chip_175x_6x/Debug/liblpc_chip_175x_6x.a(clock_17xx_40xx.o)
 .text.Chip_Clock_GetMainPLLSource
                0x0000000000001abc       0x20 /home/ankit/Documents/MCUXpresso_11.1.1_3241/workspace/lpc_chip_175x_6x/Debug/liblpc_chip_175x_6x.a(clock_17xx_40xx.o)
 .text.Chip_Clock_GetMainOscRate
                0x0000000000001adc       0x14 /home/ankit/Documents/MCUXpresso_11.1.1_3241/workspace/lpc_chip_175x_6x/Debug/liblpc_chip_175x_6x.a(clock_17xx_40xx.o)
 .text.Chip_Clock_GetIntOscRate
                0x0000000000001af0       0x14 /home/ankit/Documents/MCUXpresso_11.1.1_3241/workspace/lpc_chip_175x_6x/Debug/liblpc_chip_175x_6x.a(clock_17xx_40xx.o)
 .text.Chip_Clock_GetRTCOscRate
                0x0000000000001b04       0x14 /home/ankit/Documents/MCUXpresso_11.1.1_3241/workspace/lpc_chip_175x_6x/Debug/liblpc_chip_175x_6x.a(clock_17xx_40xx.o)
 .text.Chip_Clock_GetMainPLLInClockRate
                0x0000000000001b18        0xe /home/ankit/Documents/MCUXpresso_11.1.1_3241/workspace/lpc_chip_175x_6x/Debug/liblpc_chip_175x_6x.a(clock_17xx_40xx.o)
 *fill*         0x0000000000001b26        0x2 ff
 .text.Chip_Clock_EnablePLL
                0x0000000000001b28       0x44 /home/ankit/Documents/MCUXpresso_11.1.1_3241/workspace/lpc_chip_175x_6x/Debug/liblpc_chip_175x_6x.a(clock_17xx_40xx.o)
                0x0000000000001b28                Chip_Clock_EnablePLL
 .text.Chip_Clock_DisablePLL
                0x0000000000001b6c       0x48 /home/ankit/Documents/MCUXpresso_11.1.1_3241/workspace/lpc_chip_175x_6x/Debug/liblpc_chip_175x_6x.a(clock_17xx_40xx.o)
                0x0000000000001b6c                Chip_Clock_DisablePLL
 .text.Chip_Clock_SetupPLL
                0x0000000000001bb4       0x5c /home/ankit/Documents/MCUXpresso_11.1.1_3241/workspace/lpc_chip_175x_6x/Debug/liblpc_chip_175x_6x.a(clock_17xx_40xx.o)
                0x0000000000001bb4                Chip_Clock_SetupPLL
 .text.Chip_Clock_EnablePeriphClock
                0x0000000000001c10       0x34 /home/ankit/Documents/MCUXpresso_11.1.1_3241/workspace/lpc_chip_175x_6x/Debug/liblpc_chip_175x_6x.a(clock_17xx_40xx.o)
                0x0000000000001c10                Chip_Clock_EnablePeriphClock
 .text.Chip_Clock_DisablePeriphClock
                0x0000000000001c44       0x38 /home/ankit/Documents/MCUXpresso_11.1.1_3241/workspace/lpc_chip_175x_6x/Debug/liblpc_chip_175x_6x.a(clock_17xx_40xx.o)
                0x0000000000001c44                Chip_Clock_DisablePeriphClock
 .text.Chip_Clock_GetCPUClockSource
                0x0000000000001c7c       0x24 /home/ankit/Documents/MCUXpresso_11.1.1_3241/workspace/lpc_chip_175x_6x/Debug/liblpc_chip_175x_6x.a(clock_17xx_40xx.o)
                0x0000000000001c7c                Chip_Clock_GetCPUClockSource
 .text.Chip_Clock_SetCPUClockDiv
                0x0000000000001ca0       0x20 /home/ankit/Documents/MCUXpresso_11.1.1_3241/workspace/lpc_chip_175x_6x/Debug/liblpc_chip_175x_6x.a(clock_17xx_40xx.o)
                0x0000000000001ca0                Chip_Clock_SetCPUClockDiv
 .text.Chip_Clock_GetCPUClockDiv
                0x0000000000001cc0       0x1c /home/ankit/Documents/MCUXpresso_11.1.1_3241/workspace/lpc_chip_175x_6x/Debug/liblpc_chip_175x_6x.a(clock_17xx_40xx.o)
                0x0000000000001cc0                Chip_Clock_GetCPUClockDiv
 .text.Chip_Clock_GetPCLKDiv
                0x0000000000001cdc       0x8c /home/ankit/Documents/MCUXpresso_11.1.1_3241/workspace/lpc_chip_175x_6x/Debug/liblpc_chip_175x_6x.a(clock_17xx_40xx.o)
                0x0000000000001cdc                Chip_Clock_GetPCLKDiv
 .text.Chip_Clock_GetSYSCLKRate
                0x0000000000001d68       0x34 /home/ankit/Documents/MCUXpresso_11.1.1_3241/workspace/lpc_chip_175x_6x/Debug/liblpc_chip_175x_6x.a(clock_17xx_40xx.o)
                0x0000000000001d68                Chip_Clock_GetSYSCLKRate
 .text.Chip_Clock_GetMainPLLOutClockRate
                0x0000000000001d9c       0x54 /home/ankit/Documents/MCUXpresso_11.1.1_3241/workspace/lpc_chip_175x_6x/Debug/liblpc_chip_175x_6x.a(clock_17xx_40xx.o)
                0x0000000000001d9c                Chip_Clock_GetMainPLLOutClockRate
 .text.Chip_Clock_GetMainClockRate
                0x0000000000001df0       0x28 /home/ankit/Documents/MCUXpresso_11.1.1_3241/workspace/lpc_chip_175x_6x/Debug/liblpc_chip_175x_6x.a(clock_17xx_40xx.o)
                0x0000000000001df0                Chip_Clock_GetMainClockRate
 .text.Chip_Clock_GetSystemClockRate
                0x0000000000001e18       0x18 /home/ankit/Documents/MCUXpresso_11.1.1_3241/workspace/lpc_chip_175x_6x/Debug/liblpc_chip_175x_6x.a(clock_17xx_40xx.o)
                0x0000000000001e18                Chip_Clock_GetSystemClockRate
 .text.Chip_Clock_GetPeripheralClockRate
                0x0000000000001e30       0x26 /home/ankit/Documents/MCUXpresso_11.1.1_3241/workspace/lpc_chip_175x_6x/Debug/liblpc_chip_175x_6x.a(clock_17xx_40xx.o)
                0x0000000000001e30                Chip_Clock_GetPeripheralClockRate
 .text.Chip_IOCON_PinMuxSet
                0x0000000000001e56       0x36 /home/ankit/Documents/MCUXpresso_11.1.1_3241/workspace/lpc_chip_175x_6x/Debug/liblpc_chip_175x_6x.a(iocon_17xx_40xx.o)
                0x0000000000001e56                Chip_IOCON_PinMuxSet
 .text.Chip_IOCON_PinMux
                0x0000000000001e8c       0x94 /home/ankit/Documents/MCUXpresso_11.1.1_3241/workspace/lpc_chip_175x_6x/Debug/liblpc_chip_175x_6x.a(iocon_17xx_40xx.o)
                0x0000000000001e8c                Chip_IOCON_PinMux
 .text.Chip_IOCON_SetPinMuxing
                0x0000000000001f20       0x62 /home/ankit/Documents/MCUXpresso_11.1.1_3241/workspace/lpc_chip_175x_6x/Debug/liblpc_chip_175x_6x.a(iocon_17xx_40xx.o)
                0x0000000000001f20                Chip_IOCON_SetPinMuxing
 .text.RingBuffer_GetCount
                0x0000000000001f82       0x20 /home/ankit/Documents/MCUXpresso_11.1.1_3241/workspace/lpc_chip_175x_6x/Debug/liblpc_chip_175x_6x.a(ring_buffer.o)
 .text.RingBuffer_GetFree
                0x0000000000001fa2       0x1e /home/ankit/Documents/MCUXpresso_11.1.1_3241/workspace/lpc_chip_175x_6x/Debug/liblpc_chip_175x_6x.a(ring_buffer.o)
 .text.RingBuffer_IsFull
                0x0000000000001fc0       0x26 /home/ankit/Documents/MCUXpresso_11.1.1_3241/workspace/lpc_chip_175x_6x/Debug/liblpc_chip_175x_6x.a(ring_buffer.o)
 .text.RingBuffer_IsEmpty
                0x0000000000001fe6       0x28 /home/ankit/Documents/MCUXpresso_11.1.1_3241/workspace/lpc_chip_175x_6x/Debug/liblpc_chip_175x_6x.a(ring_buffer.o)
 .text.RingBuffer_Init
                0x000000000000200e       0x3a /home/ankit/Documents/MCUXpresso_11.1.1_3241/workspace/lpc_chip_175x_6x/Debug/liblpc_chip_175x_6x.a(ring_buffer.o)
                0x000000000000200e                RingBuffer_Init
 .text.RingBuffer_Insert
                0x0000000000002048       0x5c /home/ankit/Documents/MCUXpresso_11.1.1_3241/workspace/lpc_chip_175x_6x/Debug/liblpc_chip_175x_6x.a(ring_buffer.o)
                0x0000000000002048                RingBuffer_Insert
 .text.RingBuffer_InsertMult
                0x00000000000020a4      0x122 /home/ankit/Documents/MCUXpresso_11.1.1_3241/workspace/lpc_chip_175x_6x/Debug/liblpc_chip_175x_6x.a(ring_buffer.o)
                0x00000000000020a4                RingBuffer_InsertMult
 .text.RingBuffer_Pop
                0x00000000000021c6       0x5c /home/ankit/Documents/MCUXpresso_11.1.1_3241/workspace/lpc_chip_175x_6x/Debug/liblpc_chip_175x_6x.a(ring_buffer.o)
                0x00000000000021c6                RingBuffer_Pop
 .text.RingBuffer_PopMult
                0x0000000000002222      0x122 /home/ankit/Documents/MCUXpresso_11.1.1_3241/workspace/lpc_chip_175x_6x/Debug/liblpc_chip_175x_6x.a(ring_buffer.o)
                0x0000000000002222                RingBuffer_PopMult
 .text.Chip_Clock_IsMainPLLEnabled
                0x0000000000002344       0x24 /home/ankit/Documents/MCUXpresso_11.1.1_3241/workspace/lpc_chip_175x_6x/Debug/liblpc_chip_175x_6x.a(sysinit_17xx_40xx.o)
 .text.Chip_Clock_IsMainPLLLocked
                0x0000000000002368       0x24 /home/ankit/Documents/MCUXpresso_11.1.1_3241/workspace/lpc_chip_175x_6x/Debug/liblpc_chip_175x_6x.a(sysinit_17xx_40xx.o)
 .text.Chip_Clock_IsMainPLLConnected
                0x000000000000238c       0x24 /home/ankit/Documents/MCUXpresso_11.1.1_3241/workspace/lpc_chip_175x_6x/Debug/liblpc_chip_175x_6x.a(sysinit_17xx_40xx.o)
 .text.Chip_Clock_EnableCrystal
                0x00000000000023b0       0x20 /home/ankit/Documents/MCUXpresso_11.1.1_3241/workspace/lpc_chip_175x_6x/Debug/liblpc_chip_175x_6x.a(sysinit_17xx_40xx.o)
 .text.Chip_Clock_IsCrystalEnabled
                0x00000000000023d0       0x24 /home/ankit/Documents/MCUXpresso_11.1.1_3241/workspace/lpc_chip_175x_6x/Debug/liblpc_chip_175x_6x.a(sysinit_17xx_40xx.o)
 .text.Chip_Clock_SetMainPLLSource
                0x00000000000023f4       0x20 /home/ankit/Documents/MCUXpresso_11.1.1_3241/workspace/lpc_chip_175x_6x/Debug/liblpc_chip_175x_6x.a(sysinit_17xx_40xx.o)
 .text.Chip_SetupXtalClocking
                0x0000000000002414       0x90 /home/ankit/Documents/MCUXpresso_11.1.1_3241/workspace/lpc_chip_175x_6x/Debug/liblpc_chip_175x_6x.a(sysinit_17xx_40xx.o)
                0x0000000000002414                Chip_SetupXtalClocking
 .text.RingBuffer_IsEmpty
                0x00000000000024a4       0x28 /home/ankit/Documents/MCUXpresso_11.1.1_3241/workspace/lpc_chip_175x_6x/Debug/liblpc_chip_175x_6x.a(uart_17xx_40xx.o)
 .text.Chip_UART_SendByte
                0x00000000000024cc       0x1c /home/ankit/Documents/MCUXpresso_11.1.1_3241/workspace/lpc_chip_175x_6x/Debug/liblpc_chip_175x_6x.a(uart_17xx_40xx.o)
 .text.Chip_UART_ReadByte
                0x00000000000024e8       0x18 /home/ankit/Documents/MCUXpresso_11.1.1_3241/workspace/lpc_chip_175x_6x/Debug/liblpc_chip_175x_6x.a(uart_17xx_40xx.o)
 .text.Chip_UART_IntEnable
                0x0000000000002500       0x20 /home/ankit/Documents/MCUXpresso_11.1.1_3241/workspace/lpc_chip_175x_6x/Debug/liblpc_chip_175x_6x.a(uart_17xx_40xx.o)
 .text.Chip_UART_IntDisable
                0x0000000000002520       0x22 /home/ankit/Documents/MCUXpresso_11.1.1_3241/workspace/lpc_chip_175x_6x/Debug/liblpc_chip_175x_6x.a(uart_17xx_40xx.o)
 .text.Chip_UART_ReadIntIDReg
                0x0000000000002542       0x16 /home/ankit/Documents/MCUXpresso_11.1.1_3241/workspace/lpc_chip_175x_6x/Debug/liblpc_chip_175x_6x.a(uart_17xx_40xx.o)
 .text.Chip_UART_SetupFIFOS
                0x0000000000002558       0x1a /home/ankit/Documents/MCUXpresso_11.1.1_3241/workspace/lpc_chip_175x_6x/Debug/liblpc_chip_175x_6x.a(uart_17xx_40xx.o)
 .text.Chip_UART_ConfigData
                0x0000000000002572       0x1a /home/ankit/Documents/MCUXpresso_11.1.1_3241/workspace/lpc_chip_175x_6x/Debug/liblpc_chip_175x_6x.a(uart_17xx_40xx.o)
 .text.Chip_UART_EnableDivisorAccess
                0x000000000000258c       0x1e /home/ankit/Documents/MCUXpresso_11.1.1_3241/workspace/lpc_chip_175x_6x/Debug/liblpc_chip_175x_6x.a(uart_17xx_40xx.o)
 .text.Chip_UART_DisableDivisorAccess
                0x00000000000025aa       0x1e /home/ankit/Documents/MCUXpresso_11.1.1_3241/workspace/lpc_chip_175x_6x/Debug/liblpc_chip_175x_6x.a(uart_17xx_40xx.o)
 .text.Chip_UART_SetDivisorLatches
                0x00000000000025c8       0x26 /home/ankit/Documents/MCUXpresso_11.1.1_3241/workspace/lpc_chip_175x_6x/Debug/liblpc_chip_175x_6x.a(uart_17xx_40xx.o)
 .text.Chip_UART_ReadLineStatus
                0x00000000000025ee       0x16 /home/ankit/Documents/MCUXpresso_11.1.1_3241/workspace/lpc_chip_175x_6x/Debug/liblpc_chip_175x_6x.a(uart_17xx_40xx.o)
 .text.Chip_UART_SetAutoBaudReg
                0x0000000000002604       0x20 /home/ankit/Documents/MCUXpresso_11.1.1_3241/workspace/lpc_chip_175x_6x/Debug/liblpc_chip_175x_6x.a(uart_17xx_40xx.o)
 .text.Chip_UART_GetClockIndex
                0x0000000000002624       0x50 /home/ankit/Documents/MCUXpresso_11.1.1_3241/workspace/lpc_chip_175x_6x/Debug/liblpc_chip_175x_6x.a(uart_17xx_40xx.o)
 .text.Chip_UART_ABIntHandler
                0x0000000000002674       0x6c /home/ankit/Documents/MCUXpresso_11.1.1_3241/workspace/lpc_chip_175x_6x/Debug/liblpc_chip_175x_6x.a(uart_17xx_40xx.o)
 .text.Chip_UART_GetClkIndex
                0x00000000000026e0       0x50 /home/ankit/Documents/MCUXpresso_11.1.1_3241/workspace/lpc_chip_175x_6x/Debug/liblpc_chip_175x_6x.a(uart_17xx_40xx.o)
 .text.Chip_UART_Init
                0x0000000000002730       0x78 /home/ankit/Documents/MCUXpresso_11.1.1_3241/workspace/lpc_chip_175x_6x/Debug/liblpc_chip_175x_6x.a(uart_17xx_40xx.o)
                0x0000000000002730                Chip_UART_Init
 .text.Chip_UART_DeInit
                0x00000000000027a8       0x24 /home/ankit/Documents/MCUXpresso_11.1.1_3241/workspace/lpc_chip_175x_6x/Debug/liblpc_chip_175x_6x.a(uart_17xx_40xx.o)
                0x00000000000027a8                Chip_UART_DeInit
 .text.Chip_UART_TXEnable
                0x00000000000027cc       0x18 /home/ankit/Documents/MCUXpresso_11.1.1_3241/workspace/lpc_chip_175x_6x/Debug/liblpc_chip_175x_6x.a(uart_17xx_40xx.o)
                0x00000000000027cc                Chip_UART_TXEnable
 .text.Chip_UART_TXDisable
                0x00000000000027e4       0x18 /home/ankit/Documents/MCUXpresso_11.1.1_3241/workspace/lpc_chip_175x_6x/Debug/liblpc_chip_175x_6x.a(uart_17xx_40xx.o)
                0x00000000000027e4                Chip_UART_TXDisable
 .text.Chip_UART_SetBaud
                0x00000000000027fc       0x62 /home/ankit/Documents/MCUXpresso_11.1.1_3241/workspace/lpc_chip_175x_6x/Debug/liblpc_chip_175x_6x.a(uart_17xx_40xx.o)
                0x00000000000027fc                Chip_UART_SetBaud
 .text.Chip_UART_RXIntHandlerRB
                0x000000000000285e       0x3a /home/ankit/Documents/MCUXpresso_11.1.1_3241/workspace/lpc_chip_175x_6x/Debug/liblpc_chip_175x_6x.a(uart_17xx_40xx.o)
                0x000000000000285e                Chip_UART_RXIntHandlerRB
 .text.Chip_UART_TXIntHandlerRB
                0x0000000000002898       0x40 /home/ankit/Documents/MCUXpresso_11.1.1_3241/workspace/lpc_chip_175x_6x/Debug/liblpc_chip_175x_6x.a(uart_17xx_40xx.o)
                0x0000000000002898                Chip_UART_TXIntHandlerRB
 .text.Chip_UART_SendRB
                0x00000000000028d8       0x60 /home/ankit/Documents/MCUXpresso_11.1.1_3241/workspace/lpc_chip_175x_6x/Debug/liblpc_chip_175x_6x.a(uart_17xx_40xx.o)
                0x00000000000028d8                Chip_UART_SendRB
 .text.Chip_UART_ReadRB
                0x0000000000002938       0x22 /home/ankit/Documents/MCUXpresso_11.1.1_3241/workspace/lpc_chip_175x_6x/Debug/liblpc_chip_175x_6x.a(uart_17xx_40xx.o)
                0x0000000000002938                Chip_UART_ReadRB
 .text.Chip_UART_IRQRBHandler
                0x000000000000295a       0x4a /home/ankit/Documents/MCUXpresso_11.1.1_3241/workspace/lpc_chip_175x_6x/Debug/liblpc_chip_175x_6x.a(uart_17xx_40xx.o)
                0x000000000000295a                Chip_UART_IRQRBHandler
 .text.memcpy   0x00000000000029a4        0x4 /usr/local/mcuxpressoide-11.1.1_3241/ide/plugins/com.nxp.mcuxpresso.tools.linux_11.1.0.202001081728/tools/bin/../lib/gcc/arm-none-eabi/8.3.1/../../../../arm-none-eabi/lib/thumb/v7-m/nofp/libcr_c.a(memcpy.o)
                0x00000000000029a4                memcpy
 .text.memset   0x00000000000029a8        0x4 /usr/local/mcuxpressoide-11.1.1_3241/ide/plugins/com.nxp.mcuxpresso.tools.linux_11.1.0.202001081728/tools/bin/../lib/gcc/arm-none-eabi/8.3.1/../../../../arm-none-eabi/lib/thumb/v7-m/nofp/libcr_c.a(memset.o)
                0x00000000000029a8                memset
 .text.__weak_main
                0x00000000000029ac        0x4 /usr/local/mcuxpressoide-11.1.1_3241/ide/plugins/com.nxp.mcuxpresso.tools.linux_11.1.0.202001081728/tools/bin/../lib/gcc/arm-none-eabi/8.3.1/../../../../arm-none-eabi/lib/thumb/v7-m/nofp/libcr_c.a(__weak__main.o)
                0x00000000000029ac                __main
                0x00000000000029ac                __weak_main
 .text.malloc   0x00000000000029b0       0xc8 /usr/local/mcuxpressoide-11.1.1_3241/ide/plugins/com.nxp.mcuxpresso.tools.linux_11.1.0.202001081728/tools/bin/../lib/gcc/arm-none-eabi/8.3.1/../../../../arm-none-eabi/lib/thumb/v7-m/nofp/libcr_c.a(alloc.o)
                0x00000000000029b0                malloc
 .text.free     0x0000000000002a78       0x30 /usr/local/mcuxpressoide-11.1.1_3241/ide/plugins/com.nxp.mcuxpresso.tools.linux_11.1.0.202001081728/tools/bin/../lib/gcc/arm-none-eabi/8.3.1/../../../../arm-none-eabi/lib/thumb/v7-m/nofp/libcr_c.a(alloc.o)
                0x0000000000002a78                free
 .text._sbrk    0x0000000000002aa8       0x3c /usr/local/mcuxpressoide-11.1.1_3241/ide/plugins/com.nxp.mcuxpresso.tools.linux_11.1.0.202001081728/tools/bin/../lib/gcc/arm-none-eabi/8.3.1/../../../../arm-none-eabi/lib/thumb/v7-m/nofp/libcr_c.a(_cr_sbrk.o)
                0x0000000000002aa8                _sbrk
 .text.__check_heap_overflow
                0x0000000000002ae4       0x18 /usr/local/mcuxpressoide-11.1.1_3241/ide/plugins/com.nxp.mcuxpresso.tools.linux_11.1.0.202001081728/tools/bin/../lib/gcc/arm-none-eabi/8.3.1/../../../../arm-none-eabi/lib/thumb/v7-m/nofp/libcr_c.a(_cr_check_heap.o)
                0x0000000000002ae4                __check_heap_overflow
 .text.__aeabi_memcpy
                0x0000000000002afc       0x34 /usr/local/mcuxpressoide-11.1.1_3241/ide/plugins/com.nxp.mcuxpresso.tools.linux_11.1.0.202001081728/tools/bin/../lib/gcc/arm-none-eabi/8.3.1/thumb/v7-m/nofp/libcr_eabihelpers.a(memcpy.o)
                0x0000000000002afc                __aeabi_memcpy
                0x0000000000002b06                __aeabi_memcpy4
                0x0000000000002b06                __aeabi_memcpy8
 .text.__aeabi_memset_lowlevel
                0x0000000000002b30       0x32 /usr/local/mcuxpressoide-11.1.1_3241/ide/plugins/com.nxp.mcuxpresso.tools.linux_11.1.0.202001081728/tools/bin/../lib/gcc/arm-none-eabi/8.3.1/thumb/v7-m/nofp/libcr_eabihelpers.a(memcpy.o)
                0x0000000000002b30                __aeabi_lowlevel_memset
 *(.rodata .rodata.* .constdata .constdata.*)
 *fill*         0x0000000000002b62        0x2 ff
 .rodata.inst1  0x0000000000002b64        0xf ./src/Interface_LPC1769_SIM7600.o
                0x0000000000002b64                inst1
 *fill*         0x0000000000002b73        0x1 ff
 .rodata.inst2  0x0000000000002b74       0x1c ./src/Interface_LPC1769_SIM7600.o
                0x0000000000002b74                inst2
 .rodata.inst3  0x0000000000002b90       0x38 ./src/Interface_LPC1769_SIM7600.o
                0x0000000000002b90                inst3
 .rodata.inst4  0x0000000000002bc8       0x18 ./src/Interface_LPC1769_SIM7600.o
                0x0000000000002bc8                inst4
 .rodata.inst5  0x0000000000002be0        0xb ./src/Interface_LPC1769_SIM7600.o
                0x0000000000002be0                inst5
 *fill*         0x0000000000002beb        0x1 ff
 .rodata.inst6  0x0000000000002bec        0x6 ./src/Interface_LPC1769_SIM7600.o
                0x0000000000002bec                inst6
 *fill*         0x0000000000002bf2        0x2 ff
 .rodata.main.str1.4
                0x0000000000002bf4        0xd ./src/Interface_LPC1769_SIM7600.o
 *fill*         0x0000000000002c01        0x3 ff
 .rodata.vTaskStartScheduler.str1.4
                0x0000000000002c04        0x8 ./Third-Party/FreeRTOS/org/Source/tasks.o
                                          0x5 (size before relaxing)
 .rodata.OscRateIn
                0x0000000000002c0c        0x4 /home/ankit/Documents/MCUXpresso_11.1.1_3241/workspace/lpc_board_nxp_lpcxpresso_1769/Debug/liblpc_board_nxp_lpcxpresso_1769.a(board.o)
                0x0000000000002c0c                OscRateIn
 .rodata.RTCOscRateIn
                0x0000000000002c10        0x4 /home/ankit/Documents/MCUXpresso_11.1.1_3241/workspace/lpc_board_nxp_lpcxpresso_1769/Debug/liblpc_board_nxp_lpcxpresso_1769.a(board.o)
                0x0000000000002c10                RTCOscRateIn
 .rodata.pinmuxing
                0x0000000000002c14       0x64 /home/ankit/Documents/MCUXpresso_11.1.1_3241/workspace/lpc_board_nxp_lpcxpresso_1769/Debug/liblpc_board_nxp_lpcxpresso_1769.a(board_sysinit.o)
                0x0000000000002c78                . = ALIGN (0x4)

.glue_7         0x0000000000002c78        0x0
 .glue_7        0x0000000000002c78        0x0 linker stubs

.glue_7t        0x0000000000002c78        0x0
 .glue_7t       0x0000000000002c78        0x0 linker stubs

.vfp11_veneer   0x0000000000002c78        0x0
 .vfp11_veneer  0x0000000000002c78        0x0 linker stubs

.v4_bx          0x0000000000002c78        0x0
 .v4_bx         0x0000000000002c78        0x0 linker stubs

.iplt           0x0000000000002c78        0x0
 .iplt          0x0000000000002c78        0x0 ./src/Interface_LPC1769_SIM7600.o

.rel.dyn        0x0000000000002c78        0x0
 .rel.iplt      0x0000000000002c78        0x0 ./src/Interface_LPC1769_SIM7600.o

.ARM.extab
 *(.ARM.extab* .gnu.linkonce.armextab.*)

.ARM.exidx      0x0000000000002c78        0x0
                0x0000000000002c78                __exidx_start = .
 *(.ARM.exidx* .gnu.linkonce.armexidx.*)
                0x0000000000002c78                __exidx_end = .
                0x0000000000002c78                _etext = .

.data_RAM2      0x000000002007c000        0x0 load address 0x0000000000002c78
 FILL mask 0xff
                [!provide]                        PROVIDE (__start_data_RAM2 = .)
                [!provide]                        PROVIDE (__start_data_RamAHB32 = .)
 *(.ramfunc.$RAM2)
 *(.ramfunc.$RamAHB32)
 *(.data.$RAM2)
 *(.data.$RamAHB32)
 *(.data.$RAM2.*)
 *(.data.$RamAHB32.*)
                0x000000002007c000                . = ALIGN (0x4)
                [!provide]                        PROVIDE (__end_data_RAM2 = .)
                [!provide]                        PROVIDE (__end_data_RamAHB32 = .)

.uninit_RESERVED
                0x0000000010000000        0x0
                0x0000000010000000                _start_uninit_RESERVED = .
 *(.bss.$RESERVED*)
                0x0000000010000000                . = ALIGN (0x4)
                0x0000000010000000                _end_uninit_RESERVED = .

.data           0x0000000010000000        0x4 load address 0x0000000000002c78
 FILL mask 0xff
                0x0000000010000000                _data = .
                [!provide]                        PROVIDE (__start_data_RAM = .)
                [!provide]                        PROVIDE (__start_data_RamLoc32 = .)
 *(vtable)
 *(.ramfunc*)
 *(CodeQuickAccess)
 *(DataQuickAccess)
 *(RamFunction)
 *(.data*)
 .data.uxCriticalNesting
                0x0000000010000000        0x4 ./Third-Party/FreeRTOS/org/Source/portable/GCC/ARM_CM3/port.o
                0x0000000010000004                . = ALIGN (0x4)
                0x0000000010000004                _edata = .
                [!provide]                        PROVIDE (__end_data_RAM = .)
                [!provide]                        PROVIDE (__end_data_RamLoc32 = .)

.igot.plt       0x0000000010000004        0x0 load address 0x0000000000002c7c
 .igot.plt      0x0000000010000004        0x0 ./src/Interface_LPC1769_SIM7600.o

.bss_RAM2       0x000000002007c000        0x0
                [!provide]                        PROVIDE (__start_bss_RAM2 = .)
                [!provide]                        PROVIDE (__start_bss_RamAHB32 = .)
 *(.bss.$RAM2)
 *(.bss.$RamAHB32)
 *(.bss.$RAM2.*)
 *(.bss.$RamAHB32.*)
                0x000000002007c000                . = ALIGN ((. != 0x0)?0x4:0x1)
                [!provide]                        PROVIDE (__end_bss_RAM2 = .)
                [!provide]                        PROVIDE (__end_bss_RamAHB32 = .)

.bss            0x0000000010000004      0x230
                0x0000000010000004                _bss = .
                [!provide]                        PROVIDE (__start_bss_RAM = .)
                [!provide]                        PROVIDE (__start_bss_RamLoc32 = .)
 *(.bss*)
 .bss.key       0x0000000010000004        0x1 ./src/Interface_LPC1769_SIM7600.o
                0x0000000010000004                key
 *fill*         0x0000000010000005        0x3 
 .bss.bytes     0x0000000010000008        0x4 ./src/Interface_LPC1769_SIM7600.o
                0x0000000010000008                bytes
 .bss.txring    0x000000001000000c       0x14 ./src/Interface_LPC1769_SIM7600.o
 .bss.rxring    0x0000000010000020       0x14 ./src/Interface_LPC1769_SIM7600.o
 .bss.rxbuff    0x0000000010000034       0x20 ./src/Interface_LPC1769_SIM7600.o
 .bss.txbuff    0x0000000010000054       0x80 ./src/Interface_LPC1769_SIM7600.o
 .bss.ulTimerCountsForOneTick
                0x00000000100000d4        0x4 ./Third-Party/FreeRTOS/org/Source/portable/GCC/ARM_CM3/port.o
 .bss.xMaximumPossibleSuppressedTicks
                0x00000000100000d8        0x4 ./Third-Party/FreeRTOS/org/Source/portable/GCC/ARM_CM3/port.o
 .bss.ulStoppedTimerCompensation
                0x00000000100000dc        0x4 ./Third-Party/FreeRTOS/org/Source/portable/GCC/ARM_CM3/port.o
 .bss.pxCurrentTCB
                0x00000000100000e0        0x4 ./Third-Party/FreeRTOS/org/Source/tasks.o
                0x00000000100000e0                pxCurrentTCB
 .bss.pxReadyTasksLists
                0x00000000100000e4       0xa0 ./Third-Party/FreeRTOS/org/Source/tasks.o
 .bss.xDelayedTaskList1
                0x0000000010000184       0x14 ./Third-Party/FreeRTOS/org/Source/tasks.o
 .bss.xDelayedTaskList2
                0x0000000010000198       0x14 ./Third-Party/FreeRTOS/org/Source/tasks.o
 .bss.pxDelayedTaskList
                0x00000000100001ac        0x4 ./Third-Party/FreeRTOS/org/Source/tasks.o
 .bss.pxOverflowDelayedTaskList
                0x00000000100001b0        0x4 ./Third-Party/FreeRTOS/org/Source/tasks.o
 .bss.xPendingReadyList
                0x00000000100001b4       0x14 ./Third-Party/FreeRTOS/org/Source/tasks.o
 .bss.xTasksWaitingTermination
                0x00000000100001c8       0x14 ./Third-Party/FreeRTOS/org/Source/tasks.o
 .bss.uxDeletedTasksWaitingCleanUp
                0x00000000100001dc        0x4 ./Third-Party/FreeRTOS/org/Source/tasks.o
 .bss.xSuspendedTaskList
                0x00000000100001e0       0x14 ./Third-Party/FreeRTOS/org/Source/tasks.o
 .bss.uxCurrentNumberOfTasks
                0x00000000100001f4        0x4 ./Third-Party/FreeRTOS/org/Source/tasks.o
 .bss.xTickCount
                0x00000000100001f8        0x4 ./Third-Party/FreeRTOS/org/Source/tasks.o
 .bss.uxTopReadyPriority
                0x00000000100001fc        0x4 ./Third-Party/FreeRTOS/org/Source/tasks.o
 .bss.xSchedulerRunning
                0x0000000010000200        0x4 ./Third-Party/FreeRTOS/org/Source/tasks.o
 .bss.xPendedTicks
                0x0000000010000204        0x4 ./Third-Party/FreeRTOS/org/Source/tasks.o
 .bss.xYieldPending
                0x0000000010000208        0x4 ./Third-Party/FreeRTOS/org/Source/tasks.o
 .bss.xNumOfOverflows
                0x000000001000020c        0x4 ./Third-Party/FreeRTOS/org/Source/tasks.o
 .bss.uxTaskNumber
                0x0000000010000210        0x4 ./Third-Party/FreeRTOS/org/Source/tasks.o
 .bss.xNextTaskUnblockTime
                0x0000000010000214        0x4 ./Third-Party/FreeRTOS/org/Source/tasks.o
 .bss.xIdleTaskHandle
                0x0000000010000218        0x4 ./Third-Party/FreeRTOS/org/Source/tasks.o
 .bss.uxSchedulerSuspended
                0x000000001000021c        0x4 ./Third-Party/FreeRTOS/org/Source/tasks.o
 .bss.ABsyncSts
                0x0000000010000220        0x1 /home/ankit/Documents/MCUXpresso_11.1.1_3241/workspace/lpc_chip_175x_6x/Debug/liblpc_chip_175x_6x.a(uart_17xx_40xx.o)
 *fill*         0x0000000010000221        0x3 
 .bss.__end_of_heap
                0x0000000010000224        0x4 /usr/local/mcuxpressoide-11.1.1_3241/ide/plugins/com.nxp.mcuxpresso.tools.linux_11.1.0.202001081728/tools/bin/../lib/gcc/arm-none-eabi/8.3.1/../../../../arm-none-eabi/lib/thumb/v7-m/nofp/libcr_c.a(__init_alloc.o)
                0x0000000010000224                __end_of_heap
 .bss.__heaps   0x0000000010000228        0x4 /usr/local/mcuxpressoide-11.1.1_3241/ide/plugins/com.nxp.mcuxpresso.tools.linux_11.1.0.202001081728/tools/bin/../lib/gcc/arm-none-eabi/8.3.1/../../../../arm-none-eabi/lib/thumb/v7-m/nofp/libcr_c.a(__init_alloc.o)
                0x0000000010000228                __heaps
 .bss.errno     0x000000001000022c        0x4 /usr/local/mcuxpressoide-11.1.1_3241/ide/plugins/com.nxp.mcuxpresso.tools.linux_11.1.0.202001081728/tools/bin/../lib/gcc/arm-none-eabi/8.3.1/../../../../arm-none-eabi/lib/thumb/v7-m/nofp/libcr_c.a(errno.o)
                0x000000001000022c                errno
 *(COMMON)
 COMMON         0x0000000010000230        0x4 /home/ankit/Documents/MCUXpresso_11.1.1_3241/workspace/lpc_chip_175x_6x/Debug/liblpc_chip_175x_6x.a(chip_17xx_40xx.o)
                0x0000000010000230                SystemCoreClock
                0x0000000010000234                . = ALIGN (0x4)
                0x0000000010000234                _ebss = .
                [!provide]                        PROVIDE (__end_bss_RAM = .)
                [!provide]                        PROVIDE (__end_bss_RamLoc32 = .)
                [!provide]                        PROVIDE (end = .)

.noinit_RAM2    0x000000002007c000        0x0
                [!provide]                        PROVIDE (__start_noinit_RAM2 = .)
                [!provide]                        PROVIDE (__start_noinit_RamAHB32 = .)
 *(.noinit.$RAM2)
 *(.noinit.$RamAHB32)
 *(.noinit.$RAM2.*)
 *(.noinit.$RamAHB32.*)
                0x000000002007c000                . = ALIGN (0x4)
                [!provide]                        PROVIDE (__end_noinit_RAM2 = .)
                [!provide]                        PROVIDE (__end_noinit_RamAHB32 = .)

.noinit         0x0000000010000234        0x0
                0x0000000010000234                _noinit = .
                [!provide]                        PROVIDE (__start_noinit_RAM = .)
                [!provide]                        PROVIDE (__start_noinit_RamLoc32 = .)
 *(.noinit*)
                0x0000000010000234                . = ALIGN (0x4)
                0x0000000010000234                _end_noinit = .
                [!provide]                        PROVIDE (__end_noinit_RAM = .)
                [!provide]                        PROVIDE (__end_noinit_RamLoc32 = .)
                0x0000000010000234                PROVIDE (_pvHeapStart = DEFINED (__user_heap_base)?__user_heap_base:.)
                0x0000000010008000                PROVIDE (_vStackTop = DEFINED (__user_stack_top)?__user_stack_top:(__top_RamLoc32 - 0x0))
                0xffffffffefff74de                PROVIDE (__valid_user_code_checksum = (0x0 - ((((((_vStackTop + (ResetISR + 0x1)) + (NMI_Handler + 0x1)) + (HardFault_Handler + 0x1)) + (DEFINED (MemManage_Handler)?MemManage_Handler:0x0 + 0x1)) + (DEFINED (BusFault_Handler)?BusFault_Handler:0x0 + 0x1)) + (DEFINED (UsageFault_Handler)?UsageFault_Handler:0x0 + 0x1))))
                0x0000000000000000                _image_start = LOADADDR (.text)
                0x0000000000002c7c                _image_end = (LOADADDR (.data) + SIZEOF (.data))
                0x0000000000002c7c                _image_size = (_image_end - _image_start)
OUTPUT(Interface_LPC1769_SIM7600.axf elf32-littlearm)

.debug_info     0x0000000000000000     0x87b5
 .debug_info    0x0000000000000000      0xcd9 ./src/Interface_LPC1769_SIM7600.o
 .debug_info    0x0000000000000cd9      0x276 ./src/cr_startup_lpc175x_6x.o
 .debug_info    0x0000000000000f4f       0x40 ./src/crp.o
 .debug_info    0x0000000000000f8f      0x250 ./src/sysinit.o
 .debug_info    0x00000000000011df      0x282 ./Third-Party/FreeRTOS/org/Source/portable/MemMang/heap_3.o
 .debug_info    0x0000000000001461      0x610 ./Third-Party/FreeRTOS/org/Source/portable/GCC/ARM_CM3/port.o
 .debug_info    0x0000000000001a71      0x455 ./Third-Party/FreeRTOS/org/Source/list.o
 .debug_info    0x0000000000001ec6     0x1e4d ./Third-Party/FreeRTOS/org/Source/tasks.o
 .debug_info    0x0000000000003d13     0x1651 /home/ankit/Documents/MCUXpresso_11.1.1_3241/workspace/lpc_board_nxp_lpcxpresso_1769/Debug/liblpc_board_nxp_lpcxpresso_1769.a(board.o)
 .debug_info    0x0000000000005364      0x71d /home/ankit/Documents/MCUXpresso_11.1.1_3241/workspace/lpc_board_nxp_lpcxpresso_1769/Debug/liblpc_board_nxp_lpcxpresso_1769.a(board_sysinit.o)
 .debug_info    0x0000000000005a81      0x591 /home/ankit/Documents/MCUXpresso_11.1.1_3241/workspace/lpc_chip_175x_6x/Debug/liblpc_chip_175x_6x.a(chip_17xx_40xx.o)
 .debug_info    0x0000000000006012      0xc2a /home/ankit/Documents/MCUXpresso_11.1.1_3241/workspace/lpc_chip_175x_6x/Debug/liblpc_chip_175x_6x.a(clock_17xx_40xx.o)
 .debug_info    0x0000000000006c3c      0x347 /home/ankit/Documents/MCUXpresso_11.1.1_3241/workspace/lpc_chip_175x_6x/Debug/liblpc_chip_175x_6x.a(iocon_17xx_40xx.o)
 .debug_info    0x0000000000006f83      0x3a8 /home/ankit/Documents/MCUXpresso_11.1.1_3241/workspace/lpc_chip_175x_6x/Debug/liblpc_chip_175x_6x.a(ring_buffer.o)
 .debug_info    0x000000000000732b      0x4b0 /home/ankit/Documents/MCUXpresso_11.1.1_3241/workspace/lpc_chip_175x_6x/Debug/liblpc_chip_175x_6x.a(sysinit_17xx_40xx.o)
 .debug_info    0x00000000000077db      0xfda /home/ankit/Documents/MCUXpresso_11.1.1_3241/workspace/lpc_chip_175x_6x/Debug/liblpc_chip_175x_6x.a(uart_17xx_40xx.o)

.debug_abbrev   0x0000000000000000     0x1f7d
 .debug_abbrev  0x0000000000000000      0x2ed ./src/Interface_LPC1769_SIM7600.o
 .debug_abbrev  0x00000000000002ed      0x12a ./src/cr_startup_lpc175x_6x.o
 .debug_abbrev  0x0000000000000417       0x38 ./src/crp.o
 .debug_abbrev  0x000000000000044f       0xeb ./src/sysinit.o
 .debug_abbrev  0x000000000000053a      0x12b ./Third-Party/FreeRTOS/org/Source/portable/MemMang/heap_3.o
 .debug_abbrev  0x0000000000000665      0x29a ./Third-Party/FreeRTOS/org/Source/portable/GCC/ARM_CM3/port.o
 .debug_abbrev  0x00000000000008ff      0x136 ./Third-Party/FreeRTOS/org/Source/list.o
 .debug_abbrev  0x0000000000000a35      0x30b ./Third-Party/FreeRTOS/org/Source/tasks.o
 .debug_abbrev  0x0000000000000d40      0x3fb /home/ankit/Documents/MCUXpresso_11.1.1_3241/workspace/lpc_board_nxp_lpcxpresso_1769/Debug/liblpc_board_nxp_lpcxpresso_1769.a(board.o)
 .debug_abbrev  0x000000000000113b      0x1a2 /home/ankit/Documents/MCUXpresso_11.1.1_3241/workspace/lpc_board_nxp_lpcxpresso_1769/Debug/liblpc_board_nxp_lpcxpresso_1769.a(board_sysinit.o)
 .debug_abbrev  0x00000000000012dd      0x16d /home/ankit/Documents/MCUXpresso_11.1.1_3241/workspace/lpc_chip_175x_6x/Debug/liblpc_chip_175x_6x.a(chip_17xx_40xx.o)
 .debug_abbrev  0x000000000000144a      0x34d /home/ankit/Documents/MCUXpresso_11.1.1_3241/workspace/lpc_chip_175x_6x/Debug/liblpc_chip_175x_6x.a(clock_17xx_40xx.o)
 .debug_abbrev  0x0000000000001797      0x164 /home/ankit/Documents/MCUXpresso_11.1.1_3241/workspace/lpc_chip_175x_6x/Debug/liblpc_chip_175x_6x.a(iocon_17xx_40xx.o)
 .debug_abbrev  0x00000000000018fb      0x17e /home/ankit/Documents/MCUXpresso_11.1.1_3241/workspace/lpc_chip_175x_6x/Debug/liblpc_chip_175x_6x.a(ring_buffer.o)
 .debug_abbrev  0x0000000000001a79      0x1b0 /home/ankit/Documents/MCUXpresso_11.1.1_3241/workspace/lpc_chip_175x_6x/Debug/liblpc_chip_175x_6x.a(sysinit_17xx_40xx.o)
 .debug_abbrev  0x0000000000001c29      0x354 /home/ankit/Documents/MCUXpresso_11.1.1_3241/workspace/lpc_chip_175x_6x/Debug/liblpc_chip_175x_6x.a(uart_17xx_40xx.o)

.debug_aranges  0x0000000000000000      0x918
 .debug_aranges
                0x0000000000000000       0x70 ./src/Interface_LPC1769_SIM7600.o
 .debug_aranges
                0x0000000000000070       0x80 ./src/cr_startup_lpc175x_6x.o
 .debug_aranges
                0x00000000000000f0       0x18 ./src/crp.o
 .debug_aranges
                0x0000000000000108       0x20 ./src/sysinit.o
 .debug_aranges
                0x0000000000000128       0x28 ./Third-Party/FreeRTOS/org/Source/portable/MemMang/heap_3.o
 .debug_aranges
                0x0000000000000150       0x78 ./Third-Party/FreeRTOS/org/Source/portable/GCC/ARM_CM3/port.o
 .debug_aranges
                0x00000000000001c8       0x40 ./Third-Party/FreeRTOS/org/Source/list.o
 .debug_aranges
                0x0000000000000208      0x208 ./Third-Party/FreeRTOS/org/Source/tasks.o
 .debug_aranges
                0x0000000000000410      0x160 /home/ankit/Documents/MCUXpresso_11.1.1_3241/workspace/lpc_board_nxp_lpcxpresso_1769/Debug/liblpc_board_nxp_lpcxpresso_1769.a(board.o)
 .debug_aranges
                0x0000000000000570       0x38 /home/ankit/Documents/MCUXpresso_11.1.1_3241/workspace/lpc_board_nxp_lpcxpresso_1769/Debug/liblpc_board_nxp_lpcxpresso_1769.a(board_sysinit.o)
 .debug_aranges
                0x00000000000005a8       0x38 /home/ankit/Documents/MCUXpresso_11.1.1_3241/workspace/lpc_chip_175x_6x/Debug/liblpc_chip_175x_6x.a(chip_17xx_40xx.o)
 .debug_aranges
                0x00000000000005e0      0x120 /home/ankit/Documents/MCUXpresso_11.1.1_3241/workspace/lpc_chip_175x_6x/Debug/liblpc_chip_175x_6x.a(clock_17xx_40xx.o)
 .debug_aranges
                0x0000000000000700       0x30 /home/ankit/Documents/MCUXpresso_11.1.1_3241/workspace/lpc_chip_175x_6x/Debug/liblpc_chip_175x_6x.a(iocon_17xx_40xx.o)
 .debug_aranges
                0x0000000000000730       0x60 /home/ankit/Documents/MCUXpresso_11.1.1_3241/workspace/lpc_chip_175x_6x/Debug/liblpc_chip_175x_6x.a(ring_buffer.o)
 .debug_aranges
                0x0000000000000790       0x60 /home/ankit/Documents/MCUXpresso_11.1.1_3241/workspace/lpc_chip_175x_6x/Debug/liblpc_chip_175x_6x.a(sysinit_17xx_40xx.o)
 .debug_aranges
                0x00000000000007f0      0x128 /home/ankit/Documents/MCUXpresso_11.1.1_3241/workspace/lpc_chip_175x_6x/Debug/liblpc_chip_175x_6x.a(uart_17xx_40xx.o)

.debug_ranges   0x0000000000000000      0x810
 .debug_ranges  0x0000000000000000       0x60 ./src/Interface_LPC1769_SIM7600.o
 .debug_ranges  0x0000000000000060       0x70 ./src/cr_startup_lpc175x_6x.o
 .debug_ranges  0x00000000000000d0       0x10 ./src/sysinit.o
 .debug_ranges  0x00000000000000e0       0x18 ./Third-Party/FreeRTOS/org/Source/portable/MemMang/heap_3.o
 .debug_ranges  0x00000000000000f8       0x68 ./Third-Party/FreeRTOS/org/Source/portable/GCC/ARM_CM3/port.o
 .debug_ranges  0x0000000000000160       0x30 ./Third-Party/FreeRTOS/org/Source/list.o
 .debug_ranges  0x0000000000000190      0x1f8 ./Third-Party/FreeRTOS/org/Source/tasks.o
 .debug_ranges  0x0000000000000388      0x150 /home/ankit/Documents/MCUXpresso_11.1.1_3241/workspace/lpc_board_nxp_lpcxpresso_1769/Debug/liblpc_board_nxp_lpcxpresso_1769.a(board.o)
 .debug_ranges  0x00000000000004d8       0x28 /home/ankit/Documents/MCUXpresso_11.1.1_3241/workspace/lpc_board_nxp_lpcxpresso_1769/Debug/liblpc_board_nxp_lpcxpresso_1769.a(board_sysinit.o)
 .debug_ranges  0x0000000000000500       0x28 /home/ankit/Documents/MCUXpresso_11.1.1_3241/workspace/lpc_chip_175x_6x/Debug/liblpc_chip_175x_6x.a(chip_17xx_40xx.o)
 .debug_ranges  0x0000000000000528      0x110 /home/ankit/Documents/MCUXpresso_11.1.1_3241/workspace/lpc_chip_175x_6x/Debug/liblpc_chip_175x_6x.a(clock_17xx_40xx.o)
 .debug_ranges  0x0000000000000638       0x20 /home/ankit/Documents/MCUXpresso_11.1.1_3241/workspace/lpc_chip_175x_6x/Debug/liblpc_chip_175x_6x.a(iocon_17xx_40xx.o)
 .debug_ranges  0x0000000000000658       0x50 /home/ankit/Documents/MCUXpresso_11.1.1_3241/workspace/lpc_chip_175x_6x/Debug/liblpc_chip_175x_6x.a(ring_buffer.o)
 .debug_ranges  0x00000000000006a8       0x50 /home/ankit/Documents/MCUXpresso_11.1.1_3241/workspace/lpc_chip_175x_6x/Debug/liblpc_chip_175x_6x.a(sysinit_17xx_40xx.o)
 .debug_ranges  0x00000000000006f8      0x118 /home/ankit/Documents/MCUXpresso_11.1.1_3241/workspace/lpc_chip_175x_6x/Debug/liblpc_chip_175x_6x.a(uart_17xx_40xx.o)

.debug_macro    0x0000000000000000     0x6f5c
 .debug_macro   0x0000000000000000      0x2d2 ./src/Interface_LPC1769_SIM7600.o
 .debug_macro   0x00000000000002d2      0xaa2 ./src/Interface_LPC1769_SIM7600.o
 .debug_macro   0x0000000000000d74       0x10 ./src/Interface_LPC1769_SIM7600.o
 .debug_macro   0x0000000000000d84      0x12e ./src/Interface_LPC1769_SIM7600.o
 .debug_macro   0x0000000000000eb2       0x16 ./src/Interface_LPC1769_SIM7600.o
 .debug_macro   0x0000000000000ec8      0x5b3 ./src/Interface_LPC1769_SIM7600.o
 .debug_macro   0x000000000000147b       0x22 ./src/Interface_LPC1769_SIM7600.o
 .debug_macro   0x000000000000149d       0x74 ./src/Interface_LPC1769_SIM7600.o
 .debug_macro   0x0000000000001511       0x10 ./src/Interface_LPC1769_SIM7600.o
 .debug_macro   0x0000000000001521       0x2d ./src/Interface_LPC1769_SIM7600.o
 .debug_macro   0x000000000000154e       0x3a ./src/Interface_LPC1769_SIM7600.o
 .debug_macro   0x0000000000001588       0x2d ./src/Interface_LPC1769_SIM7600.o
 .debug_macro   0x00000000000015b5      0xbb1 ./src/Interface_LPC1769_SIM7600.o
 .debug_macro   0x0000000000002166      0x22c ./src/Interface_LPC1769_SIM7600.o
 .debug_macro   0x0000000000002392       0x42 ./src/Interface_LPC1769_SIM7600.o
 .debug_macro   0x00000000000023d4       0x52 ./src/Interface_LPC1769_SIM7600.o
 .debug_macro   0x0000000000002426       0x78 ./src/Interface_LPC1769_SIM7600.o
 .debug_macro   0x000000000000249e       0x82 ./src/Interface_LPC1769_SIM7600.o
 .debug_macro   0x0000000000002520      0x48c ./src/Interface_LPC1769_SIM7600.o
 .debug_macro   0x00000000000029ac       0x34 ./src/Interface_LPC1769_SIM7600.o
 .debug_macro   0x00000000000029e0      0x4c5 ./src/Interface_LPC1769_SIM7600.o
 .debug_macro   0x0000000000002ea5      0x1b7 ./src/Interface_LPC1769_SIM7600.o
 .debug_macro   0x000000000000305c       0x10 ./src/Interface_LPC1769_SIM7600.o
 .debug_macro   0x000000000000306c      0x21b ./src/Interface_LPC1769_SIM7600.o
 .debug_macro   0x0000000000003287      0x1b9 ./src/Interface_LPC1769_SIM7600.o
 .debug_macro   0x0000000000003440       0x40 ./src/Interface_LPC1769_SIM7600.o
 .debug_macro   0x0000000000003480       0x22 ./src/Interface_LPC1769_SIM7600.o
 .debug_macro   0x00000000000034a2      0x162 ./src/Interface_LPC1769_SIM7600.o
 .debug_macro   0x0000000000003604       0x94 ./src/Interface_LPC1769_SIM7600.o
 .debug_macro   0x0000000000003698       0xb8 ./src/Interface_LPC1769_SIM7600.o
 .debug_macro   0x0000000000003750       0x4c ./src/Interface_LPC1769_SIM7600.o
 .debug_macro   0x000000000000379c       0x16 ./src/Interface_LPC1769_SIM7600.o
 .debug_macro   0x00000000000037b2      0x328 ./src/Interface_LPC1769_SIM7600.o
 .debug_macro   0x0000000000003ada       0x49 ./src/Interface_LPC1769_SIM7600.o
 .debug_macro   0x0000000000003b23       0x16 ./src/Interface_LPC1769_SIM7600.o
 .debug_macro   0x0000000000003b39       0xca ./src/Interface_LPC1769_SIM7600.o
 .debug_macro   0x0000000000003c03       0x11 ./src/Interface_LPC1769_SIM7600.o
 .debug_macro   0x0000000000003c14       0x70 ./src/Interface_LPC1769_SIM7600.o
 .debug_macro   0x0000000000003c84       0x9a ./src/Interface_LPC1769_SIM7600.o
 .debug_macro   0x0000000000003d1e       0x20 ./src/Interface_LPC1769_SIM7600.o
 .debug_macro   0x0000000000003d3e       0x28 ./src/Interface_LPC1769_SIM7600.o
 .debug_macro   0x0000000000003d66       0xee ./src/Interface_LPC1769_SIM7600.o
 .debug_macro   0x0000000000003e54      0x15a ./src/Interface_LPC1769_SIM7600.o
 .debug_macro   0x0000000000003fae       0xdd ./src/Interface_LPC1769_SIM7600.o
 .debug_macro   0x000000000000408b       0x1c ./src/Interface_LPC1769_SIM7600.o
 .debug_macro   0x00000000000040a7       0x26 ./src/Interface_LPC1769_SIM7600.o
 .debug_macro   0x00000000000040cd      0x4fd ./src/Interface_LPC1769_SIM7600.o
 .debug_macro   0x00000000000045ca       0xb5 ./src/Interface_LPC1769_SIM7600.o
 .debug_macro   0x000000000000467f       0xaa ./src/Interface_LPC1769_SIM7600.o
 .debug_macro   0x0000000000004729       0x1d ./src/cr_startup_lpc175x_6x.o
 .debug_macro   0x0000000000004746       0x1a ./src/crp.o
 .debug_macro   0x0000000000004760       0x34 ./src/crp.o
 .debug_macro   0x0000000000004794      0x217 ./src/sysinit.o
 .debug_macro   0x00000000000049ab       0x7b ./src/sysinit.o
 .debug_macro   0x0000000000004a26       0x18 ./src/sysinit.o
 .debug_macro   0x0000000000004a3e      0x2b4 ./Third-Party/FreeRTOS/org/Source/portable/MemMang/heap_3.o
 .debug_macro   0x0000000000004cf2       0x28 ./Third-Party/FreeRTOS/org/Source/portable/MemMang/heap_3.o
 .debug_macro   0x0000000000004d1a      0x336 ./Third-Party/FreeRTOS/org/Source/portable/GCC/ARM_CM3/port.o
 .debug_macro   0x0000000000005050      0x299 ./Third-Party/FreeRTOS/org/Source/list.o
 .debug_macro   0x00000000000052e9      0x369 ./Third-Party/FreeRTOS/org/Source/tasks.o
 .debug_macro   0x0000000000005652       0x10 ./Third-Party/FreeRTOS/org/Source/tasks.o
 .debug_macro   0x0000000000005662      0x2a1 /home/ankit/Documents/MCUXpresso_11.1.1_3241/workspace/lpc_board_nxp_lpcxpresso_1769/Debug/liblpc_board_nxp_lpcxpresso_1769.a(board.o)
 .debug_macro   0x0000000000005903      0xa9c /home/ankit/Documents/MCUXpresso_11.1.1_3241/workspace/lpc_board_nxp_lpcxpresso_1769/Debug/liblpc_board_nxp_lpcxpresso_1769.a(board.o)
 .debug_macro   0x000000000000639f       0x12 /home/ankit/Documents/MCUXpresso_11.1.1_3241/workspace/lpc_board_nxp_lpcxpresso_1769/Debug/liblpc_board_nxp_lpcxpresso_1769.a(board.o)
 .debug_macro   0x00000000000063b1      0x217 /home/ankit/Documents/MCUXpresso_11.1.1_3241/workspace/lpc_board_nxp_lpcxpresso_1769/Debug/liblpc_board_nxp_lpcxpresso_1769.a(board_sysinit.o)
 .debug_macro   0x00000000000065c8      0x1cd /home/ankit/Documents/MCUXpresso_11.1.1_3241/workspace/lpc_chip_175x_6x/Debug/liblpc_chip_175x_6x.a(chip_17xx_40xx.o)
 .debug_macro   0x0000000000006795      0x1cd /home/ankit/Documents/MCUXpresso_11.1.1_3241/workspace/lpc_chip_175x_6x/Debug/liblpc_chip_175x_6x.a(clock_17xx_40xx.o)
 .debug_macro   0x0000000000006962      0x1cd /home/ankit/Documents/MCUXpresso_11.1.1_3241/workspace/lpc_chip_175x_6x/Debug/liblpc_chip_175x_6x.a(iocon_17xx_40xx.o)
 .debug_macro   0x0000000000006b2f       0x83 /home/ankit/Documents/MCUXpresso_11.1.1_3241/workspace/lpc_chip_175x_6x/Debug/liblpc_chip_175x_6x.a(ring_buffer.o)
 .debug_macro   0x0000000000006bb2       0x10 /home/ankit/Documents/MCUXpresso_11.1.1_3241/workspace/lpc_chip_175x_6x/Debug/liblpc_chip_175x_6x.a(ring_buffer.o)
 .debug_macro   0x0000000000006bc2      0x1cd /home/ankit/Documents/MCUXpresso_11.1.1_3241/workspace/lpc_chip_175x_6x/Debug/liblpc_chip_175x_6x.a(sysinit_17xx_40xx.o)
 .debug_macro   0x0000000000006d8f      0x1cd /home/ankit/Documents/MCUXpresso_11.1.1_3241/workspace/lpc_chip_175x_6x/Debug/liblpc_chip_175x_6x.a(uart_17xx_40xx.o)

.debug_line     0x0000000000000000     0x7b48
 .debug_line    0x0000000000000000      0x8c4 ./src/Interface_LPC1769_SIM7600.o
 .debug_line    0x00000000000008c4      0x160 ./src/cr_startup_lpc175x_6x.o
 .debug_line    0x0000000000000a24       0xb5 ./src/crp.o
 .debug_line    0x0000000000000ad9      0x51a ./src/sysinit.o
 .debug_line    0x0000000000000ff3      0x760 ./Third-Party/FreeRTOS/org/Source/portable/MemMang/heap_3.o
 .debug_line    0x0000000000001753      0x9e8 ./Third-Party/FreeRTOS/org/Source/portable/GCC/ARM_CM3/port.o
 .debug_line    0x000000000000213b      0x817 ./Third-Party/FreeRTOS/org/Source/list.o
 .debug_line    0x0000000000002952     0x1962 ./Third-Party/FreeRTOS/org/Source/tasks.o
 .debug_line    0x00000000000042b4      0xaaa /home/ankit/Documents/MCUXpresso_11.1.1_3241/workspace/lpc_board_nxp_lpcxpresso_1769/Debug/liblpc_board_nxp_lpcxpresso_1769.a(board.o)
 .debug_line    0x0000000000004d5e      0x573 /home/ankit/Documents/MCUXpresso_11.1.1_3241/workspace/lpc_board_nxp_lpcxpresso_1769/Debug/liblpc_board_nxp_lpcxpresso_1769.a(board_sysinit.o)
 .debug_line    0x00000000000052d1      0x523 /home/ankit/Documents/MCUXpresso_11.1.1_3241/workspace/lpc_chip_175x_6x/Debug/liblpc_chip_175x_6x.a(chip_17xx_40xx.o)
 .debug_line    0x00000000000057f4      0x98a /home/ankit/Documents/MCUXpresso_11.1.1_3241/workspace/lpc_chip_175x_6x/Debug/liblpc_chip_175x_6x.a(clock_17xx_40xx.o)
 .debug_line    0x000000000000617e      0x53f /home/ankit/Documents/MCUXpresso_11.1.1_3241/workspace/lpc_chip_175x_6x/Debug/liblpc_chip_175x_6x.a(iocon_17xx_40xx.o)
 .debug_line    0x00000000000066bd      0x42b /home/ankit/Documents/MCUXpresso_11.1.1_3241/workspace/lpc_chip_175x_6x/Debug/liblpc_chip_175x_6x.a(ring_buffer.o)
 .debug_line    0x0000000000006ae8      0x5fc /home/ankit/Documents/MCUXpresso_11.1.1_3241/workspace/lpc_chip_175x_6x/Debug/liblpc_chip_175x_6x.a(sysinit_17xx_40xx.o)
 .debug_line    0x00000000000070e4      0xa64 /home/ankit/Documents/MCUXpresso_11.1.1_3241/workspace/lpc_chip_175x_6x/Debug/liblpc_chip_175x_6x.a(uart_17xx_40xx.o)

.debug_str      0x0000000000000000    0x19fc1
 .debug_str     0x0000000000000000    0x157af ./src/Interface_LPC1769_SIM7600.o
                                      0x158fb (size before relaxing)
 .debug_str     0x00000000000157af      0x1ab ./src/cr_startup_lpc175x_6x.o
                                       0x2fc1 (size before relaxing)
 .debug_str     0x000000000001595a       0xe9 ./src/crp.o
                                       0x2ece (size before relaxing)
 .debug_str     0x0000000000015a43       0x51 ./src/sysinit.o
                                      0x113a3 (size before relaxing)
 .debug_str     0x0000000000015a94      0x120 ./Third-Party/FreeRTOS/org/Source/portable/MemMang/heap_3.o
                                      0x152af (size before relaxing)
 .debug_str     0x0000000000015bb4      0x79a ./Third-Party/FreeRTOS/org/Source/portable/GCC/ARM_CM3/port.o
                                      0x15b32 (size before relaxing)
 .debug_str     0x000000000001634e      0x134 ./Third-Party/FreeRTOS/org/Source/list.o
                                      0x14ce1 (size before relaxing)
 .debug_str     0x0000000000016482     0x1c8e ./Third-Party/FreeRTOS/org/Source/tasks.o
                                      0x172bb (size before relaxing)
 .debug_str     0x0000000000018110      0xdac /home/ankit/Documents/MCUXpresso_11.1.1_3241/workspace/lpc_board_nxp_lpcxpresso_1769/Debug/liblpc_board_nxp_lpcxpresso_1769.a(board.o)
                                      0x122af (size before relaxing)
 .debug_str     0x0000000000018ebc      0x22d /home/ankit/Documents/MCUXpresso_11.1.1_3241/workspace/lpc_board_nxp_lpcxpresso_1769/Debug/liblpc_board_nxp_lpcxpresso_1769.a(board_sysinit.o)
                                      0x11795 (size before relaxing)
 .debug_str     0x00000000000190e9       0xc1 /home/ankit/Documents/MCUXpresso_11.1.1_3241/workspace/lpc_chip_175x_6x/Debug/liblpc_chip_175x_6x.a(chip_17xx_40xx.o)
                                      0x113e5 (size before relaxing)
 .debug_str     0x00000000000191aa      0x857 /home/ankit/Documents/MCUXpresso_11.1.1_3241/workspace/lpc_chip_175x_6x/Debug/liblpc_chip_175x_6x.a(clock_17xx_40xx.o)
                                      0x11a63 (size before relaxing)
 .debug_str     0x0000000000019a01       0x79 /home/ankit/Documents/MCUXpresso_11.1.1_3241/workspace/lpc_chip_175x_6x/Debug/liblpc_chip_175x_6x.a(iocon_17xx_40xx.o)
                                      0x10ee0 (size before relaxing)
 .debug_str     0x0000000000019a7a      0x138 /home/ankit/Documents/MCUXpresso_11.1.1_3241/workspace/lpc_chip_175x_6x/Debug/liblpc_chip_175x_6x.a(ring_buffer.o)
                                       0x48cc (size before relaxing)
 .debug_str     0x0000000000019bb2       0xc4 /home/ankit/Documents/MCUXpresso_11.1.1_3241/workspace/lpc_chip_175x_6x/Debug/liblpc_chip_175x_6x.a(sysinit_17xx_40xx.o)
                                      0x110c8 (size before relaxing)
 .debug_str     0x0000000000019c76      0x34b /home/ankit/Documents/MCUXpresso_11.1.1_3241/workspace/lpc_chip_175x_6x/Debug/liblpc_chip_175x_6x.a(uart_17xx_40xx.o)
                                      0x11938 (size before relaxing)

.comment        0x0000000000000000       0x76
 .comment       0x0000000000000000       0x76 ./src/Interface_LPC1769_SIM7600.o
                                         0x77 (size before relaxing)
 .comment       0x0000000000000076       0x77 ./src/cr_startup_lpc175x_6x.o
 .comment       0x0000000000000076       0x77 ./src/crp.o
 .comment       0x0000000000000076       0x77 ./src/sysinit.o
 .comment       0x0000000000000076       0x77 ./Third-Party/FreeRTOS/org/Source/portable/MemMang/heap_3.o
 .comment       0x0000000000000076       0x77 ./Third-Party/FreeRTOS/org/Source/portable/GCC/ARM_CM3/port.o
 .comment       0x0000000000000076       0x77 ./Third-Party/FreeRTOS/org/Source/list.o
 .comment       0x0000000000000076       0x77 ./Third-Party/FreeRTOS/org/Source/tasks.o
 .comment       0x0000000000000076       0x77 /home/ankit/Documents/MCUXpresso_11.1.1_3241/workspace/lpc_board_nxp_lpcxpresso_1769/Debug/liblpc_board_nxp_lpcxpresso_1769.a(board.o)
 .comment       0x0000000000000076       0x77 /home/ankit/Documents/MCUXpresso_11.1.1_3241/workspace/lpc_board_nxp_lpcxpresso_1769/Debug/liblpc_board_nxp_lpcxpresso_1769.a(board_sysinit.o)
 .comment       0x0000000000000076       0x77 /home/ankit/Documents/MCUXpresso_11.1.1_3241/workspace/lpc_chip_175x_6x/Debug/liblpc_chip_175x_6x.a(chip_17xx_40xx.o)
 .comment       0x0000000000000076       0x77 /home/ankit/Documents/MCUXpresso_11.1.1_3241/workspace/lpc_chip_175x_6x/Debug/liblpc_chip_175x_6x.a(clock_17xx_40xx.o)
 .comment       0x0000000000000076       0x77 /home/ankit/Documents/MCUXpresso_11.1.1_3241/workspace/lpc_chip_175x_6x/Debug/liblpc_chip_175x_6x.a(iocon_17xx_40xx.o)
 .comment       0x0000000000000076       0x77 /home/ankit/Documents/MCUXpresso_11.1.1_3241/workspace/lpc_chip_175x_6x/Debug/liblpc_chip_175x_6x.a(ring_buffer.o)
 .comment       0x0000000000000076       0x77 /home/ankit/Documents/MCUXpresso_11.1.1_3241/workspace/lpc_chip_175x_6x/Debug/liblpc_chip_175x_6x.a(sysinit_17xx_40xx.o)
 .comment       0x0000000000000076       0x77 /home/ankit/Documents/MCUXpresso_11.1.1_3241/workspace/lpc_chip_175x_6x/Debug/liblpc_chip_175x_6x.a(uart_17xx_40xx.o)
 .comment       0x0000000000000076       0x77 /usr/local/mcuxpressoide-11.1.1_3241/ide/plugins/com.nxp.mcuxpresso.tools.linux_11.1.0.202001081728/tools/bin/../lib/gcc/arm-none-eabi/8.3.1/../../../../arm-none-eabi/lib/thumb/v7-m/nofp/libcr_c.a(memcpy.o)
 .comment       0x0000000000000076       0x77 /usr/local/mcuxpressoide-11.1.1_3241/ide/plugins/com.nxp.mcuxpresso.tools.linux_11.1.0.202001081728/tools/bin/../lib/gcc/arm-none-eabi/8.3.1/../../../../arm-none-eabi/lib/thumb/v7-m/nofp/libcr_c.a(memset.o)
 .comment       0x0000000000000076       0x77 /usr/local/mcuxpressoide-11.1.1_3241/ide/plugins/com.nxp.mcuxpresso.tools.linux_11.1.0.202001081728/tools/bin/../lib/gcc/arm-none-eabi/8.3.1/../../../../arm-none-eabi/lib/thumb/v7-m/nofp/libcr_c.a(__weak__main.o)
 .comment       0x0000000000000076       0x77 /usr/local/mcuxpressoide-11.1.1_3241/ide/plugins/com.nxp.mcuxpresso.tools.linux_11.1.0.202001081728/tools/bin/../lib/gcc/arm-none-eabi/8.3.1/../../../../arm-none-eabi/lib/thumb/v7-m/nofp/libcr_c.a(alloc.o)
 .comment       0x0000000000000076       0x77 /usr/local/mcuxpressoide-11.1.1_3241/ide/plugins/com.nxp.mcuxpresso.tools.linux_11.1.0.202001081728/tools/bin/../lib/gcc/arm-none-eabi/8.3.1/../../../../arm-none-eabi/lib/thumb/v7-m/nofp/libcr_c.a(__init_alloc.o)
 .comment       0x0000000000000076       0x77 /usr/local/mcuxpressoide-11.1.1_3241/ide/plugins/com.nxp.mcuxpresso.tools.linux_11.1.0.202001081728/tools/bin/../lib/gcc/arm-none-eabi/8.3.1/../../../../arm-none-eabi/lib/thumb/v7-m/nofp/libcr_c.a(_cr_sbrk.o)
 .comment       0x0000000000000076       0x77 /usr/local/mcuxpressoide-11.1.1_3241/ide/plugins/com.nxp.mcuxpresso.tools.linux_11.1.0.202001081728/tools/bin/../lib/gcc/arm-none-eabi/8.3.1/../../../../arm-none-eabi/lib/thumb/v7-m/nofp/libcr_c.a(errno.o)
 .comment       0x0000000000000076       0x77 /usr/local/mcuxpressoide-11.1.1_3241/ide/plugins/com.nxp.mcuxpresso.tools.linux_11.1.0.202001081728/tools/bin/../lib/gcc/arm-none-eabi/8.3.1/../../../../arm-none-eabi/lib/thumb/v7-m/nofp/libcr_c.a(_cr_check_heap.o)

.ARM.attributes
                0x0000000000000000       0x2b
 .ARM.attributes
                0x0000000000000000       0x2d ./src/Interface_LPC1769_SIM7600.o
 .ARM.attributes
                0x000000000000002d       0x2d ./src/cr_startup_lpc175x_6x.o
 .ARM.attributes
                0x000000000000005a       0x33 ./src/crp.o
 .ARM.attributes
                0x000000000000008d       0x2d ./src/sysinit.o
 .ARM.attributes
                0x00000000000000ba       0x2d ./Third-Party/FreeRTOS/org/Source/portable/MemMang/heap_3.o
 .ARM.attributes
                0x00000000000000e7       0x2d ./Third-Party/FreeRTOS/org/Source/portable/GCC/ARM_CM3/port.o
 .ARM.attributes
                0x0000000000000114       0x2d ./Third-Party/FreeRTOS/org/Source/list.o
 .ARM.attributes
                0x0000000000000141       0x2d ./Third-Party/FreeRTOS/org/Source/tasks.o
 .ARM.attributes
                0x000000000000016e       0x2d /home/ankit/Documents/MCUXpresso_11.1.1_3241/workspace/lpc_board_nxp_lpcxpresso_1769/Debug/liblpc_board_nxp_lpcxpresso_1769.a(board.o)
 .ARM.attributes
                0x000000000000019b       0x2d /home/ankit/Documents/MCUXpresso_11.1.1_3241/workspace/lpc_board_nxp_lpcxpresso_1769/Debug/liblpc_board_nxp_lpcxpresso_1769.a(board_sysinit.o)
 .ARM.attributes
                0x00000000000001c8       0x2d /home/ankit/Documents/MCUXpresso_11.1.1_3241/workspace/lpc_chip_175x_6x/Debug/liblpc_chip_175x_6x.a(chip_17xx_40xx.o)
 .ARM.attributes
                0x00000000000001f5       0x2d /home/ankit/Documents/MCUXpresso_11.1.1_3241/workspace/lpc_chip_175x_6x/Debug/liblpc_chip_175x_6x.a(clock_17xx_40xx.o)
 .ARM.attributes
                0x0000000000000222       0x2d /home/ankit/Documents/MCUXpresso_11.1.1_3241/workspace/lpc_chip_175x_6x/Debug/liblpc_chip_175x_6x.a(iocon_17xx_40xx.o)
 .ARM.attributes
                0x000000000000024f       0x2d /home/ankit/Documents/MCUXpresso_11.1.1_3241/workspace/lpc_chip_175x_6x/Debug/liblpc_chip_175x_6x.a(ring_buffer.o)
 .ARM.attributes
                0x000000000000027c       0x2d /home/ankit/Documents/MCUXpresso_11.1.1_3241/workspace/lpc_chip_175x_6x/Debug/liblpc_chip_175x_6x.a(sysinit_17xx_40xx.o)
 .ARM.attributes
                0x00000000000002a9       0x2d /home/ankit/Documents/MCUXpresso_11.1.1_3241/workspace/lpc_chip_175x_6x/Debug/liblpc_chip_175x_6x.a(uart_17xx_40xx.o)
 .ARM.attributes
                0x00000000000002d6       0x2d /usr/local/mcuxpressoide-11.1.1_3241/ide/plugins/com.nxp.mcuxpresso.tools.linux_11.1.0.202001081728/tools/bin/../lib/gcc/arm-none-eabi/8.3.1/../../../../arm-none-eabi/lib/thumb/v7-m/nofp/libcr_c.a(memcpy.o)
 .ARM.attributes
                0x0000000000000303       0x2d /usr/local/mcuxpressoide-11.1.1_3241/ide/plugins/com.nxp.mcuxpresso.tools.linux_11.1.0.202001081728/tools/bin/../lib/gcc/arm-none-eabi/8.3.1/../../../../arm-none-eabi/lib/thumb/v7-m/nofp/libcr_c.a(memset.o)
 .ARM.attributes
                0x0000000000000330       0x2d /usr/local/mcuxpressoide-11.1.1_3241/ide/plugins/com.nxp.mcuxpresso.tools.linux_11.1.0.202001081728/tools/bin/../lib/gcc/arm-none-eabi/8.3.1/../../../../arm-none-eabi/lib/thumb/v7-m/nofp/libcr_c.a(__weak__main.o)
 .ARM.attributes
                0x000000000000035d       0x2d /usr/local/mcuxpressoide-11.1.1_3241/ide/plugins/com.nxp.mcuxpresso.tools.linux_11.1.0.202001081728/tools/bin/../lib/gcc/arm-none-eabi/8.3.1/../../../../arm-none-eabi/lib/thumb/v7-m/nofp/libcr_c.a(alloc.o)
 .ARM.attributes
                0x000000000000038a       0x2d /usr/local/mcuxpressoide-11.1.1_3241/ide/plugins/com.nxp.mcuxpresso.tools.linux_11.1.0.202001081728/tools/bin/../lib/gcc/arm-none-eabi/8.3.1/../../../../arm-none-eabi/lib/thumb/v7-m/nofp/libcr_c.a(__init_alloc.o)
 .ARM.attributes
                0x00000000000003b7       0x2d /usr/local/mcuxpressoide-11.1.1_3241/ide/plugins/com.nxp.mcuxpresso.tools.linux_11.1.0.202001081728/tools/bin/../lib/gcc/arm-none-eabi/8.3.1/../../../../arm-none-eabi/lib/thumb/v7-m/nofp/libcr_c.a(_cr_sbrk.o)
 .ARM.attributes
                0x00000000000003e4       0x33 /usr/local/mcuxpressoide-11.1.1_3241/ide/plugins/com.nxp.mcuxpresso.tools.linux_11.1.0.202001081728/tools/bin/../lib/gcc/arm-none-eabi/8.3.1/../../../../arm-none-eabi/lib/thumb/v7-m/nofp/libcr_c.a(errno.o)
 .ARM.attributes
                0x0000000000000417       0x2d /usr/local/mcuxpressoide-11.1.1_3241/ide/plugins/com.nxp.mcuxpresso.tools.linux_11.1.0.202001081728/tools/bin/../lib/gcc/arm-none-eabi/8.3.1/../../../../arm-none-eabi/lib/thumb/v7-m/nofp/libcr_c.a(_cr_check_heap.o)
 .ARM.attributes
                0x0000000000000444       0x1b /usr/local/mcuxpressoide-11.1.1_3241/ide/plugins/com.nxp.mcuxpresso.tools.linux_11.1.0.202001081728/tools/bin/../lib/gcc/arm-none-eabi/8.3.1/thumb/v7-m/nofp/libcr_eabihelpers.a(memcpy.o)

.debug_frame    0x0000000000000000     0x229c
 .debug_frame   0x0000000000000000      0x198 ./src/Interface_LPC1769_SIM7600.o
 .debug_frame   0x0000000000000198      0x170 ./src/cr_startup_lpc175x_6x.o
 .debug_frame   0x0000000000000308       0x34 ./src/sysinit.o
 .debug_frame   0x000000000000033c       0x58 ./Third-Party/FreeRTOS/org/Source/portable/MemMang/heap_3.o
 .debug_frame   0x0000000000000394      0x184 ./Third-Party/FreeRTOS/org/Source/portable/GCC/ARM_CM3/port.o
 .debug_frame   0x0000000000000518       0xd8 ./Third-Party/FreeRTOS/org/Source/list.o
 .debug_frame   0x00000000000005f0      0x8f4 ./Third-Party/FreeRTOS/org/Source/tasks.o
 .debug_frame   0x0000000000000ee4      0x5d4 /home/ankit/Documents/MCUXpresso_11.1.1_3241/workspace/lpc_board_nxp_lpcxpresso_1769/Debug/liblpc_board_nxp_lpcxpresso_1769.a(board.o)
 .debug_frame   0x00000000000014b8       0x8c /home/ankit/Documents/MCUXpresso_11.1.1_3241/workspace/lpc_board_nxp_lpcxpresso_1769/Debug/liblpc_board_nxp_lpcxpresso_1769.a(board_sysinit.o)
 .debug_frame   0x0000000000001544       0x88 /home/ankit/Documents/MCUXpresso_11.1.1_3241/workspace/lpc_chip_175x_6x/Debug/liblpc_chip_175x_6x.a(chip_17xx_40xx.o)
 .debug_frame   0x00000000000015cc      0x490 /home/ankit/Documents/MCUXpresso_11.1.1_3241/workspace/lpc_chip_175x_6x/Debug/liblpc_chip_175x_6x.a(clock_17xx_40xx.o)
 .debug_frame   0x0000000000001a5c       0x80 /home/ankit/Documents/MCUXpresso_11.1.1_3241/workspace/lpc_chip_175x_6x/Debug/liblpc_chip_175x_6x.a(iocon_17xx_40xx.o)
 .debug_frame   0x0000000000001adc      0x164 /home/ankit/Documents/MCUXpresso_11.1.1_3241/workspace/lpc_chip_175x_6x/Debug/liblpc_chip_175x_6x.a(ring_buffer.o)
 .debug_frame   0x0000000000001c40      0x12c /home/ankit/Documents/MCUXpresso_11.1.1_3241/workspace/lpc_chip_175x_6x/Debug/liblpc_chip_175x_6x.a(sysinit_17xx_40xx.o)
 .debug_frame   0x0000000000001d6c      0x530 /home/ankit/Documents/MCUXpresso_11.1.1_3241/workspace/lpc_chip_175x_6x/Debug/liblpc_chip_175x_6x.a(uart_17xx_40xx.o)

Cross Reference Table

Symbol                                            File
ADC_IRQHandler                                    ./src/cr_startup_lpc175x_6x.o
BOD_IRQHandler                                    ./src/cr_startup_lpc175x_6x.o
Board_Audio_Init                                  /home/ankit/Documents/MCUXpresso_11.1.1_3241/workspace/lpc_board_nxp_lpcxpresso_1769/Debug/liblpc_board_nxp_lpcxpresso_1769.a(board.o)
Board_Buttons_Init                                /home/ankit/Documents/MCUXpresso_11.1.1_3241/workspace/lpc_board_nxp_lpcxpresso_1769/Debug/liblpc_board_nxp_lpcxpresso_1769.a(board.o)
                                                  ./src/Interface_LPC1769_SIM7600.o
Board_Debug_Init                                  /home/ankit/Documents/MCUXpresso_11.1.1_3241/workspace/lpc_board_nxp_lpcxpresso_1769/Debug/liblpc_board_nxp_lpcxpresso_1769.a(board.o)
                                                  ./src/Interface_LPC1769_SIM7600.o
Board_ENET_GetMacADDR                             /home/ankit/Documents/MCUXpresso_11.1.1_3241/workspace/lpc_board_nxp_lpcxpresso_1769/Debug/liblpc_board_nxp_lpcxpresso_1769.a(board.o)
Board_I2C_Init                                    /home/ankit/Documents/MCUXpresso_11.1.1_3241/workspace/lpc_board_nxp_lpcxpresso_1769/Debug/liblpc_board_nxp_lpcxpresso_1769.a(board.o)
Board_Init                                        /home/ankit/Documents/MCUXpresso_11.1.1_3241/workspace/lpc_board_nxp_lpcxpresso_1769/Debug/liblpc_board_nxp_lpcxpresso_1769.a(board.o)
                                                  ./src/Interface_LPC1769_SIM7600.o
Board_Joystick_Init                               /home/ankit/Documents/MCUXpresso_11.1.1_3241/workspace/lpc_board_nxp_lpcxpresso_1769/Debug/liblpc_board_nxp_lpcxpresso_1769.a(board.o)
Board_LED_Init                                    /home/ankit/Documents/MCUXpresso_11.1.1_3241/workspace/lpc_board_nxp_lpcxpresso_1769/Debug/liblpc_board_nxp_lpcxpresso_1769.a(board.o)
                                                  ./src/Interface_LPC1769_SIM7600.o
Board_LED_Set                                     /home/ankit/Documents/MCUXpresso_11.1.1_3241/workspace/lpc_board_nxp_lpcxpresso_1769/Debug/liblpc_board_nxp_lpcxpresso_1769.a(board.o)
                                                  ./src/Interface_LPC1769_SIM7600.o
Board_LED_Test                                    /home/ankit/Documents/MCUXpresso_11.1.1_3241/workspace/lpc_board_nxp_lpcxpresso_1769/Debug/liblpc_board_nxp_lpcxpresso_1769.a(board.o)
Board_LED_Toggle                                  /home/ankit/Documents/MCUXpresso_11.1.1_3241/workspace/lpc_board_nxp_lpcxpresso_1769/Debug/liblpc_board_nxp_lpcxpresso_1769.a(board.o)
                                                  ./src/Interface_LPC1769_SIM7600.o
Board_SPI_AssertSSEL                              /home/ankit/Documents/MCUXpresso_11.1.1_3241/workspace/lpc_board_nxp_lpcxpresso_1769/Debug/liblpc_board_nxp_lpcxpresso_1769.a(board.o)
Board_SPI_DeassertSSEL                            /home/ankit/Documents/MCUXpresso_11.1.1_3241/workspace/lpc_board_nxp_lpcxpresso_1769/Debug/liblpc_board_nxp_lpcxpresso_1769.a(board.o)
Board_SPI_Init                                    /home/ankit/Documents/MCUXpresso_11.1.1_3241/workspace/lpc_board_nxp_lpcxpresso_1769/Debug/liblpc_board_nxp_lpcxpresso_1769.a(board.o)
Board_SSP_Init                                    /home/ankit/Documents/MCUXpresso_11.1.1_3241/workspace/lpc_board_nxp_lpcxpresso_1769/Debug/liblpc_board_nxp_lpcxpresso_1769.a(board.o)
Board_SetupClocking                               /home/ankit/Documents/MCUXpresso_11.1.1_3241/workspace/lpc_board_nxp_lpcxpresso_1769/Debug/liblpc_board_nxp_lpcxpresso_1769.a(board_sysinit.o)
Board_SetupMuxing                                 /home/ankit/Documents/MCUXpresso_11.1.1_3241/workspace/lpc_board_nxp_lpcxpresso_1769/Debug/liblpc_board_nxp_lpcxpresso_1769.a(board_sysinit.o)
Board_SystemInit                                  /home/ankit/Documents/MCUXpresso_11.1.1_3241/workspace/lpc_board_nxp_lpcxpresso_1769/Debug/liblpc_board_nxp_lpcxpresso_1769.a(board_sysinit.o)
                                                  ./src/sysinit.o
                                                  ./src/Interface_LPC1769_SIM7600.o
Board_UARTGetChar                                 /home/ankit/Documents/MCUXpresso_11.1.1_3241/workspace/lpc_board_nxp_lpcxpresso_1769/Debug/liblpc_board_nxp_lpcxpresso_1769.a(board.o)
Board_UARTPutChar                                 /home/ankit/Documents/MCUXpresso_11.1.1_3241/workspace/lpc_board_nxp_lpcxpresso_1769/Debug/liblpc_board_nxp_lpcxpresso_1769.a(board.o)
Board_UARTPutSTR                                  /home/ankit/Documents/MCUXpresso_11.1.1_3241/workspace/lpc_board_nxp_lpcxpresso_1769/Debug/liblpc_board_nxp_lpcxpresso_1769.a(board.o)
Board_UART_Init                                   /home/ankit/Documents/MCUXpresso_11.1.1_3241/workspace/lpc_board_nxp_lpcxpresso_1769/Debug/liblpc_board_nxp_lpcxpresso_1769.a(board.o)
Board_USBD_Init                                   /home/ankit/Documents/MCUXpresso_11.1.1_3241/workspace/lpc_board_nxp_lpcxpresso_1769/Debug/liblpc_board_nxp_lpcxpresso_1769.a(board.o)
BusFault_Handler                                  ./src/cr_startup_lpc175x_6x.o
Buttons_GetStatus                                 /home/ankit/Documents/MCUXpresso_11.1.1_3241/workspace/lpc_board_nxp_lpcxpresso_1769/Debug/liblpc_board_nxp_lpcxpresso_1769.a(board.o)
CANActivity_IRQHandler                            ./src/cr_startup_lpc175x_6x.o
CAN_IRQHandler                                    ./src/cr_startup_lpc175x_6x.o
CRP_WORD                                          ./src/crp.o
Chip_Clock_DisablePLL                             /home/ankit/Documents/MCUXpresso_11.1.1_3241/workspace/lpc_chip_175x_6x/Debug/liblpc_chip_175x_6x.a(clock_17xx_40xx.o)
                                                  /home/ankit/Documents/MCUXpresso_11.1.1_3241/workspace/lpc_chip_175x_6x/Debug/liblpc_chip_175x_6x.a(sysinit_17xx_40xx.o)
Chip_Clock_DisablePeriphClock                     /home/ankit/Documents/MCUXpresso_11.1.1_3241/workspace/lpc_chip_175x_6x/Debug/liblpc_chip_175x_6x.a(clock_17xx_40xx.o)
                                                  /home/ankit/Documents/MCUXpresso_11.1.1_3241/workspace/lpc_chip_175x_6x/Debug/liblpc_chip_175x_6x.a(uart_17xx_40xx.o)
                                                  /home/ankit/Documents/MCUXpresso_11.1.1_3241/workspace/lpc_chip_175x_6x/Debug/liblpc_chip_175x_6x.a(i2s_17xx_40xx.o)
Chip_Clock_EnablePLL                              /home/ankit/Documents/MCUXpresso_11.1.1_3241/workspace/lpc_chip_175x_6x/Debug/liblpc_chip_175x_6x.a(clock_17xx_40xx.o)
                                                  /home/ankit/Documents/MCUXpresso_11.1.1_3241/workspace/lpc_chip_175x_6x/Debug/liblpc_chip_175x_6x.a(sysinit_17xx_40xx.o)
                                                  /home/ankit/Documents/MCUXpresso_11.1.1_3241/workspace/lpc_chip_175x_6x/Debug/liblpc_chip_175x_6x.a(chip_17xx_40xx.o)
Chip_Clock_EnablePeriphClock                      /home/ankit/Documents/MCUXpresso_11.1.1_3241/workspace/lpc_chip_175x_6x/Debug/liblpc_chip_175x_6x.a(clock_17xx_40xx.o)
                                                  /home/ankit/Documents/MCUXpresso_11.1.1_3241/workspace/lpc_chip_175x_6x/Debug/liblpc_chip_175x_6x.a(uart_17xx_40xx.o)
                                                  /home/ankit/Documents/MCUXpresso_11.1.1_3241/workspace/lpc_chip_175x_6x/Debug/liblpc_chip_175x_6x.a(i2s_17xx_40xx.o)
                                                  /home/ankit/Documents/MCUXpresso_11.1.1_3241/workspace/lpc_chip_175x_6x/Debug/liblpc_chip_175x_6x.a(chip_17xx_40xx.o)
                                                  /home/ankit/Documents/MCUXpresso_11.1.1_3241/workspace/lpc_board_nxp_lpcxpresso_1769/Debug/liblpc_board_nxp_lpcxpresso_1769.a(board.o)
Chip_Clock_GetCPUClockDiv                         /home/ankit/Documents/MCUXpresso_11.1.1_3241/workspace/lpc_chip_175x_6x/Debug/liblpc_chip_175x_6x.a(clock_17xx_40xx.o)
Chip_Clock_GetCPUClockSource                      /home/ankit/Documents/MCUXpresso_11.1.1_3241/workspace/lpc_chip_175x_6x/Debug/liblpc_chip_175x_6x.a(clock_17xx_40xx.o)
Chip_Clock_GetMainClockRate                       /home/ankit/Documents/MCUXpresso_11.1.1_3241/workspace/lpc_chip_175x_6x/Debug/liblpc_chip_175x_6x.a(clock_17xx_40xx.o)
Chip_Clock_GetMainPLLOutClockRate                 /home/ankit/Documents/MCUXpresso_11.1.1_3241/workspace/lpc_chip_175x_6x/Debug/liblpc_chip_175x_6x.a(clock_17xx_40xx.o)
Chip_Clock_GetPCLKDiv                             /home/ankit/Documents/MCUXpresso_11.1.1_3241/workspace/lpc_chip_175x_6x/Debug/liblpc_chip_175x_6x.a(clock_17xx_40xx.o)
Chip_Clock_GetPeripheralClockRate                 /home/ankit/Documents/MCUXpresso_11.1.1_3241/workspace/lpc_chip_175x_6x/Debug/liblpc_chip_175x_6x.a(clock_17xx_40xx.o)
                                                  /home/ankit/Documents/MCUXpresso_11.1.1_3241/workspace/lpc_chip_175x_6x/Debug/liblpc_chip_175x_6x.a(uart_17xx_40xx.o)
                                                  /home/ankit/Documents/MCUXpresso_11.1.1_3241/workspace/lpc_chip_175x_6x/Debug/liblpc_chip_175x_6x.a(i2s_17xx_40xx.o)
Chip_Clock_GetSYSCLKRate                          /home/ankit/Documents/MCUXpresso_11.1.1_3241/workspace/lpc_chip_175x_6x/Debug/liblpc_chip_175x_6x.a(clock_17xx_40xx.o)
Chip_Clock_GetSystemClockRate                     /home/ankit/Documents/MCUXpresso_11.1.1_3241/workspace/lpc_chip_175x_6x/Debug/liblpc_chip_175x_6x.a(clock_17xx_40xx.o)
                                                  /home/ankit/Documents/MCUXpresso_11.1.1_3241/workspace/lpc_chip_175x_6x/Debug/liblpc_chip_175x_6x.a(chip_17xx_40xx.o)
Chip_Clock_GetUSBClockDiv                         /home/ankit/Documents/MCUXpresso_11.1.1_3241/workspace/lpc_chip_175x_6x/Debug/liblpc_chip_175x_6x.a(clock_17xx_40xx.o)
Chip_Clock_GetUSBClockRate                        /home/ankit/Documents/MCUXpresso_11.1.1_3241/workspace/lpc_chip_175x_6x/Debug/liblpc_chip_175x_6x.a(clock_17xx_40xx.o)