Archive member included to satisfy reference by file (symbol)

/home/ankit/Documents/MCUXpresso_11.1.1_3241/workspace/lpc_board_nxp_lpcxpresso_1769/Debug/liblpc_board_nxp_lpcxpresso_1769.a(board.o)
                              ./src/Interface_LPC1769_SIM7600.o (Board_LED_Init)
/home/ankit/Documents/MCUXpresso_11.1.1_3241/workspace/lpc_board_nxp_lpcxpresso_1769/Debug/liblpc_board_nxp_lpcxpresso_1769.a(board_sysinit.o)
                              ./src/Interface_LPC1769_SIM7600.o (Board_SystemInit)
/home/ankit/Documents/MCUXpresso_11.1.1_3241/workspace/lpc_chip_175x_6x/Debug/liblpc_chip_175x_6x.a(chip_17xx_40xx.o)
                              ./Third-Party/FreeRTOS/org/Source/portable/GCC/ARM_CM3/port.o (SystemCoreClock)
/home/ankit/Documents/MCUXpresso_11.1.1_3241/workspace/lpc_chip_175x_6x/Debug/liblpc_chip_175x_6x.a(clock_17xx_40xx.o)
                              /home/ankit/Documents/MCUXpresso_11.1.1_3241/workspace/lpc_chip_175x_6x/Debug/liblpc_chip_175x_6x.a(chip_17xx_40xx.o) (Chip_Clock_EnablePLL)
/home/ankit/Documents/MCUXpresso_11.1.1_3241/workspace/lpc_chip_175x_6x/Debug/liblpc_chip_175x_6x.a(i2s_17xx_40xx.o)
                              /home/ankit/Documents/MCUXpresso_11.1.1_3241/workspace/lpc_board_nxp_lpcxpresso_1769/Debug/liblpc_board_nxp_lpcxpresso_1769.a(board.o) (Chip_I2S_Init)
/home/ankit/Documents/MCUXpresso_11.1.1_3241/workspace/lpc_chip_175x_6x/Debug/liblpc_chip_175x_6x.a(iocon_17xx_40xx.o)
                              /home/ankit/Documents/MCUXpresso_11.1.1_3241/workspace/lpc_board_nxp_lpcxpresso_1769/Debug/liblpc_board_nxp_lpcxpresso_1769.a(board.o) (Chip_IOCON_PinMux)
/home/ankit/Documents/MCUXpresso_11.1.1_3241/workspace/lpc_chip_175x_6x/Debug/liblpc_chip_175x_6x.a(ring_buffer.o)
                              ./src/Interface_LPC1769_SIM7600.o (RingBuffer_Init)
/home/ankit/Documents/MCUXpresso_11.1.1_3241/workspace/lpc_chip_175x_6x/Debug/liblpc_chip_175x_6x.a(sysinit_17xx_40xx.o)
                              /home/ankit/Documents/MCUXpresso_11.1.1_3241/workspace/lpc_board_nxp_lpcxpresso_1769/Debug/liblpc_board_nxp_lpcxpresso_1769.a(board_sysinit.o) (Chip_SetupXtalClocking)
/home/ankit/Documents/MCUXpresso_11.1.1_3241/workspace/lpc_chip_175x_6x/Debug/liblpc_chip_175x_6x.a(uart_17xx_40xx.o)
                              ./src/Interface_LPC1769_SIM7600.o (Chip_UART_Init)
/usr/local/mcuxpressoide-11.1.1_3241/ide/plugins/com.nxp.mcuxpresso.tools.linux_11.1.0.202001081728/tools/bin/../lib/gcc/arm-none-eabi/8.3.1/../../../../arm-none-eabi/lib/thumb/v7-m/nofp/libcr_c.a(memcpy.o)
                              ./Third-Party/FreeRTOS/org/Source/queue.o (memcpy)
/usr/local/mcuxpressoide-11.1.1_3241/ide/plugins/com.nxp.mcuxpresso.tools.linux_11.1.0.202001081728/tools/bin/../lib/gcc/arm-none-eabi/8.3.1/../../../../arm-none-eabi/lib/thumb/v7-m/nofp/libcr_c.a(memset.o)
                              ./src/Interface_LPC1769_SIM7600.o (memset)
/usr/local/mcuxpressoide-11.1.1_3241/ide/plugins/com.nxp.mcuxpresso.tools.linux_11.1.0.202001081728/tools/bin/../lib/gcc/arm-none-eabi/8.3.1/../../../../arm-none-eabi/lib/thumb/v7-m/nofp/libcr_c.a(__weak__main.o)
                              ./src/cr_startup_lpc175x_6x.o (__main)
/usr/local/mcuxpressoide-11.1.1_3241/ide/plugins/com.nxp.mcuxpresso.tools.linux_11.1.0.202001081728/tools/bin/../lib/gcc/arm-none-eabi/8.3.1/../../../../arm-none-eabi/lib/thumb/v7-m/nofp/libcr_c.a(alloc.o)
                              ./Third-Party/FreeRTOS/org/Source/portable/MemMang/heap_3.o (malloc)
/usr/local/mcuxpressoide-11.1.1_3241/ide/plugins/com.nxp.mcuxpresso.tools.linux_11.1.0.202001081728/tools/bin/../lib/gcc/arm-none-eabi/8.3.1/../../../../arm-none-eabi/lib/thumb/v7-m/nofp/libcr_c.a(strstr.o)
                              ./src/Interface_LPC1769_SIM7600.o (strstr)
/usr/local/mcuxpressoide-11.1.1_3241/ide/plugins/com.nxp.mcuxpresso.tools.linux_11.1.0.202001081728/tools/bin/../lib/gcc/arm-none-eabi/8.3.1/../../../../arm-none-eabi/lib/thumb/v7-m/nofp/libcr_c.a(__init_alloc.o)
                              /usr/local/mcuxpressoide-11.1.1_3241/ide/plugins/com.nxp.mcuxpresso.tools.linux_11.1.0.202001081728/tools/bin/../lib/gcc/arm-none-eabi/8.3.1/../../../../arm-none-eabi/lib/thumb/v7-m/nofp/libcr_c.a(alloc.o) (__heaps)
/usr/local/mcuxpressoide-11.1.1_3241/ide/plugins/com.nxp.mcuxpresso.tools.linux_11.1.0.202001081728/tools/bin/../lib/gcc/arm-none-eabi/8.3.1/../../../../arm-none-eabi/lib/thumb/v7-m/nofp/libcr_c.a(_cr_sbrk.o)
                              /usr/local/mcuxpressoide-11.1.1_3241/ide/plugins/com.nxp.mcuxpresso.tools.linux_11.1.0.202001081728/tools/bin/../lib/gcc/arm-none-eabi/8.3.1/../../../../arm-none-eabi/lib/thumb/v7-m/nofp/libcr_c.a(alloc.o) (_sbrk)
/usr/local/mcuxpressoide-11.1.1_3241/ide/plugins/com.nxp.mcuxpresso.tools.linux_11.1.0.202001081728/tools/bin/../lib/gcc/arm-none-eabi/8.3.1/../../../../arm-none-eabi/lib/thumb/v7-m/nofp/libcr_c.a(errno.o)
[...]
Memory Configuration

Name             Origin             Length             Attributes
MFlash512        0x0000000000000000 0x0000000000080000 xr
RamLoc32         0x0000000010000000 0x0000000000008000 xrw
RamAHB32         0x000000002007c000 0x0000000000008000 xrw
*default*        0x0000000000000000 0xffffffffffffffff

Linker script and memory map

LOAD ./src/Interface_LPC1769_SIM7600.o
LOAD ./src/cr_startup_lpc175x_6x.o
LOAD ./src/crp.o
LOAD ./src/sysinit.o
LOAD ./Third-Party/FreeRTOS/org/Source/portable/MemMang/heap_3.o
LOAD ./Third-Party/FreeRTOS/org/Source/portable/GCC/ARM_CM3/port.o
LOAD ./Third-Party/FreeRTOS/org/Source/croutine.o
LOAD ./Third-Party/FreeRTOS/org/Source/event_groups.o
LOAD ./Third-Party/FreeRTOS/org/Source/list.o
LOAD ./Third-Party/FreeRTOS/org/Source/queue.o
LOAD ./Third-Party/FreeRTOS/org/Source/stream_buffer.o
LOAD ./Third-Party/FreeRTOS/org/Source/tasks.o
LOAD ./Third-Party/FreeRTOS/org/Source/timers.o
LOAD /home/ankit/Documents/MCUXpresso_11.1.1_3241/workspace/lpc_board_nxp_lpcxpresso_1769/Debug/liblpc_board_nxp_lpcxpresso_1769.a
LOAD /home/ankit/Documents/MCUXpresso_11.1.1_3241/workspace/lpc_chip_175x_6x/Debug/liblpc_chip_175x_6x.a
START GROUP
LOAD /usr/local/mcuxpressoide-11.1.1_3241/ide/plugins/com.nxp.mcuxpresso.tools.linux_11.1.0.202001081728/tools/bin/../lib/gcc/arm-none-eabi/8.3.1/../../../../arm-none-eabi/lib/thumb/v7-m/nofp/libcr_c.a
LOAD /usr/local/mcuxpressoide-11.1.1_3241/ide/plugins/com.nxp.mcuxpresso.tools.linux_11.1.0.202001081728/tools/bin/../lib/gcc/arm-none-eabi/8.3.1/thumb/v7-m/nofp/libcr_eabihelpers.a
LOAD /usr/local/mcuxpressoide-11.1.1_3241/ide/plugins/com.nxp.mcuxpresso.tools.linux_11.1.0.202001081728/tools/bin/../lib/gcc/arm-none-eabi/8.3.1/thumb/v7-m/nofp/libgcc.a
END GROUP
                0x0000000000000000                __base_MFlash512 = 0x0
                0x0000000000000000                __base_Flash = 0x0
                0x0000000000080000                __top_MFlash512 = 0x80000
                0x0000000000080000                __top_Flash = 0x80000
                0x0000000010000000                __base_RamLoc32 = 0x10000000
                0x0000000010000000                __base_RAM = 0x10000000
                0x0000000010008000                __top_RamLoc32 = 0x10008000
                0x0000000010008000                __top_RAM = 0x10008000
                0x000000002007c000                __base_RamAHB32 = 0x2007c000
                0x000000002007c000                __base_RAM2 = 0x2007c000
                0x0000000020084000                __top_RamAHB32 = 0x20084000
                0x0000000020084000                __top_RAM2 = 0x20084000

.text           0x0000000000000000     0x2dcc
 FILL mask 0xff
                0x0000000000000000                __vectors_start__ = ABSOLUTE (.)
 *(.isr_vector)
 .isr_vector    0x0000000000000000       0xcc ./src/cr_startup_lpc175x_6x.o
                0x0000000000000000                g_pfnVectors
                0x00000000000000cc                . = ALIGN (0x4)
                0x00000000000000cc                __section_table_start = .
                0x00000000000000cc                __data_section_table = .
                0x00000000000000cc        0x4 LONG 0x2dcc LOADADDR (.data)
                0x00000000000000d0        0x4 LONG 0x10000000 ADDR (.data)
                0x00000000000000d4        0x4 LONG 0x8 SIZEOF (.data)
                0x00000000000000d8        0x4 LONG 0x2dcc LOADADDR (.data_RAM2)
                0x00000000000000dc        0x4 LONG 0x2007c000 ADDR (.data_RAM2)
                0x00000000000000e0        0x4 LONG 0x0 SIZEOF (.data_RAM2)
                0x00000000000000e4                __data_section_table_end = .
                0x00000000000000e4                __bss_section_table = .
                0x00000000000000e4        0x4 LONG 0x10000008 ADDR (.bss)
                0x00000000000000e8        0x4 LONG 0xd88 SIZEOF (.bss)
                0x00000000000000ec        0x4 LONG 0x2007c000 ADDR (.bss_RAM2)
                0x00000000000000f0        0x4 LONG 0x0 SIZEOF (.bss_RAM2)
                0x00000000000000f4                __bss_section_table_end = .
                0x00000000000000f4                __section_table_end = .
 *(.after_vectors*)
 .after_vectors
                0x00000000000000f4      0x12c ./src/cr_startup_lpc175x_6x.o
                0x00000000000000f4                data_init
                0x0000000000000136                bss_init
                0x000000000000016c                ResetISR
                0x00000000000001e4                NMI_Handler
                0x00000000000001ea                HardFault_Handler
                0x00000000000001f0                MemManage_Handler
                0x00000000000001f6                BusFault_Handler
                0x00000000000001fc                UsageFault_Handler
                0x0000000000000208                DebugMon_Handler
                0x000000000000021a                TIMER2_IRQHandler
                0x000000000000021a                RIT_IRQHandler
                0x000000000000021a                I2C0_IRQHandler
                0x000000000000021a                USBActivity_IRQHandler
                0x000000000000021a                PWM1_IRQHandler
                0x000000000000021a                I2C1_IRQHandler
                0x000000000000021a                EINT2_IRQHandler
                0x000000000000021a                UART1_IRQHandler
                0x000000000000021a                EINT3_IRQHandler
                0x000000000000021a                CANActivity_IRQHandler
                0x000000000000021a                TIMER3_IRQHandler
                0x000000000000021a                IntDefaultHandler
                0x000000000000021a                PLL0_IRQHandler
                0x000000000000021a                CAN_IRQHandler
                0x000000000000021a                PLL1_IRQHandler
                0x000000000000021a                SSP0_IRQHandler
                0x000000000000021a                I2S_IRQHandler
                0x000000000000021a                I2C2_IRQHandler
                0x000000000000021a                RTC_IRQHandler
                0x000000000000021a                TIMER0_IRQHandler
                0x000000000000021a                SPI_IRQHandler
                0x000000000000021a                EINT1_IRQHandler
                0x000000000000021a                TIMER1_IRQHandler
                0x000000000000021a                UART2_IRQHandler
                0x000000000000021a                ADC_IRQHandler
                0x000000000000021a                SSP1_IRQHandler
                0x000000000000021a                USB_IRQHandler
                0x000000000000021a                BOD_IRQHandler
                0x000000000000021a                WDT_IRQHandler
                0x000000000000021a                QEI_IRQHandler
                0x000000000000021a                EINT0_IRQHandler
                0x000000000000021a                ETH_IRQHandler
                0x000000000000021a                DMA_IRQHandler
                0x000000000000021a                UART3_IRQHandler
                0x000000000000021a                MCPWM_IRQHandler
                0x00000000000002fc                . = 0x2fc
 *fill*         0x0000000000000220       0xdc ff
                0x00000000000002fc                PROVIDE (__CRP_WORD_START__ = .)
 *(.crp)
 .crp           0x00000000000002fc        0x4 ./src/crp.o
                0x00000000000002fc                CRP_WORD
                0x0000000000000300                PROVIDE (__CRP_WORD_END__ = .)
                0x0000000000000001                ASSERT (! ((__CRP_WORD_START__ == __CRP_WORD_END__)), Linker CRP Enabled, but no CRP_WORD provided within application)
 *(.text*)
 .text.NVIC_EnableIRQ
                0x0000000000000300       0x30 ./src/Interface_LPC1769_SIM7600.o
 .text.NVIC_DisableIRQ
                0x0000000000000330       0x34 ./src/Interface_LPC1769_SIM7600.o
 .text.NVIC_SetPriority
                0x0000000000000364       0x54 ./src/Interface_LPC1769_SIM7600.o
 .text.Chip_UART_IntEnable
                0x00000000000003b8       0x20 ./src/Interface_LPC1769_SIM7600.o
 .text.Chip_UART_SetupFIFOS
                0x00000000000003d8       0x1a ./src/Interface_LPC1769_SIM7600.o
 .text.Chip_UART_ConfigData
                0x00000000000003f2       0x1a ./src/Interface_LPC1769_SIM7600.o
 .text.main     0x000000000000040c       0x50 ./src/Interface_LPC1769_SIM7600.o
                0x000000000000040c                main
 .text.vSIM_7600_Task
                0x000000000000045c      0x32c ./src/Interface_LPC1769_SIM7600.o
                0x000000000000045c                vSIM_7600_Task
 .text.prvSetupHardware
                0x0000000000000788       0x30 ./src/Interface_LPC1769_SIM7600.o
 .text.prvSetupUART0
                0x00000000000007b8       0x7c ./src/Interface_LPC1769_SIM7600.o
 .text.UART0_IRQHandler
                0x0000000000000834       0x20 ./src/Interface_LPC1769_SIM7600.o
                0x0000000000000834                UART0_IRQHandler
 .text.SystemInit
                0x0000000000000854       0x24 ./src/sysinit.o
                0x0000000000000854                SystemInit
 .text.pvPortMalloc
                0x0000000000000878       0x22 ./Third-Party/FreeRTOS/org/Source/portable/MemMang/heap_3.o
                0x0000000000000878                pvPortMalloc
 .text.vPortFree
                0x000000000000089a       0x24 ./Third-Party/FreeRTOS/org/Source/portable/MemMang/heap_3.o
                0x000000000000089a                vPortFree
 *fill*         0x00000000000008be        0x2 ff
 .text.pxPortInitialiseStack
                0x00000000000008c0       0x58 ./Third-Party/FreeRTOS/org/Source/portable/GCC/ARM_CM3/port.o
                0x00000000000008c0                pxPortInitialiseStack
 .text.prvTaskExitError
                0x0000000000000918       0x2e ./Third-Party/FreeRTOS/org/Source/portable/GCC/ARM_CM3/port.o
 *fill*         0x0000000000000946        0xa ff
 .text.SVC_Handler
                0x0000000000000950       0x28 ./Third-Party/FreeRTOS/org/Source/portable/GCC/ARM_CM3/port.o
                0x0000000000000950                SVC_Handler
 .text.prvPortStartFirstTask
                0x0000000000000978       0x20 ./Third-Party/FreeRTOS/org/Source/portable/GCC/ARM_CM3/port.o
 .text.xPortStartScheduler
                0x0000000000000998       0x40 ./Third-Party/FreeRTOS/org/Source/portable/GCC/ARM_CM3/port.o
                0x0000000000000998                xPortStartScheduler
 .text.vPortEnterCritical
                0x00000000000009d8       0x30 ./Third-Party/FreeRTOS/org/Source/portable/GCC/ARM_CM3/port.o
                0x00000000000009d8                vPortEnterCritical
 .text.vPortExitCritical
                0x0000000000000a08       0x30 ./Third-Party/FreeRTOS/org/Source/portable/GCC/ARM_CM3/port.o
                0x0000000000000a08                vPortExitCritical
 *fill*         0x0000000000000a38        0x8 ff
 .text.PendSV_Handler
                0x0000000000000a40       0x48 ./Third-Party/FreeRTOS/org/Source/portable/GCC/ARM_CM3/port.o
                0x0000000000000a40                PendSV_Handler
 .text.SysTick_Handler
                0x0000000000000a88       0x40 ./Third-Party/FreeRTOS/org/Source/portable/GCC/ARM_CM3/port.o
                0x0000000000000a88                SysTick_Handler
 .text.vPortSuppressTicksAndSleep
                0x0000000000000ac8      0x188 ./Third-Party/FreeRTOS/org/Source/portable/GCC/ARM_CM3/port.o
                0x0000000000000ac8                vPortSuppressTicksAndSleep
 .text.vPortSetupTimerInterrupt
                0x0000000000000c50       0x78 ./Third-Party/FreeRTOS/org/Source/portable/GCC/ARM_CM3/port.o
                0x0000000000000c50                vPortSetupTimerInterrupt
 .text.vListInitialise
                0x0000000000000cc8       0x3e ./Third-Party/FreeRTOS/org/Source/list.o
                0x0000000000000cc8                vListInitialise
 .text.vListInitialiseItem
                0x0000000000000d06       0x18 ./Third-Party/FreeRTOS/org/Source/list.o
                0x0000000000000d06                vListInitialiseItem
 .text.vListInsertEnd
                0x0000000000000d1e       0x46 ./Third-Party/FreeRTOS/org/Source/list.o
                0x0000000000000d1e                vListInsertEnd
 .text.vListInsert
                0x0000000000000d64       0x70 ./Third-Party/FreeRTOS/org/Source/list.o
                0x0000000000000d64                vListInsert
 .text.uxListRemove
                0x0000000000000dd4       0x52 ./Third-Party/FreeRTOS/org/Source/list.o
                0x0000000000000dd4                uxListRemove
 .text.xTaskCreate
                0x0000000000000e26       0x82 ./Third-Party/FreeRTOS/org/Source/tasks.o
                0x0000000000000e26                xTaskCreate
 .text.prvInitialiseNewTask
                0x0000000000000ea8       0xfe ./Third-Party/FreeRTOS/org/Source/tasks.o
 *fill*         0x0000000000000fa6        0x2 ff
 .text.prvAddNewTaskToReadyList
                0x0000000000000fa8       0xdc ./Third-Party/FreeRTOS/org/Source/tasks.o
 .text.vTaskDelay
                0x0000000000001084       0x48 ./Third-Party/FreeRTOS/org/Source/tasks.o
                0x0000000000001084                vTaskDelay
 .text.vTaskStartScheduler
                0x00000000000010cc       0x70 ./Third-Party/FreeRTOS/org/Source/tasks.o
                0x00000000000010cc                vTaskStartScheduler
 .text.vTaskSuspendAll
                0x000000000000113c       0x1c ./Third-Party/FreeRTOS/org/Source/tasks.o
                0x000000000000113c                vTaskSuspendAll
 .text.prvGetExpectedIdleTime
                0x0000000000001158       0x74 ./Third-Party/FreeRTOS/org/Source/tasks.o
 .text.xTaskResumeAll
                0x00000000000011cc      0x11c ./Third-Party/FreeRTOS/org/Source/tasks.o
                0x00000000000011cc                xTaskResumeAll
 .text.vTaskStepTick
                0x00000000000012e8       0x24 ./Third-Party/FreeRTOS/org/Source/tasks.o
                0x00000000000012e8                vTaskStepTick
 .text.xTaskIncrementTick
                0x000000000000130c      0x150 ./Third-Party/FreeRTOS/org/Source/tasks.o
                0x000000000000130c                xTaskIncrementTick
 .text.vTaskSwitchContext
                0x000000000000145c       0x8c ./Third-Party/FreeRTOS/org/Source/tasks.o
                0x000000000000145c                vTaskSwitchContext
 .text.prvIdleTask
                0x00000000000014e8       0x54 ./Third-Party/FreeRTOS/org/Source/tasks.o
 .text.eTaskConfirmSleepModeStatus
                0x000000000000153c       0x5c ./Third-Party/FreeRTOS/org/Source/tasks.o
                0x000000000000153c                eTaskConfirmSleepModeStatus
 .text.prvInitialiseTaskLists
                0x0000000000001598       0x80 ./Third-Party/FreeRTOS/org/Source/tasks.o
 .text.prvCheckTasksWaitingTermination
                0x0000000000001618       0x58 ./Third-Party/FreeRTOS/org/Source/tasks.o
 .text.prvDeleteTCB
                0x0000000000001670       0x20 ./Third-Party/FreeRTOS/org/Source/tasks.o
 .text.prvResetNextTaskUnblockTime
                0x0000000000001690       0x40 ./Third-Party/FreeRTOS/org/Source/tasks.o
 .text.prvAddCurrentTaskToDelayedList
                0x00000000000016d0       0xcc ./Third-Party/FreeRTOS/org/Source/tasks.o
 .text.Chip_IOCON_Init
                0x000000000000179c       0x16 /home/ankit/Documents/MCUXpresso_11.1.1_3241/workspace/lpc_board_nxp_lpcxpresso_1769/Debug/liblpc_board_nxp_lpcxpresso_1769.a(board.o)
 .text.Chip_GPIO_Init
                0x00000000000017b2       0x16 /home/ankit/Documents/MCUXpresso_11.1.1_3241/workspace/lpc_board_nxp_lpcxpresso_1769/Debug/liblpc_board_nxp_lpcxpresso_1769.a(board.o)
 .text.Chip_GPIO_SetPinState
                0x00000000000017c8       0x64 /home/ankit/Documents/MCUXpresso_11.1.1_3241/workspace/lpc_board_nxp_lpcxpresso_1769/Debug/liblpc_board_nxp_lpcxpresso_1769.a(board.o)
 .text.Chip_GPIO_WritePortBit
                0x000000000000182c       0x2c /home/ankit/Documents/MCUXpresso_11.1.1_3241/workspace/lpc_board_nxp_lpcxpresso_1769/Debug/liblpc_board_nxp_lpcxpresso_1769.a(board.o)
 .text.Chip_GPIO_SetPinDIROutput
                0x0000000000001858       0x36 /home/ankit/Documents/MCUXpresso_11.1.1_3241/workspace/lpc_board_nxp_lpcxpresso_1769/Debug/liblpc_board_nxp_lpcxpresso_1769.a(board.o)
 .text.Chip_GPIO_SetPinDIRInput
                0x000000000000188e       0x3a /home/ankit/Documents/MCUXpresso_11.1.1_3241/workspace/lpc_board_nxp_lpcxpresso_1769/Debug/liblpc_board_nxp_lpcxpresso_1769.a(board.o)
 .text.Chip_GPIO_SetPinDIR
                0x00000000000018c8       0x42 /home/ankit/Documents/MCUXpresso_11.1.1_3241/workspace/lpc_board_nxp_lpcxpresso_1769/Debug/liblpc_board_nxp_lpcxpresso_1769.a(board.o)
 .text.Chip_GPIO_WriteDirBit
                0x000000000000190a       0x2e /home/ankit/Documents/MCUXpresso_11.1.1_3241/workspace/lpc_board_nxp_lpcxpresso_1769/Debug/liblpc_board_nxp_lpcxpresso_1769.a(board.o)
 .text.Chip_UART_ConfigData
                0x0000000000001938       0x1a /home/ankit/Documents/MCUXpresso_11.1.1_3241/workspace/lpc_board_nxp_lpcxpresso_1769/Debug/liblpc_board_nxp_lpcxpresso_1769.a(board.o)
 *fill*         0x0000000000001952        0x2 ff
 .text.Board_LED_Init
                0x0000000000001954       0x30 /home/ankit/Documents/MCUXpresso_11.1.1_3241/workspace/lpc_board_nxp_lpcxpresso_1769/Debug/liblpc_board_nxp_lpcxpresso_1769.a(board.o)
                0x0000000000001954                Board_LED_Init
 .text.Board_UART_Init
                0x0000000000001984       0x12 /home/ankit/Documents/MCUXpresso_11.1.1_3241/workspace/lpc_board_nxp_lpcxpresso_1769/Debug/liblpc_board_nxp_lpcxpresso_1769.a(board.o)
                0x0000000000001984                Board_UART_Init
 *fill*         0x0000000000001996        0x2 ff
 .text.Board_Debug_Init
                0x0000000000001998       0x30 /home/ankit/Documents/MCUXpresso_11.1.1_3241/workspace/lpc_board_nxp_lpcxpresso_1769/Debug/liblpc_board_nxp_lpcxpresso_1769.a(board.o)
                0x0000000000001998                Board_Debug_Init
 .text.Board_LED_Set
                0x00000000000019c8       0x54 /home/ankit/Documents/MCUXpresso_11.1.1_3241/workspace/lpc_board_nxp_lpcxpresso_1769/Debug/liblpc_board_nxp_lpcxpresso_1769.a(board.o)
                0x00000000000019c8                Board_LED_Set
 .text.Board_Init
                0x0000000000001a1c       0x24 /home/ankit/Documents/MCUXpresso_11.1.1_3241/workspace/lpc_board_nxp_lpcxpresso_1769/Debug/liblpc_board_nxp_lpcxpresso_1769.a(board.o)
                0x0000000000001a1c                Board_Init
 .text.Board_Buttons_Init
                0x0000000000001a40       0x18 /home/ankit/Documents/MCUXpresso_11.1.1_3241/workspace/lpc_board_nxp_lpcxpresso_1769/Debug/liblpc_board_nxp_lpcxpresso_1769.a(board.o)
                0x0000000000001a40                Board_Buttons_Init
 .text.Chip_SYSCTL_SetFLASHAccess
                0x0000000000001a58       0x30 /home/ankit/Documents/MCUXpresso_11.1.1_3241/workspace/lpc_board_nxp_lpcxpresso_1769/Debug/liblpc_board_nxp_lpcxpresso_1769.a(board_sysinit.o)
 .text.Board_SetupMuxing
                0x0000000000001a88       0x1c /home/ankit/Documents/MCUXpresso_11.1.1_3241/workspace/lpc_board_nxp_lpcxpresso_1769/Debug/liblpc_board_nxp_lpcxpresso_1769.a(board_sysinit.o)
                0x0000000000001a88                Board_SetupMuxing
 .text.Board_SetupClocking
                0x0000000000001aa4       0x12 /home/ankit/Documents/MCUXpresso_11.1.1_3241/workspace/lpc_board_nxp_lpcxpresso_1769/Debug/liblpc_board_nxp_lpcxpresso_1769.a(board_sysinit.o)
                0x0000000000001aa4                Board_SetupClocking
 .text.Board_SystemInit
                0x0000000000001ab6       0x10 /home/ankit/Documents/MCUXpresso_11.1.1_3241/workspace/lpc_board_nxp_lpcxpresso_1769/Debug/liblpc_board_nxp_lpcxpresso_1769.a(board_sysinit.o)
                0x0000000000001ab6                Board_SystemInit
 *fill*         0x0000000000001ac6        0x2 ff
 .text.SystemCoreClockUpdate
                0x0000000000001ac8       0x18 /home/ankit/Documents/MCUXpresso_11.1.1_3241/workspace/lpc_chip_175x_6x/Debug/liblpc_chip_175x_6x.a(chip_17xx_40xx.o)
                0x0000000000001ac8                SystemCoreClockUpdate
 .text.Chip_Clock_IsMainPLLEnabled
                0x0000000000001ae0       0x24 /home/ankit/Documents/MCUXpresso_11.1.1_3241/workspace/lpc_chip_175x_6x/Debug/liblpc_chip_175x_6x.a(clock_17xx_40xx.o)
 .text.Chip_Clock_IsMainPLLConnected
                0x0000000000001b04       0x24 /home/ankit/Documents/MCUXpresso_11.1.1_3241/workspace/lpc_chip_175x_6x/Debug/liblpc_chip_175x_6x.a(clock_17xx_40xx.o)
 .text.Chip_Clock_FeedPLL
                0x0000000000001b28       0x34 /home/ankit/Documents/MCUXpresso_11.1.1_3241/workspace/lpc_chip_175x_6x/Debug/liblpc_chip_175x_6x.a(clock_17xx_40xx.o)
 .text.Chip_Clock_GetMainPLLSource
                0x0000000000001b5c       0x20 /home/ankit/Documents/MCUXpresso_11.1.1_3241/workspace/lpc_chip_175x_6x/Debug/liblpc_chip_175x_6x.a(clock_17xx_40xx.o)
 .text.Chip_Clock_GetMainOscRate
                0x0000000000001b7c       0x14 /home/ankit/Documents/MCUXpresso_11.1.1_3241/workspace/lpc_chip_175x_6x/Debug/liblpc_chip_175x_6x.a(clock_17xx_40xx.o)
 .text.Chip_Clock_GetIntOscRate
                0x0000000000001b90       0x14 /home/ankit/Documents/MCUXpresso_11.1.1_3241/workspace/lpc_chip_175x_6x/Debug/liblpc_chip_175x_6x.a(clock_17xx_40xx.o)
 .text.Chip_Clock_GetRTCOscRate
                0x0000000000001ba4       0x14 /home/ankit/Documents/MCUXpresso_11.1.1_3241/workspace/lpc_chip_175x_6x/Debug/liblpc_chip_175x_6x.a(clock_17xx_40xx.o)
 .text.Chip_Clock_GetMainPLLInClockRate
                0x0000000000001bb8        0xe /home/ankit/Documents/MCUXpresso_11.1.1_3241/workspace/lpc_chip_175x_6x/Debug/liblpc_chip_175x_6x.a(clock_17xx_40xx.o)
 *fill*         0x0000000000001bc6        0x2 ff
 .text.Chip_Clock_EnablePLL
                0x0000000000001bc8       0x44 /home/ankit/Documents/MCUXpresso_11.1.1_3241/workspace/lpc_chip_175x_6x/Debug/liblpc_chip_175x_6x.a(clock_17xx_40xx.o)
                0x0000000000001bc8                Chip_Clock_EnablePLL
 .text.Chip_Clock_DisablePLL
                0x0000000000001c0c       0x48 /home/ankit/Documents/MCUXpresso_11.1.1_3241/workspace/lpc_chip_175x_6x/Debug/liblpc_chip_175x_6x.a(clock_17xx_40xx.o)
                0x0000000000001c0c                Chip_Clock_DisablePLL
 .text.Chip_Clock_SetupPLL
                0x0000000000001c54       0x5c /home/ankit/Documents/MCUXpresso_11.1.1_3241/workspace/lpc_chip_175x_6x/Debug/liblpc_chip_175x_6x.a(clock_17xx_40xx.o)
                0x0000000000001c54                Chip_Clock_SetupPLL
 .text.Chip_Clock_EnablePeriphClock
                0x0000000000001cb0       0x34 /home/ankit/Documents/MCUXpresso_11.1.1_3241/workspace/lpc_chip_175x_6x/Debug/liblpc_chip_175x_6x.a(clock_17xx_40xx.o)
                0x0000000000001cb0                Chip_Clock_EnablePeriphClock
 .text.Chip_Clock_DisablePeriphClock
                0x0000000000001ce4       0x38 /home/ankit/Documents/MCUXpresso_11.1.1_3241/workspace/lpc_chip_175x_6x/Debug/liblpc_chip_175x_6x.a(clock_17xx_40xx.o)
                0x0000000000001ce4                Chip_Clock_DisablePeriphClock
 .text.Chip_Clock_GetCPUClockSource
                0x0000000000001d1c       0x24 /home/ankit/Documents/MCUXpresso_11.1.1_3241/workspace/lpc_chip_175x_6x/Debug/liblpc_chip_175x_6x.a(clock_17xx_40xx.o)
                0x0000000000001d1c                Chip_Clock_GetCPUClockSource
 .text.Chip_Clock_SetCPUClockDiv
                0x0000000000001d40       0x20 /home/ankit/Documents/MCUXpresso_11.1.1_3241/workspace/lpc_chip_175x_6x/Debug/liblpc_chip_175x_6x.a(clock_17xx_40xx.o)
                0x0000000000001d40                Chip_Clock_SetCPUClockDiv
 .text.Chip_Clock_GetCPUClockDiv
                0x0000000000001d60       0x1c /home/ankit/Documents/MCUXpresso_11.1.1_3241/workspace/lpc_chip_175x_6x/Debug/liblpc_chip_175x_6x.a(clock_17xx_40xx.o)
                0x0000000000001d60                Chip_Clock_GetCPUClockDiv
 .text.Chip_Clock_GetPCLKDiv
                0x0000000000001d7c       0x8c /home/ankit/Documents/MCUXpresso_11.1.1_3241/workspace/lpc_chip_175x_6x/Debug/liblpc_chip_175x_6x.a(clock_17xx_40xx.o)
                0x0000000000001d7c                Chip_Clock_GetPCLKDiv
 .text.Chip_Clock_GetSYSCLKRate
                0x0000000000001e08       0x34 /home/ankit/Documents/MCUXpresso_11.1.1_3241/workspace/lpc_chip_175x_6x/Debug/liblpc_chip_175x_6x.a(clock_17xx_40xx.o)
                0x0000000000001e08                Chip_Clock_GetSYSCLKRate
 .text.Chip_Clock_GetMainPLLOutClockRate
                0x0000000000001e3c       0x54 /home/ankit/Documents/MCUXpresso_11.1.1_3241/workspace/lpc_chip_175x_6x/Debug/liblpc_chip_175x_6x.a(clock_17xx_40xx.o)
                0x0000000000001e3c                Chip_Clock_GetMainPLLOutClockRate
 .text.Chip_Clock_GetMainClockRate
                0x0000000000001e90       0x28 /home/ankit/Documents/MCUXpresso_11.1.1_3241/workspace/lpc_chip_175x_6x/Debug/liblpc_chip_175x_6x.a(clock_17xx_40xx.o)
                0x0000000000001e90                Chip_Clock_GetMainClockRate
 .text.Chip_Clock_GetSystemClockRate
                0x0000000000001eb8       0x18 /home/ankit/Documents/MCUXpresso_11.1.1_3241/workspace/lpc_chip_175x_6x/Debug/liblpc_chip_175x_6x.a(clock_17xx_40xx.o)
                0x0000000000001eb8                Chip_Clock_GetSystemClockRate
 .text.Chip_Clock_GetPeripheralClockRate
                0x0000000000001ed0       0x26 /home/ankit/Documents/MCUXpresso_11.1.1_3241/workspace/lpc_chip_175x_6x/Debug/liblpc_chip_175x_6x.a(clock_17xx_40xx.o)
                0x0000000000001ed0                Chip_Clock_GetPeripheralClockRate
 .text.Chip_IOCON_PinMuxSet
                0x0000000000001ef6       0x36 /home/ankit/Documents/MCUXpresso_11.1.1_3241/workspace/lpc_chip_175x_6x/Debug/liblpc_chip_175x_6x.a(iocon_17xx_40xx.o)
                0x0000000000001ef6                Chip_IOCON_PinMuxSet
 .text.Chip_IOCON_PinMux
                0x0000000000001f2c       0x94 /home/ankit/Documents/MCUXpresso_11.1.1_3241/workspace/lpc_chip_175x_6x/Debug/liblpc_chip_175x_6x.a(iocon_17xx_40xx.o)
                0x0000000000001f2c                Chip_IOCON_PinMux
 .text.Chip_IOCON_SetPinMuxing
                0x0000000000001fc0       0x62 /home/ankit/Documents/MCUXpresso_11.1.1_3241/workspace/lpc_chip_175x_6x/Debug/liblpc_chip_175x_6x.a(iocon_17xx_40xx.o)
                0x0000000000001fc0                Chip_IOCON_SetPinMuxing
 .text.RingBuffer_GetCount
                0x0000000000002022       0x20 /home/ankit/Documents/MCUXpresso_11.1.1_3241/workspace/lpc_chip_175x_6x/Debug/liblpc_chip_175x_6x.a(ring_buffer.o)
 .text.RingBuffer_GetFree
                0x0000000000002042       0x1e /home/ankit/Documents/MCUXpresso_11.1.1_3241/workspace/lpc_chip_175x_6x/Debug/liblpc_chip_175x_6x.a(ring_buffer.o)
 .text.RingBuffer_IsFull
                0x0000000000002060       0x26 /home/ankit/Documents/MCUXpresso_11.1.1_3241/workspace/lpc_chip_175x_6x/Debug/liblpc_chip_175x_6x.a(ring_buffer.o)
 .text.RingBuffer_IsEmpty
                0x0000000000002086       0x28 /home/ankit/Documents/MCUXpresso_11.1.1_3241/workspace/lpc_chip_175x_6x/Debug/liblpc_chip_175x_6x.a(ring_buffer.o)
 .text.RingBuffer_Init
                0x00000000000020ae       0x3a /home/ankit/Documents/MCUXpresso_11.1.1_3241/workspace/lpc_chip_175x_6x/Debug/liblpc_chip_175x_6x.a(ring_buffer.o)
                0x00000000000020ae                RingBuffer_Init
 .text.RingBuffer_Insert
                0x00000000000020e8       0x5c /home/ankit/Documents/MCUXpresso_11.1.1_3241/workspace/lpc_chip_175x_6x/Debug/liblpc_chip_175x_6x.a(ring_buffer.o)
                0x00000000000020e8                RingBuffer_Insert
 .text.RingBuffer_InsertMult
                0x0000000000002144      0x122 /home/ankit/Documents/MCUXpresso_11.1.1_3241/workspace/lpc_chip_175x_6x/Debug/liblpc_chip_175x_6x.a(ring_buffer.o)
                0x0000000000002144                RingBuffer_InsertMult
 .text.RingBuffer_Pop
                0x0000000000002266       0x5c /home/ankit/Documents/MCUXpresso_11.1.1_3241/workspace/lpc_chip_175x_6x/Debug/liblpc_chip_175x_6x.a(ring_buffer.o)
                0x0000000000002266                RingBuffer_Pop
 .text.RingBuffer_PopMult
                0x00000000000022c2      0x122 /home/ankit/Documents/MCUXpresso_11.1.1_3241/workspace/lpc_chip_175x_6x/Debug/liblpc_chip_175x_6x.a(ring_buffer.o)
                0x00000000000022c2                RingBuffer_PopMult
 .text.Chip_Clock_IsMainPLLEnabled
                0x00000000000023e4       0x24 /home/ankit/Documents/MCUXpresso_11.1.1_3241/workspace/lpc_chip_175x_6x/Debug/liblpc_chip_175x_6x.a(sysinit_17xx_40xx.o)
 .text.Chip_Clock_IsMainPLLLocked
                0x0000000000002408       0x24 /home/ankit/Documents/MCUXpresso_11.1.1_3241/workspace/lpc_chip_175x_6x/Debug/liblpc_chip_175x_6x.a(sysinit_17xx_40xx.o)
 .text.Chip_Clock_IsMainPLLConnected
                0x000000000000242c       0x24 /home/ankit/Documents/MCUXpresso_11.1.1_3241/workspace/lpc_chip_175x_6x/Debug/liblpc_chip_175x_6x.a(sysinit_17xx_40xx.o)
 .text.Chip_Clock_EnableCrystal
                0x0000000000002450       0x20 /home/ankit/Documents/MCUXpresso_11.1.1_3241/workspace/lpc_chip_175x_6x/Debug/liblpc_chip_175x_6x.a(sysinit_17xx_40xx.o)
 .text.Chip_Clock_IsCrystalEnabled
                0x0000000000002470       0x24 /home/ankit/Documents/MCUXpresso_11.1.1_3241/workspace/lpc_chip_175x_6x/Debug/liblpc_chip_175x_6x.a(sysinit_17xx_40xx.o)
 .text.Chip_Clock_SetMainPLLSource
                0x0000000000002494       0x20 /home/ankit/Documents/MCUXpresso_11.1.1_3241/workspace/lpc_chip_175x_6x/Debug/liblpc_chip_175x_6x.a(sysinit_17xx_40xx.o)
 .text.Chip_SetupXtalClocking
                0x00000000000024b4       0x90 /home/ankit/Documents/MCUXpresso_11.1.1_3241/workspace/lpc_chip_175x_6x/Debug/liblpc_chip_175x_6x.a(sysinit_17xx_40xx.o)
                0x00000000000024b4                Chip_SetupXtalClocking
 .text.RingBuffer_IsEmpty
                0x0000000000002544       0x28 /home/ankit/Documents/MCUXpresso_11.1.1_3241/workspace/lpc_chip_175x_6x/Debug/liblpc_chip_175x_6x.a(uart_17xx_40xx.o)
 .text.Chip_UART_SendByte
                0x000000000000256c       0x1c /home/ankit/Documents/MCUXpresso_11.1.1_3241/workspace/lpc_chip_175x_6x/Debug/liblpc_chip_175x_6x.a(uart_17xx_40xx.o)
 .text.Chip_UART_ReadByte
                0x0000000000002588       0x18 /home/ankit/Documents/MCUXpresso_11.1.1_3241/workspace/lpc_chip_175x_6x/Debug/liblpc_chip_175x_6x.a(uart_17xx_40xx.o)
 .text.Chip_UART_IntEnable
                0x00000000000025a0       0x20 /home/ankit/Documents/MCUXpresso_11.1.1_3241/workspace/lpc_chip_175x_6x/Debug/liblpc_chip_175x_6x.a(uart_17xx_40xx.o)
 .text.Chip_UART_IntDisable
                0x00000000000025c0       0x22 /home/ankit/Documents/MCUXpresso_11.1.1_3241/workspace/lpc_chip_175x_6x/Debug/liblpc_chip_175x_6x.a(uart_17xx_40xx.o)
 .text.Chip_UART_ReadIntIDReg
                0x00000000000025e2       0x16 /home/ankit/Documents/MCUXpresso_11.1.1_3241/workspace/lpc_chip_175x_6x/Debug/liblpc_chip_175x_6x.a(uart_17xx_40xx.o)
 .text.Chip_UART_SetupFIFOS
                0x00000000000025f8       0x1a /home/ankit/Documents/MCUXpresso_11.1.1_3241/workspace/lpc_chip_175x_6x/Debug/liblpc_chip_175x_6x.a(uart_17xx_40xx.o)
 .text.Chip_UART_ConfigData
                0x0000000000002612       0x1a /home/ankit/Documents/MCUXpresso_11.1.1_3241/workspace/lpc_chip_175x_6x/Debug/liblpc_chip_175x_6x.a(uart_17xx_40xx.o)
 .text.Chip_UART_EnableDivisorAccess
                0x000000000000262c       0x1e /home/ankit/Documents/MCUXpresso_11.1.1_3241/workspace/lpc_chip_175x_6x/Debug/liblpc_chip_175x_6x.a(uart_17xx_40xx.o)
 .text.Chip_UART_DisableDivisorAccess
                0x000000000000264a       0x1e /home/ankit/Documents/MCUXpresso_11.1.1_3241/workspace/lpc_chip_175x_6x/Debug/liblpc_chip_175x_6x.a(uart_17xx_40xx.o)
 .text.Chip_UART_SetDivisorLatches
                0x0000000000002668       0x26 /home/ankit/Documents/MCUXpresso_11.1.1_3241/workspace/lpc_chip_175x_6x/Debug/liblpc_chip_175x_6x.a(uart_17xx_40xx.o)
 .text.Chip_UART_ReadLineStatus
                0x000000000000268e       0x16 /home/ankit/Documents/MCUXpresso_11.1.1_3241/workspace/lpc_chip_175x_6x/Debug/liblpc_chip_175x_6x.a(uart_17xx_40xx.o)
 .text.Chip_UART_SetAutoBaudReg
                0x00000000000026a4       0x20 /home/ankit/Documents/MCUXpresso_11.1.1_3241/workspace/lpc_chip_175x_6x/Debug/liblpc_chip_175x_6x.a(uart_17xx_40xx.o)
 .text.Chip_UART_GetClockIndex
                0x00000000000026c4       0x50 /home/ankit/Documents/MCUXpresso_11.1.1_3241/workspace/lpc_chip_175x_6x/Debug/liblpc_chip_175x_6x.a(uart_17xx_40xx.o)
 .text.Chip_UART_ABIntHandler
                0x0000000000002714       0x6c /home/ankit/Documents/MCUXpresso_11.1.1_3241/workspace/lpc_chip_175x_6x/Debug/liblpc_chip_175x_6x.a(uart_17xx_40xx.o)
 .text.Chip_UART_GetClkIndex
                0x0000000000002780       0x50 /home/ankit/Documents/MCUXpresso_11.1.1_3241/workspace/lpc_chip_175x_6x/Debug/liblpc_chip_175x_6x.a(uart_17xx_40xx.o)
 .text.Chip_UART_Init
                0x00000000000027d0       0x78 /home/ankit/Documents/MCUXpresso_11.1.1_3241/workspace/lpc_chip_175x_6x/Debug/liblpc_chip_175x_6x.a(uart_17xx_40xx.o)
                0x00000000000027d0                Chip_UART_Init
 .text.Chip_UART_DeInit
                0x0000000000002848       0x24 /home/ankit/Documents/MCUXpresso_11.1.1_3241/workspace/lpc_chip_175x_6x/Debug/liblpc_chip_175x_6x.a(uart_17xx_40xx.o)
                0x0000000000002848                Chip_UART_DeInit
 .text.Chip_UART_TXEnable
                0x000000000000286c       0x18 /home/ankit/Documents/MCUXpresso_11.1.1_3241/workspace/lpc_chip_175x_6x/Debug/liblpc_chip_175x_6x.a(uart_17xx_40xx.o)
                0x000000000000286c                Chip_UART_TXEnable
 .text.Chip_UART_TXDisable
                0x0000000000002884       0x18 /home/ankit/Documents/MCUXpresso_11.1.1_3241/workspace/lpc_chip_175x_6x/Debug/liblpc_chip_175x_6x.a(uart_17xx_40xx.o)
                0x0000000000002884                Chip_UART_TXDisable
 .text.Chip_UART_SetBaud
                0x000000000000289c       0x62 /home/ankit/Documents/MCUXpresso_11.1.1_3241/workspace/lpc_chip_175x_6x/Debug/liblpc_chip_175x_6x.a(uart_17xx_40xx.o)
                0x000000000000289c                Chip_UART_SetBaud
 .text.Chip_UART_RXIntHandlerRB
                0x00000000000028fe       0x3a /home/ankit/Documents/MCUXpresso_11.1.1_3241/workspace/lpc_chip_175x_6x/Debug/liblpc_chip_175x_6x.a(uart_17xx_40xx.o)
                0x00000000000028fe                Chip_UART_RXIntHandlerRB
 .text.Chip_UART_TXIntHandlerRB
                0x0000000000002938       0x40 /home/ankit/Documents/MCUXpresso_11.1.1_3241/workspace/lpc_chip_175x_6x/Debug/liblpc_chip_175x_6x.a(uart_17xx_40xx.o)
                0x0000000000002938                Chip_UART_TXIntHandlerRB
 .text.Chip_UART_SendRB
                0x0000000000002978       0x60 /home/ankit/Documents/MCUXpresso_11.1.1_3241/workspace/lpc_chip_175x_6x/Debug/liblpc_chip_175x_6x.a(uart_17xx_40xx.o)
                0x0000000000002978                Chip_UART_SendRB
 .text.Chip_UART_ReadRB
                0x00000000000029d8       0x22 /home/ankit/Documents/MCUXpresso_11.1.1_3241/workspace/lpc_chip_175x_6x/Debug/liblpc_chip_175x_6x.a(uart_17xx_40xx.o)
                0x00000000000029d8                Chip_UART_ReadRB
 .text.Chip_UART_IRQRBHandler
                0x00000000000029fa       0x4a /home/ankit/Documents/MCUXpresso_11.1.1_3241/workspace/lpc_chip_175x_6x/Debug/liblpc_chip_175x_6x.a(uart_17xx_40xx.o)
                0x00000000000029fa                Chip_UART_IRQRBHandler
 .text.memcpy   0x0000000000002a44        0x4 /usr/local/mcuxpressoide-11.1.1_3241/ide/plugins/com.nxp.mcuxpresso.tools.linux_11.1.0.202001081728/tools/bin/../lib/gcc/arm-none-eabi/8.3.1/../../../../arm-none-eabi/lib/thumb/v7-m/nofp/libcr_c.a(memcpy.o)
                0x0000000000002a44                memcpy
 .text.memset   0x0000000000002a48        0x4 /usr/local/mcuxpressoide-11.1.1_3241/ide/plugins/com.nxp.mcuxpresso.tools.linux_11.1.0.202001081728/tools/bin/../lib/gcc/arm-none-eabi/8.3.1/../../../../arm-none-eabi/lib/thumb/v7-m/nofp/libcr_c.a(memset.o)
                0x0000000000002a48                memset
 .text.__weak_main
                0x0000000000002a4c        0x4 /usr/local/mcuxpressoide-11.1.1_3241/ide/plugins/com.nxp.mcuxpresso.tools.linux_11.1.0.202001081728/tools/bin/../lib/gcc/arm-none-eabi/8.3.1/../../../../arm-none-eabi/lib/thumb/v7-m/nofp/libcr_c.a(__weak__main.o)
                0x0000000000002a4c                __main
                0x0000000000002a4c                __weak_main
 .text.malloc   0x0000000000002a50       0xc8 /usr/local/mcuxpressoide-11.1.1_3241/ide/plugins/com.nxp.mcuxpresso.tools.linux_11.1.0.202001081728/tools/bin/../lib/gcc/arm-none-eabi/8.3.1/../../../../arm-none-eabi/lib/thumb/v7-m/nofp/libcr_c.a(alloc.o)
                0x0000000000002a50                malloc
 .text.free     0x0000000000002b18       0x30 /usr/local/mcuxpressoide-11.1.1_3241/ide/plugins/com.nxp.mcuxpresso.tools.linux_11.1.0.202001081728/tools/bin/../lib/gcc/arm-none-eabi/8.3.1/../../../../arm-none-eabi/lib/thumb/v7-m/nofp/libcr_c.a(alloc.o)
                0x0000000000002b18                free
 .text.strstr   0x0000000000002b48       0x20 /usr/local/mcuxpressoide-11.1.1_3241/ide/plugins/com.nxp.mcuxpresso.tools.linux_11.1.0.202001081728/tools/bin/../lib/gcc/arm-none-eabi/8.3.1/../../../../arm-none-eabi/lib/thumb/v7-m/nofp/libcr_c.a(strstr.o)
                0x0000000000002b48                strstr
 .text._sbrk    0x0000000000002b68       0x3c /usr/local/mcuxpressoide-11.1.1_3241/ide/plugins/com.nxp.mcuxpresso.tools.linux_11.1.0.202001081728/tools/bin/../lib/gcc/arm-none-eabi/8.3.1/../../../../arm-none-eabi/lib/thumb/v7-m/nofp/libcr_c.a(_cr_sbrk.o)
                0x0000000000002b68                _sbrk
 .text.__check_heap_overflow
                0x0000000000002ba4       0x18 /usr/local/mcuxpressoide-11.1.1_3241/ide/plugins/com.nxp.mcuxpresso.tools.linux_11.1.0.202001081728/tools/bin/../lib/gcc/arm-none-eabi/8.3.1/../../../../arm-none-eabi/lib/thumb/v7-m/nofp/libcr_c.a(_cr_check_heap.o)
                0x0000000000002ba4                __check_heap_overflow
 .text.__aeabi_memcpy
                0x0000000000002bbc       0x34 /usr/local/mcuxpressoide-11.1.1_3241/ide/plugins/com.nxp.mcuxpresso.tools.linux_11.1.0.202001081728/tools/bin/../lib/gcc/arm-none-eabi/8.3.1/thumb/v7-m/nofp/libcr_eabihelpers.a(memcpy.o)
                0x0000000000002bbc                __aeabi_memcpy
                0x0000000000002bc6                __aeabi_memcpy4
                0x0000000000002bc6                __aeabi_memcpy8
 .text.__aeabi_memset_lowlevel
                0x0000000000002bf0       0x32 /usr/local/mcuxpressoide-11.1.1_3241/ide/plugins/com.nxp.mcuxpresso.tools.linux_11.1.0.202001081728/tools/bin/../lib/gcc/arm-none-eabi/8.3.1/thumb/v7-m/nofp/libcr_eabihelpers.a(memcpy.o)
                0x0000000000002bf0                __aeabi_lowlevel_memset
 *(.rodata .rodata.* .constdata .constdata.*)
 *fill*         0x0000000000002c22        0x2 ff
 .rodata.inst1  0x0000000000002c24       0x10 ./src/Interface_LPC1769_SIM7600.o
                0x0000000000002c24                inst1
 .rodata.inst2  0x0000000000002c34       0x1d ./src/Interface_LPC1769_SIM7600.o
                0x0000000000002c34                inst2
 *fill*         0x0000000000002c51        0x3 ff
 .rodata.inst3  0x0000000000002c54       0x39 ./src/Interface_LPC1769_SIM7600.o
                0x0000000000002c54                inst3
 *fill*         0x0000000000002c8d        0x3 ff
 .rodata.inst4  0x0000000000002c90       0x19 ./src/Interface_LPC1769_SIM7600.o
                0x0000000000002c90                inst4
 *fill*         0x0000000000002ca9        0x3 ff
 .rodata.inst5  0x0000000000002cac        0xc ./src/Interface_LPC1769_SIM7600.o
                0x0000000000002cac                inst5
 .rodata.inst6  0x0000000000002cb8        0x7 ./src/Interface_LPC1769_SIM7600.o
                0x0000000000002cb8                inst6
 *fill*         0x0000000000002cbf        0x1 ff
 .rodata.inst8  0x0000000000002cc0       0x14 ./src/Interface_LPC1769_SIM7600.o
                0x0000000000002cc0                inst8
 .rodata.inst9  0x0000000000002cd4        0xb ./src/Interface_LPC1769_SIM7600.o
                0x0000000000002cd4                inst9
 *fill*         0x0000000000002cdf        0x1 ff
 .rodata.inst10
                0x0000000000002ce0       0x16 ./src/Interface_LPC1769_SIM7600.o
                0x0000000000002ce0                inst10
 *fill*         0x0000000000002cf6        0x2 ff
 .rodata.inst11
                0x0000000000002cf8        0x9 ./src/Interface_LPC1769_SIM7600.o
                0x0000000000002cf8                inst11
 *fill*         0x0000000000002d01        0x3 ff
 .rodata.inst13
                0x0000000000002d04       0x15 ./src/Interface_LPC1769_SIM7600.o
                0x0000000000002d04                inst13
 *fill*         0x0000000000002d19        0x3 ff
 .rodata.inst14
                0x0000000000002d1c       0x16 ./src/Interface_LPC1769_SIM7600.o
                0x0000000000002d1c                inst14
 *fill*         0x0000000000002d32        0x2 ff
 .rodata.inst15
                0x0000000000002d34        0x7 ./src/Interface_LPC1769_SIM7600.o
                0x0000000000002d34                inst15
 *fill*         0x0000000000002d3b        0x1 ff
 .rodata.main.str1.4
                0x0000000000002d3c        0xd ./src/Interface_LPC1769_SIM7600.o
 *fill*         0x0000000000002d49        0x3 ff
 .rodata.vSIM_7600_Task.str1.4
                0x0000000000002d4c        0x6 ./src/Interface_LPC1769_SIM7600.o
 *fill*         0x0000000000002d52        0x2 ff
 .rodata.vTaskStartScheduler.str1.4
                0x0000000000002d54        0x8 ./Third-Party/FreeRTOS/org/Source/tasks.o
                                          0x5 (size before relaxing)
 .rodata.OscRateIn
                0x0000000000002d5c        0x4 /home/ankit/Documents/MCUXpresso_11.1.1_3241/workspace/lpc_board_nxp_lpcxpresso_1769/Debug/liblpc_board_nxp_lpcxpresso_1769.a(board.o)
                0x0000000000002d5c                OscRateIn
 .rodata.RTCOscRateIn
                0x0000000000002d60        0x4 /home/ankit/Documents/MCUXpresso_11.1.1_3241/workspace/lpc_board_nxp_lpcxpresso_1769/Debug/liblpc_board_nxp_lpcxpresso_1769.a(board.o)
                0x0000000000002d60                RTCOscRateIn
 .rodata.pinmuxing
                0x0000000000002d64       0x68 /home/ankit/Documents/MCUXpresso_11.1.1_3241/workspace/lpc_board_nxp_lpcxpresso_1769/Debug/liblpc_board_nxp_lpcxpresso_1769.a(board_sysinit.o)
                0x0000000000002dcc                . = ALIGN (0x4)

.glue_7         0x0000000000002dcc        0x0
 .glue_7        0x0000000000002dcc        0x0 linker stubs

.glue_7t        0x0000000000002dcc        0x0
 .glue_7t       0x0000000000002dcc        0x0 linker stubs

.vfp11_veneer   0x0000000000002dcc        0x0
 .vfp11_veneer  0x0000000000002dcc        0x0 linker stubs

.v4_bx          0x0000000000002dcc        0x0
 .v4_bx         0x0000000000002dcc        0x0 linker stubs

.iplt           0x0000000000002dcc        0x0
 .iplt          0x0000000000002dcc        0x0 ./src/Interface_LPC1769_SIM7600.o

.rel.dyn        0x0000000000002dcc        0x0
 .rel.iplt      0x0000000000002dcc        0x0 ./src/Interface_LPC1769_SIM7600.o

.ARM.extab
 *(.ARM.extab* .gnu.linkonce.armextab.*)

.ARM.exidx      0x0000000000002dcc        0x0
                0x0000000000002dcc                __exidx_start = .
 *(.ARM.exidx* .gnu.linkonce.armexidx.*)
                0x0000000000002dcc                __exidx_end = .
                0x0000000000002dcc                _etext = .

.data_RAM2      0x000000002007c000        0x0 load address 0x0000000000002dcc
 FILL mask 0xff
                [!provide]                        PROVIDE (__start_data_RAM2 = .)
                [!provide]                        PROVIDE (__start_data_RamAHB32 = .)
 *(.ramfunc.$RAM2)
 *(.ramfunc.$RamAHB32)
 *(.data.$RAM2)
 *(.data.$RamAHB32)
 *(.data.$RAM2.*)
 *(.data.$RamAHB32.*)
                0x000000002007c000                . = ALIGN (0x4)
                [!provide]                        PROVIDE (__end_data_RAM2 = .)
                [!provide]                        PROVIDE (__end_data_RamAHB32 = .)

.uninit_RESERVED
                0x0000000010000000        0x0
                0x0000000010000000                _start_uninit_RESERVED = .
 *(.bss.$RESERVED*)
                0x0000000010000000                . = ALIGN (0x4)
                0x0000000010000000                _end_uninit_RESERVED = .

.data           0x0000000010000000        0x8 load address 0x0000000000002dcc
 FILL mask 0xff
                0x0000000010000000                _data = .
                [!provide]                        PROVIDE (__start_data_RAM = .)
                [!provide]                        PROVIDE (__start_data_RamLoc32 = .)
 *(vtable)
 *(.ramfunc*)
 *(CodeQuickAccess)
 *(DataQuickAccess)
 *(RamFunction)
 *(.data*)
 .data.length_rxDatabuff
                0x0000000010000000        0x4 ./src/Interface_LPC1769_SIM7600.o
                0x0000000010000000                length_rxDatabuff
 .data.uxCriticalNesting
                0x0000000010000004        0x4 ./Third-Party/FreeRTOS/org/Source/portable/GCC/ARM_CM3/port.o
                0x0000000010000008                . = ALIGN (0x4)
                0x0000000010000008                _edata = .
                [!provide]                        PROVIDE (__end_data_RAM = .)
                [!provide]                        PROVIDE (__end_data_RamLoc32 = .)

.igot.plt       0x0000000010000008        0x0 load address 0x0000000000002dd4
 .igot.plt      0x0000000010000008        0x0 ./src/Interface_LPC1769_SIM7600.o

.bss_RAM2       0x000000002007c000        0x0
                [!provide]                        PROVIDE (__start_bss_RAM2 = .)
                [!provide]                        PROVIDE (__start_bss_RamAHB32 = .)
 *(.bss.$RAM2)
 *(.bss.$RamAHB32)
 *(.bss.$RAM2.*)
 *(.bss.$RamAHB32.*)
                0x000000002007c000                . = ALIGN ((. != 0x0)?0x4:0x1)
                [!provide]                        PROVIDE (__end_bss_RAM2 = .)
                [!provide]                        PROVIDE (__end_bss_RamAHB32 = .)

.bss            0x0000000010000008      0xd88
                0x0000000010000008                _bss = .
                [!provide]                        PROVIDE (__start_bss_RAM = .)
                [!provide]                        PROVIDE (__start_bss_RamLoc32 = .)
 *(.bss*)
 .bss.txring    0x0000000010000008       0x14 ./src/Interface_LPC1769_SIM7600.o
 .bss.rxring    0x000000001000001c       0x14 ./src/Interface_LPC1769_SIM7600.o
 .bss.rxbuff    0x0000000010000030      0x400 ./src/Interface_LPC1769_SIM7600.o
 .bss.txbuff    0x0000000010000430      0x400 ./src/Interface_LPC1769_SIM7600.o
 .bss.rxDataBuff
                0x0000000010000830      0x400 ./src/Interface_LPC1769_SIM7600.o
                0x0000000010000830                rxDataBuff
 .bss.ulTimerCountsForOneTick
                0x0000000010000c30        0x4 ./Third-Party/FreeRTOS/org/Source/portable/GCC/ARM_CM3/port.o
 .bss.xMaximumPossibleSuppressedTicks
                0x0000000010000c34        0x4 ./Third-Party/FreeRTOS/org/Source/portable/GCC/ARM_CM3/port.o
 .bss.ulStoppedTimerCompensation
                0x0000000010000c38        0x4 ./Third-Party/FreeRTOS/org/Source/portable/GCC/ARM_CM3/port.o
 .bss.pxCurrentTCB
                0x0000000010000c3c        0x4 ./Third-Party/FreeRTOS/org/Source/tasks.o
                0x0000000010000c3c                pxCurrentTCB
 .bss.pxReadyTasksLists
                0x0000000010000c40       0xa0 ./Third-Party/FreeRTOS/org/Source/tasks.o
 .bss.xDelayedTaskList1
                0x0000000010000ce0       0x14 ./Third-Party/FreeRTOS/org/Source/tasks.o
 .bss.xDelayedTaskList2
                0x0000000010000cf4       0x14 ./Third-Party/FreeRTOS/org/Source/tasks.o
 .bss.pxDelayedTaskList
                0x0000000010000d08        0x4 ./Third-Party/FreeRTOS/org/Source/tasks.o
 .bss.pxOverflowDelayedTaskList
                0x0000000010000d0c        0x4 ./Third-Party/FreeRTOS/org/Source/tasks.o
 .bss.xPendingReadyList
                0x0000000010000d10       0x14 ./Third-Party/FreeRTOS/org/Source/tasks.o
 .bss.xTasksWaitingTermination
                0x0000000010000d24       0x14 ./Third-Party/FreeRTOS/org/Source/tasks.o
 .bss.uxDeletedTasksWaitingCleanUp
                0x0000000010000d38        0x4 ./Third-Party/FreeRTOS/org/Source/tasks.o
 .bss.xSuspendedTaskList
                0x0000000010000d3c       0x14 ./Third-Party/FreeRTOS/org/Source/tasks.o
 .bss.uxCurrentNumberOfTasks
                0x0000000010000d50        0x4 ./Third-Party/FreeRTOS/org/Source/tasks.o
 .bss.xTickCount
                0x0000000010000d54        0x4 ./Third-Party/FreeRTOS/org/Source/tasks.o
 .bss.uxTopReadyPriority
                0x0000000010000d58        0x4 ./Third-Party/FreeRTOS/org/Source/tasks.o
 .bss.xSchedulerRunning
                0x0000000010000d5c        0x4 ./Third-Party/FreeRTOS/org/Source/tasks.o
 .bss.xPendedTicks
                0x0000000010000d60        0x4 ./Third-Party/FreeRTOS/org/Source/tasks.o
 .bss.xYieldPending
                0x0000000010000d64        0x4 ./Third-Party/FreeRTOS/org/Source/tasks.o
 .bss.xNumOfOverflows
                0x0000000010000d68        0x4 ./Third-Party/FreeRTOS/org/Source/tasks.o
 .bss.uxTaskNumber
                0x0000000010000d6c        0x4 ./Third-Party/FreeRTOS/org/Source/tasks.o
 .bss.xNextTaskUnblockTime
                0x0000000010000d70        0x4 ./Third-Party/FreeRTOS/org/Source/tasks.o
 .bss.xIdleTaskHandle
                0x0000000010000d74        0x4 ./Third-Party/FreeRTOS/org/Source/tasks.o
 .bss.uxSchedulerSuspended
                0x0000000010000d78        0x4 ./Third-Party/FreeRTOS/org/Source/tasks.o
 .bss.ABsyncSts
                0x0000000010000d7c        0x1 /home/ankit/Documents/MCUXpresso_11.1.1_3241/workspace/lpc_chip_175x_6x/Debug/liblpc_chip_175x_6x.a(uart_17xx_40xx.o)
 *fill*         0x0000000010000d7d        0x3 
 .bss.__end_of_heap
                0x0000000010000d80        0x4 /usr/local/mcuxpressoide-11.1.1_3241/ide/plugins/com.nxp.mcuxpresso.tools.linux_11.1.0.202001081728/tools/bin/../lib/gcc/arm-none-eabi/8.3.1/../../../../arm-none-eabi/lib/thumb/v7-m/nofp/libcr_c.a(__init_alloc.o)
                0x0000000010000d80                __end_of_heap
 .bss.__heaps   0x0000000010000d84        0x4 /usr/local/mcuxpressoide-11.1.1_3241/ide/plugins/com.nxp.mcuxpresso.tools.linux_11.1.0.202001081728/tools/bin/../lib/gcc/arm-none-eabi/8.3.1/../../../../arm-none-eabi/lib/thumb/v7-m/nofp/libcr_c.a(__init_alloc.o)
                0x0000000010000d84                __heaps
 .bss.errno     0x0000000010000d88        0x4 /usr/local/mcuxpressoide-11.1.1_3241/ide/plugins/com.nxp.mcuxpresso.tools.linux_11.1.0.202001081728/tools/bin/../lib/gcc/arm-none-eabi/8.3.1/../../../../arm-none-eabi/lib/thumb/v7-m/nofp/libcr_c.a(errno.o)
                0x0000000010000d88                errno
 *(COMMON)
 COMMON         0x0000000010000d8c        0x4 /home/ankit/Documents/MCUXpresso_11.1.1_3241/workspace/lpc_chip_175x_6x/Debug/liblpc_chip_175x_6x.a(chip_17xx_40xx.o)
                0x0000000010000d8c                SystemCoreClock
                0x0000000010000d90                . = ALIGN (0x4)
                0x0000000010000d90                _ebss = .
                [!provide]                        PROVIDE (__end_bss_RAM = .)
                [!provide]                        PROVIDE (__end_bss_RamLoc32 = .)
                [!provide]                        PROVIDE (end = .)

.noinit_RAM2    0x000000002007c000        0x0
                [!provide]                        PROVIDE (__start_noinit_RAM2 = .)
                [!provide]                        PROVIDE (__start_noinit_RamAHB32 = .)
 *(.noinit.$RAM2)
 *(.noinit.$RamAHB32)
 *(.noinit.$RAM2.*)
 *(.noinit.$RamAHB32.*)
                0x000000002007c000                . = ALIGN (0x4)
                [!provide]                        PROVIDE (__end_noinit_RAM2 = .)
                [!provide]                        PROVIDE (__end_noinit_RamAHB32 = .)

.noinit         0x0000000010000d90        0x0
                0x0000000010000d90                _noinit = .
                [!provide]                        PROVIDE (__start_noinit_RAM = .)
                [!provide]                        PROVIDE (__start_noinit_RamLoc32 = .)
 *(.noinit*)
                0x0000000010000d90                . = ALIGN (0x4)
                0x0000000010000d90                _end_noinit = .
                [!provide]                        PROVIDE (__end_noinit_RAM = .)
                [!provide]                        PROVIDE (__end_noinit_RamLoc32 = .)
                0x0000000010000d90                PROVIDE (_pvHeapStart = DEFINED (__user_heap_base)?__user_heap_base:.)
                0x0000000010008000                PROVIDE (_vStackTop = DEFINED (__user_stack_top)?__user_stack_top:(__top_RamLoc32 - 0x0))
                0xffffffffefff74de                PROVIDE (__valid_user_code_checksum = (0x0 - ((((((_vStackTop + (ResetISR + 0x1)) + (NMI_Handler + 0x1)) + (HardFault_Handler + 0x1)) + (DEFINED (MemManage_Handler)?MemManage_Handler:0x0 + 0x1)) + (DEFINED (BusFault_Handler)?BusFault_Handler:0x0 + 0x1)) + (DEFINED (UsageFault_Handler)?UsageFault_Handler:0x0 + 0x1))))
                0x0000000000000000                _image_start = LOADADDR (.text)
                0x0000000000002dd4                _image_end = (LOADADDR (.data) + SIZEOF (.data))
                0x0000000000002dd4                _image_size = (_image_end - _image_start)
OUTPUT(Interface_LPC1769_SIM7600.axf elf32-littlearm)

.debug_info     0x0000000000000000     0x88f2
 .debug_info    0x0000000000000000      0xe16 ./src/Interface_LPC1769_SIM7600.o
 .debug_info    0x0000000000000e16      0x276 ./src/cr_startup_lpc175x_6x.o
 .debug_info    0x000000000000108c       0x40 ./src/crp.o
 .debug_info    0x00000000000010cc      0x250 ./src/sysinit.o
 .debug_info    0x000000000000131c      0x282 ./Third-Party/FreeRTOS/org/Source/portable/MemMang/heap_3.o
 .debug_info    0x000000000000159e      0x610 ./Third-Party/FreeRTOS/org/Source/portable/GCC/ARM_CM3/port.o
 .debug_info    0x0000000000001bae      0x455 ./Third-Party/FreeRTOS/org/Source/list.o
 .debug_info    0x0000000000002003     0x1e4d ./Third-Party/FreeRTOS/org/Source/tasks.o
 .debug_info    0x0000000000003e50     0x1651 /home/ankit/Documents/MCUXpresso_11.1.1_3241/workspace/lpc_board_nxp_lpcxpresso_1769/Debug/liblpc_board_nxp_lpcxpresso_1769.a(board.o)
 .debug_info    0x00000000000054a1      0x71d /home/ankit/Documents/MCUXpresso_11.1.1_3241/workspace/lpc_board_nxp_lpcxpresso_1769/Debug/liblpc_board_nxp_lpcxpresso_1769.a(board_sysinit.o)
 .debug_info    0x0000000000005bbe      0x591 /home/ankit/Documents/MCUXpresso_11.1.1_3241/workspace/lpc_chip_175x_6x/Debug/liblpc_chip_175x_6x.a(chip_17xx_40xx.o)
 .debug_info    0x000000000000614f      0xc2a /home/ankit/Documents/MCUXpresso_11.1.1_3241/workspace/lpc_chip_175x_6x/Debug/liblpc_chip_175x_6x.a(clock_17xx_40xx.o)
 .debug_info    0x0000000000006d79      0x347 /home/ankit/Documents/MCUXpresso_11.1.1_3241/workspace/lpc_chip_175x_6x/Debug/liblpc_chip_175x_6x.a(iocon_17xx_40xx.o)
 .debug_info    0x00000000000070c0      0x3a8 /home/ankit/Documents/MCUXpresso_11.1.1_3241/workspace/lpc_chip_175x_6x/Debug/liblpc_chip_175x_6x.a(ring_buffer.o)
 .debug_info    0x0000000000007468      0x4b0 /home/ankit/Documents/MCUXpresso_11.1.1_3241/workspace/lpc_chip_175x_6x/Debug/liblpc_chip_175x_6x.a(sysinit_17xx_40xx.o)
 .debug_info    0x0000000000007918      0xfda /home/ankit/Documents/MCUXpresso_11.1.1_3241/workspace/lpc_chip_175x_6x/Debug/liblpc_chip_175x_6x.a(uart_17xx_40xx.o)

.debug_abbrev   0x0000000000000000     0x1f7d
 .debug_abbrev  0x0000000000000000      0x2ed ./src/Interface_LPC1769_SIM7600.o
 .debug_abbrev  0x00000000000002ed      0x12a ./src/cr_startup_lpc175x_6x.o
 .debug_abbrev  0x0000000000000417       0x38 ./src/crp.o
 .debug_abbrev  0x000000000000044f       0xeb ./src/sysinit.o
 .debug_abbrev  0x000000000000053a      0x12b ./Third-Party/FreeRTOS/org/Source/portable/MemMang/heap_3.o
 .debug_abbrev  0x0000000000000665      0x29a ./Third-Party/FreeRTOS/org/Source/portable/GCC/ARM_CM3/port.o
 .debug_abbrev  0x00000000000008ff      0x136 ./Third-Party/FreeRTOS/org/Source/list.o
 .debug_abbrev  0x0000000000000a35      0x30b ./Third-Party/FreeRTOS/org/Source/tasks.o
 .debug_abbrev  0x0000000000000d40      0x3fb /home/ankit/Documents/MCUXpresso_11.1.1_3241/workspace/lpc_board_nxp_lpcxpresso_1769/Debug/liblpc_board_nxp_lpcxpresso_1769.a(board.o)
 .debug_abbrev  0x000000000000113b      0x1a2 /home/ankit/Documents/MCUXpresso_11.1.1_3241/workspace/lpc_board_nxp_lpcxpresso_1769/Debug/liblpc_board_nxp_lpcxpresso_1769.a(board_sysinit.o)
 .debug_abbrev  0x00000000000012dd      0x16d /home/ankit/Documents/MCUXpresso_11.1.1_3241/workspace/lpc_chip_175x_6x/Debug/liblpc_chip_175x_6x.a(chip_17xx_40xx.o)
 .debug_abbrev  0x000000000000144a      0x34d /home/ankit/Documents/MCUXpresso_11.1.1_3241/workspace/lpc_chip_175x_6x/Debug/liblpc_chip_175x_6x.a(clock_17xx_40xx.o)
 .debug_abbrev  0x0000000000001797      0x164 /home/ankit/Documents/MCUXpresso_11.1.1_3241/workspace/lpc_chip_175x_6x/Debug/liblpc_chip_175x_6x.a(iocon_17xx_40xx.o)
 .debug_abbrev  0x00000000000018fb      0x17e /home/ankit/Documents/MCUXpresso_11.1.1_3241/workspace/lpc_chip_175x_6x/Debug/liblpc_chip_175x_6x.a(ring_buffer.o)
 .debug_abbrev  0x0000000000001a79      0x1b0 /home/ankit/Documents/MCUXpresso_11.1.1_3241/workspace/lpc_chip_175x_6x/Debug/liblpc_chip_175x_6x.a(sysinit_17xx_40xx.o)
 .debug_abbrev  0x0000000000001c29      0x354 /home/ankit/Documents/MCUXpresso_11.1.1_3241/workspace/lpc_chip_175x_6x/Debug/liblpc_chip_175x_6x.a(uart_17xx_40xx.o)

.debug_aranges  0x0000000000000000      0x918
 .debug_aranges
                0x0000000000000000       0x70 ./src/Interface_LPC1769_SIM7600.o
 .debug_aranges
                0x0000000000000070       0x80 ./src/cr_startup_lpc175x_6x.o
 .debug_aranges
                0x00000000000000f0       0x18 ./src/crp.o
 .debug_aranges
                0x0000000000000108       0x20 ./src/sysinit.o
 .debug_aranges
                0x0000000000000128       0x28 ./Third-Party/FreeRTOS/org/Source/portable/MemMang/heap_3.o
 .debug_aranges
                0x0000000000000150       0x78 ./Third-Party/FreeRTOS/org/Source/portable/GCC/ARM_CM3/port.o
 .debug_aranges
                0x00000000000001c8       0x40 ./Third-Party/FreeRTOS/org/Source/list.o
 .debug_aranges
                0x0000000000000208      0x208 ./Third-Party/FreeRTOS/org/Source/tasks.o
 .debug_aranges
                0x0000000000000410      0x160 /home/ankit/Documents/MCUXpresso_11.1.1_3241/workspace/lpc_board_nxp_lpcxpresso_1769/Debug/liblpc_board_nxp_lpcxpresso_1769.a(board.o)
 .debug_aranges
                0x0000000000000570       0x38 /home/ankit/Documents/MCUXpresso_11.1.1_3241/workspace/lpc_board_nxp_lpcxpresso_1769/Debug/liblpc_board_nxp_lpcxpresso_1769.a(board_sysinit.o)
 .debug_aranges
                0x00000000000005a8       0x38 /home/ankit/Documents/MCUXpresso_11.1.1_3241/workspace/lpc_chip_175x_6x/Debug/liblpc_chip_175x_6x.a(chip_17xx_40xx.o)
 .debug_aranges
                0x00000000000005e0      0x120 /home/ankit/Documents/MCUXpresso_11.1.1_3241/workspace/lpc_chip_175x_6x/Debug/liblpc_chip_175x_6x.a(clock_17xx_40xx.o)
 .debug_aranges
                0x0000000000000700       0x30 /home/ankit/Documents/MCUXpresso_11.1.1_3241/workspace/lpc_chip_175x_6x/Debug/liblpc_chip_175x_6x.a(iocon_17xx_40xx.o)
 .debug_aranges
                0x0000000000000730       0x60 /home/ankit/Documents/MCUXpresso_11.1.1_3241/workspace/lpc_chip_175x_6x/Debug/liblpc_chip_175x_6x.a(ring_buffer.o)
 .debug_aranges
                0x0000000000000790       0x60 /home/ankit/Documents/MCUXpresso_11.1.1_3241/workspace/lpc_chip_175x_6x/Debug/liblpc_chip_175x_6x.a(sysinit_17xx_40xx.o)
 .debug_aranges
                0x00000000000007f0      0x128 /home/ankit/Documents/MCUXpresso_11.1.1_3241/workspace/lpc_chip_175x_6x/Debug/liblpc_chip_175x_6x.a(uart_17xx_40xx.o)

.debug_ranges   0x0000000000000000      0x810
 .debug_ranges  0x0000000000000000       0x60 ./src/Interface_LPC1769_SIM7600.o
 .debug_ranges  0x0000000000000060       0x70 ./src/cr_startup_lpc175x_6x.o
 .debug_ranges  0x00000000000000d0       0x10 ./src/sysinit.o
 .debug_ranges  0x00000000000000e0       0x18 ./Third-Party/FreeRTOS/org/Source/portable/MemMang/heap_3.o
 .debug_ranges  0x00000000000000f8       0x68 ./Third-Party/FreeRTOS/org/Source/portable/GCC/ARM_CM3/port.o
 .debug_ranges  0x0000000000000160       0x30 ./Third-Party/FreeRTOS/org/Source/list.o
 .debug_ranges  0x0000000000000190      0x1f8 ./Third-Party/FreeRTOS/org/Source/tasks.o
 .debug_ranges  0x0000000000000388      0x150 /home/ankit/Documents/MCUXpresso_11.1.1_3241/workspace/lpc_board_nxp_lpcxpresso_1769/Debug/liblpc_board_nxp_lpcxpresso_1769.a(board.o)
 .debug_ranges  0x00000000000004d8       0x28 /home/ankit/Documents/MCUXpresso_11.1.1_3241/workspace/lpc_board_nxp_lpcxpresso_1769/Debug/liblpc_board_nxp_lpcxpresso_1769.a(board_sysinit.o)
 .debug_ranges  0x0000000000000500       0x28 /home/ankit/Documents/MCUXpresso_11.1.1_3241/workspace/lpc_chip_175x_6x/Debug/liblpc_chip_175x_6x.a(chip_17xx_40xx.o)
 .debug_ranges  0x0000000000000528      0x110 /home/ankit/Documents/MCUXpresso_11.1.1_3241/workspace/lpc_chip_175x_6x/Debug/liblpc_chip_175x_6x.a(clock_17xx_40xx.o)
 .debug_ranges  0x0000000000000638       0x20 /home/ankit/Documents/MCUXpresso_11.1.1_3241/workspace/lpc_chip_175x_6x/Debug/liblpc_chip_175x_6x.a(iocon_17xx_40xx.o)
 .debug_ranges  0x0000000000000658       0x50 /home/ankit/Documents/MCUXpresso_11.1.1_3241/workspace/lpc_chip_175x_6x/Debug/liblpc_chip_175x_6x.a(ring_buffer.o)
 .debug_ranges  0x00000000000006a8       0x50 /home/ankit/Documents/MCUXpresso_11.1.1_3241/workspace/lpc_chip_175x_6x/Debug/liblpc_chip_175x_6x.a(sysinit_17xx_40xx.o)
 .debug_ranges  0x00000000000006f8      0x118 /home/ankit/Documents/MCUXpresso_11.1.1_3241/workspace/lpc_chip_175x_6x/Debug/liblpc_chip_175x_6x.a(uart_17xx_40xx.o)

.debug_macro    0x0000000000000000     0x6f6e
 .debug_macro   0x0000000000000000      0x2de ./src/Interface_LPC1769_SIM7600.o
 .debug_macro   0x00000000000002de      0xaa8 ./src/Interface_LPC1769_SIM7600.o
 .debug_macro   0x0000000000000d86       0x10 ./src/Interface_LPC1769_SIM7600.o
 .debug_macro   0x0000000000000d96      0x12e ./src/Interface_LPC1769_SIM7600.o
 .debug_macro   0x0000000000000ec4       0x16 ./src/Interface_LPC1769_SIM7600.o
 .debug_macro   0x0000000000000eda      0x5b3 ./src/Interface_LPC1769_SIM7600.o
 .debug_macro   0x000000000000148d       0x22 ./src/Interface_LPC1769_SIM7600.o
 .debug_macro   0x00000000000014af       0x74 ./src/Interface_LPC1769_SIM7600.o
 .debug_macro   0x0000000000001523       0x10 ./src/Interface_LPC1769_SIM7600.o
 .debug_macro   0x0000000000001533       0x2d ./src/Interface_LPC1769_SIM7600.o
 .debug_macro   0x0000000000001560       0x3a ./src/Interface_LPC1769_SIM7600.o
 .debug_macro   0x000000000000159a       0x2d ./src/Interface_LPC1769_SIM7600.o
 .debug_macro   0x00000000000015c7      0xbb1 ./src/Interface_LPC1769_SIM7600.o
 .debug_macro   0x0000000000002178      0x22c ./src/Interface_LPC1769_SIM7600.o
 .debug_macro   0x00000000000023a4       0x42 ./src/Interface_LPC1769_SIM7600.o
 .debug_macro   0x00000000000023e6       0x52 ./src/Interface_LPC1769_SIM7600.o
 .debug_macro   0x0000000000002438       0x78 ./src/Interface_LPC1769_SIM7600.o
 .debug_macro   0x00000000000024b0       0x82 ./src/Interface_LPC1769_SIM7600.o
 .debug_macro   0x0000000000002532      0x48c ./src/Interface_LPC1769_SIM7600.o
 .debug_macro   0x00000000000029be       0x34 ./src/Interface_LPC1769_SIM7600.o
 .debug_macro   0x00000000000029f2      0x4c5 ./src/Interface_LPC1769_SIM7600.o
 .debug_macro   0x0000000000002eb7      0x1b7 ./src/Interface_LPC1769_SIM7600.o
 .debug_macro   0x000000000000306e       0x10 ./src/Interface_LPC1769_SIM7600.o
 .debug_macro   0x000000000000307e      0x21b ./src/Interface_LPC1769_SIM7600.o
 .debug_macro   0x0000000000003299      0x1b9 ./src/Interface_LPC1769_SIM7600.o
 .debug_macro   0x0000000000003452       0x40 ./src/Interface_LPC1769_SIM7600.o
 .debug_macro   0x0000000000003492       0x22 ./src/Interface_LPC1769_SIM7600.o
 .debug_macro   0x00000000000034b4      0x162 ./src/Interface_LPC1769_SIM7600.o
 .debug_macro   0x0000000000003616       0x94 ./src/Interface_LPC1769_SIM7600.o
 .debug_macro   0x00000000000036aa       0xb8 ./src/Interface_LPC1769_SIM7600.o
 .debug_macro   0x0000000000003762       0x4c ./src/Interface_LPC1769_SIM7600.o
 .debug_macro   0x00000000000037ae       0x16 ./src/Interface_LPC1769_SIM7600.o
 .debug_macro   0x00000000000037c4      0x328 ./src/Interface_LPC1769_SIM7600.o
 .debug_macro   0x0000000000003aec       0x49 ./src/Interface_LPC1769_SIM7600.o
 .debug_macro   0x0000000000003b35       0x16 ./src/Interface_LPC1769_SIM7600.o
 .debug_macro   0x0000000000003b4b       0xca ./src/Interface_LPC1769_SIM7600.o
 .debug_macro   0x0000000000003c15       0x11 ./src/Interface_LPC1769_SIM7600.o
 .debug_macro   0x0000000000003c26       0x70 ./src/Interface_LPC1769_SIM7600.o
 .debug_macro   0x0000000000003c96       0x9a ./src/Interface_LPC1769_SIM7600.o
 .debug_macro   0x0000000000003d30       0x20 ./src/Interface_LPC1769_SIM7600.o
 .debug_macro   0x0000000000003d50       0x28 ./src/Interface_LPC1769_SIM7600.o
 .debug_macro   0x0000000000003d78       0xee ./src/Interface_LPC1769_SIM7600.o
 .debug_macro   0x0000000000003e66      0x15a ./src/Interface_LPC1769_SIM7600.o
 .debug_macro   0x0000000000003fc0       0xdd ./src/Interface_LPC1769_SIM7600.o
 .debug_macro   0x000000000000409d       0x1c ./src/Interface_LPC1769_SIM7600.o
 .debug_macro   0x00000000000040b9       0x26 ./src/Interface_LPC1769_SIM7600.o
 .debug_macro   0x00000000000040df      0x4fd ./src/Interface_LPC1769_SIM7600.o
 .debug_macro   0x00000000000045dc       0xb5 ./src/Interface_LPC1769_SIM7600.o
 .debug_macro   0x0000000000004691       0xaa ./src/Interface_LPC1769_SIM7600.o
 .debug_macro   0x000000000000473b       0x1d ./src/cr_startup_lpc175x_6x.o
 .debug_macro   0x0000000000004758       0x1a ./src/crp.o
 .debug_macro   0x0000000000004772       0x34 ./src/crp.o
 .debug_macro   0x00000000000047a6      0x217 ./src/sysinit.o
 .debug_macro   0x00000000000049bd       0x7b ./src/sysinit.o
 .debug_macro   0x0000000000004a38       0x18 ./src/sysinit.o
 .debug_macro   0x0000000000004a50      0x2b4 ./Third-Party/FreeRTOS/org/Source/portable/MemMang/heap_3.o
 .debug_macro   0x0000000000004d04       0x28 ./Third-Party/FreeRTOS/org/Source/portable/MemMang/heap_3.o
 .debug_macro   0x0000000000004d2c      0x336 ./Third-Party/FreeRTOS/org/Source/portable/GCC/ARM_CM3/port.o
 .debug_macro   0x0000000000005062      0x299 ./Third-Party/FreeRTOS/org/Source/list.o
 .debug_macro   0x00000000000052fb      0x369 ./Third-Party/FreeRTOS/org/Source/tasks.o
 .debug_macro   0x0000000000005664       0x10 ./Third-Party/FreeRTOS/org/Source/tasks.o
 .debug_macro   0x0000000000005674      0x2a1 /home/ankit/Documents/MCUXpresso_11.1.1_3241/workspace/lpc_board_nxp_lpcxpresso_1769/Debug/liblpc_board_nxp_lpcxpresso_1769.a(board.o)
 .debug_macro   0x0000000000005915      0xa9c /home/ankit/Documents/MCUXpresso_11.1.1_3241/workspace/lpc_board_nxp_lpcxpresso_1769/Debug/liblpc_board_nxp_lpcxpresso_1769.a(board.o)
 .debug_macro   0x00000000000063b1       0x12 /home/ankit/Documents/MCUXpresso_11.1.1_3241/workspace/lpc_board_nxp_lpcxpresso_1769/Debug/liblpc_board_nxp_lpcxpresso_1769.a(board.o)
 .debug_macro   0x00000000000063c3      0x217 /home/ankit/Documents/MCUXpresso_11.1.1_3241/workspace/lpc_board_nxp_lpcxpresso_1769/Debug/liblpc_board_nxp_lpcxpresso_1769.a(board_sysinit.o)
 .debug_macro   0x00000000000065da      0x1cd /home/ankit/Documents/MCUXpresso_11.1.1_3241/workspace/lpc_chip_175x_6x/Debug/liblpc_chip_175x_6x.a(chip_17xx_40xx.o)
 .debug_macro   0x00000000000067a7      0x1cd /home/ankit/Documents/MCUXpresso_11.1.1_3241/workspace/lpc_chip_175x_6x/Debug/liblpc_chip_175x_6x.a(clock_17xx_40xx.o)
 .debug_macro   0x0000000000006974      0x1cd /home/ankit/Documents/MCUXpresso_11.1.1_3241/workspace/lpc_chip_175x_6x/Debug/liblpc_chip_175x_6x.a(iocon_17xx_40xx.o)
 .debug_macro   0x0000000000006b41       0x83 /home/ankit/Documents/MCUXpresso_11.1.1_3241/workspace/lpc_chip_175x_6x/Debug/liblpc_chip_175x_6x.a(ring_buffer.o)
 .debug_macro   0x0000000000006bc4       0x10 /home/ankit/Documents/MCUXpresso_11.1.1_3241/workspace/lpc_chip_175x_6x/Debug/liblpc_chip_175x_6x.a(ring_buffer.o)
 .debug_macro   0x0000000000006bd4      0x1cd /home/ankit/Documents/MCUXpresso_11.1.1_3241/workspace/lpc_chip_175x_6x/Debug/liblpc_chip_175x_6x.a(sysinit_17xx_40xx.o)
 .debug_macro   0x0000000000006da1      0x1cd /home/ankit/Documents/MCUXpresso_11.1.1_3241/workspace/lpc_chip_175x_6x/Debug/liblpc_chip_175x_6x.a(uart_17xx_40xx.o)

.debug_line     0x0000000000000000     0x7b4c
 .debug_line    0x0000000000000000      0x8c8 ./src/Interface_LPC1769_SIM7600.o
 .debug_line    0x00000000000008c8      0x160 ./src/cr_startup_lpc175x_6x.o
 .debug_line    0x0000000000000a28       0xb5 ./src/crp.o
 .debug_line    0x0000000000000add      0x51a ./src/sysinit.o
 .debug_line    0x0000000000000ff7      0x760 ./Third-Party/FreeRTOS/org/Source/portable/MemMang/heap_3.o
 .debug_line    0x0000000000001757      0x9e8 ./Third-Party/FreeRTOS/org/Source/portable/GCC/ARM_CM3/port.o
 .debug_line    0x000000000000213f      0x817 ./Third-Party/FreeRTOS/org/Source/list.o
 .debug_line    0x0000000000002956     0x1962 ./Third-Party/FreeRTOS/org/Source/tasks.o
 .debug_line    0x00000000000042b8      0xaaa /home/ankit/Documents/MCUXpresso_11.1.1_3241/workspace/lpc_board_nxp_lpcxpresso_1769/Debug/liblpc_board_nxp_lpcxpresso_1769.a(board.o)
 .debug_line    0x0000000000004d62      0x573 /home/ankit/Documents/MCUXpresso_11.1.1_3241/workspace/lpc_board_nxp_lpcxpresso_1769/Debug/liblpc_board_nxp_lpcxpresso_1769.a(board_sysinit.o)
 .debug_line    0x00000000000052d5      0x523 /home/ankit/Documents/MCUXpresso_11.1.1_3241/workspace/lpc_chip_175x_6x/Debug/liblpc_chip_175x_6x.a(chip_17xx_40xx.o)
 .debug_line    0x00000000000057f8      0x98a /home/ankit/Documents/MCUXpresso_11.1.1_3241/workspace/lpc_chip_175x_6x/Debug/liblpc_chip_175x_6x.a(clock_17xx_40xx.o)
 .debug_line    0x0000000000006182      0x53f /home/ankit/Documents/MCUXpresso_11.1.1_3241/workspace/lpc_chip_175x_6x/Debug/liblpc_chip_175x_6x.a(iocon_17xx_40xx.o)
 .debug_line    0x00000000000066c1      0x42b /home/ankit/Documents/MCUXpresso_11.1.1_3241/workspace/lpc_chip_175x_6x/Debug/liblpc_chip_175x_6x.a(ring_buffer.o)
 .debug_line    0x0000000000006aec      0x5fc /home/ankit/Documents/MCUXpresso_11.1.1_3241/workspace/lpc_chip_175x_6x/Debug/liblpc_chip_175x_6x.a(sysinit_17xx_40xx.o)
 .debug_line    0x00000000000070e8      0xa64 /home/ankit/Documents/MCUXpresso_11.1.1_3241/workspace/lpc_chip_175x_6x/Debug/liblpc_chip_175x_6x.a(uart_17xx_40xx.o)

.debug_str      0x0000000000000000    0x1a034
 .debug_str     0x0000000000000000    0x15822 ./src/Interface_LPC1769_SIM7600.o
                                      0x1596e (size before relaxing)
 .debug_str     0x0000000000015822      0x1ab ./src/cr_startup_lpc175x_6x.o
                                       0x2fc1 (size before relaxing)
 .debug_str     0x00000000000159cd       0xe9 ./src/crp.o
                                       0x2ece (size before relaxing)
 .debug_str     0x0000000000015ab6       0x51 ./src/sysinit.o
                                      0x113a3 (size before relaxing)
 .debug_str     0x0000000000015b07      0x120 ./Third-Party/FreeRTOS/org/Source/portable/MemMang/heap_3.o
                                      0x152af (size before relaxing)
 .debug_str     0x0000000000015c27      0x79a ./Third-Party/FreeRTOS/org/Source/portable/GCC/ARM_CM3/port.o
                                      0x15b32 (size before relaxing)
 .debug_str     0x00000000000163c1      0x134 ./Third-Party/FreeRTOS/org/Source/list.o
                                      0x14ce1 (size before relaxing)
 .debug_str     0x00000000000164f5     0x1c8e ./Third-Party/FreeRTOS/org/Source/tasks.o
                                      0x172bb (size before relaxing)
 .debug_str     0x0000000000018183      0xdac /home/ankit/Documents/MCUXpresso_11.1.1_3241/workspace/lpc_board_nxp_lpcxpresso_1769/Debug/liblpc_board_nxp_lpcxpresso_1769.a(board.o)
                                      0x122af (size before relaxing)
 .debug_str     0x0000000000018f2f      0x22d /home/ankit/Documents/MCUXpresso_11.1.1_3241/workspace/lpc_board_nxp_lpcxpresso_1769/Debug/liblpc_board_nxp_lpcxpresso_1769.a(board_sysinit.o)
                                      0x11795 (size before relaxing)
 .debug_str     0x000000000001915c       0xc1 /home/ankit/Documents/MCUXpresso_11.1.1_3241/workspace/lpc_chip_175x_6x/Debug/liblpc_chip_175x_6x.a(chip_17xx_40xx.o)
                                      0x113e5 (size before relaxing)
 .debug_str     0x000000000001921d      0x857 /home/ankit/Documents/MCUXpresso_11.1.1_3241/workspace/lpc_chip_175x_6x/Debug/liblpc_chip_175x_6x.a(clock_17xx_40xx.o)
                                      0x11a63 (size before relaxing)
 .debug_str     0x0000000000019a74       0x79 /home/ankit/Documents/MCUXpresso_11.1.1_3241/workspace/lpc_chip_175x_6x/Debug/liblpc_chip_175x_6x.a(iocon_17xx_40xx.o)
                                      0x10ee0 (size before relaxing)
 .debug_str     0x0000000000019aed      0x138 /home/ankit/Documents/MCUXpresso_11.1.1_3241/workspace/lpc_chip_175x_6x/Debug/liblpc_chip_175x_6x.a(ring_buffer.o)
                                       0x48cc (size before relaxing)
 .debug_str     0x0000000000019c25       0xc4 /home/ankit/Documents/MCUXpresso_11.1.1_3241/workspace/lpc_chip_175x_6x/Debug/liblpc_chip_175x_6x.a(sysinit_17xx_40xx.o)
                                      0x110c8 (size before relaxing)
 .debug_str     0x0000000000019ce9      0x34b /home/ankit/Documents/MCUXpresso_11.1.1_3241/workspace/lpc_chip_175x_6x/Debug/liblpc_chip_175x_6x.a(uart_17xx_40xx.o)
                                      0x11938 (size before relaxing)

.comment        0x0000000000000000       0x76
 .comment       0x0000000000000000       0x76 ./src/Interface_LPC1769_SIM7600.o
                                         0x77 (size before relaxing)
 .comment       0x0000000000000076       0x77 ./src/cr_startup_lpc175x_6x.o
 .comment       0x0000000000000076       0x77 ./src/crp.o
 .comment       0x0000000000000076       0x77 ./src/sysinit.o
 .comment       0x0000000000000076       0x77 ./Third-Party/FreeRTOS/org/Source/portable/MemMang/heap_3.o
 .comment       0x0000000000000076       0x77 ./Third-Party/FreeRTOS/org/Source/portable/GCC/ARM_CM3/port.o
 .comment       0x0000000000000076       0x77 ./Third-Party/FreeRTOS/org/Source/list.o
 .comment       0x0000000000000076       0x77 ./Third-Party/FreeRTOS/org/Source/tasks.o
 .comment       0x0000000000000076       0x77 /home/ankit/Documents/MCUXpresso_11.1.1_3241/workspace/lpc_board_nxp_lpcxpresso_1769/Debug/liblpc_board_nxp_lpcxpresso_1769.a(board.o)
 .comment       0x0000000000000076       0x77 /home/ankit/Documents/MCUXpresso_11.1.1_3241/workspace/lpc_board_nxp_lpcxpresso_1769/Debug/liblpc_board_nxp_lpcxpresso_1769.a(board_sysinit.o)
 .comment       0x0000000000000076       0x77 /home/ankit/Documents/MCUXpresso_11.1.1_3241/workspace/lpc_chip_175x_6x/Debug/liblpc_chip_175x_6x.a(chip_17xx_40xx.o)
 .comment       0x0000000000000076       0x77 /home/ankit/Documents/MCUXpresso_11.1.1_3241/workspace/lpc_chip_175x_6x/Debug/liblpc_chip_175x_6x.a(clock_17xx_40xx.o)
 .comment       0x0000000000000076       0x77 /home/ankit/Documents/MCUXpresso_11.1.1_3241/workspace/lpc_chip_175x_6x/Debug/liblpc_chip_175x_6x.a(iocon_17xx_40xx.o)
 .comment       0x0000000000000076       0x77 /home/ankit/Documents/MCUXpresso_11.1.1_3241/workspace/lpc_chip_175x_6x/Debug/liblpc_chip_175x_6x.a(ring_buffer.o)
 .comment       0x0000000000000076       0x77 /home/ankit/Documents/MCUXpresso_11.1.1_3241/workspace/lpc_chip_175x_6x/Debug/liblpc_chip_175x_6x.a(sysinit_17xx_40xx.o)
 .comment       0x0000000000000076       0x77 /home/ankit/Documents/MCUXpresso_11.1.1_3241/workspace/lpc_chip_175x_6x/Debug/liblpc_chip_175x_6x.a(uart_17xx_40xx.o)
 .comment       0x0000000000000076       0x77 /usr/local/mcuxpressoide-11.1.1_3241/ide/plugins/com.nxp.mcuxpresso.tools.linux_11.1.0.202001081728/tools/bin/../lib/gcc/arm-none-eabi/8.3.1/../../../../arm-none-eabi/lib/thumb/v7-m/nofp/libcr_c.a(memcpy.o)
 .comment       0x0000000000000076       0x77 /usr/local/mcuxpressoide-11.1.1_3241/ide/plugins/com.nxp.mcuxpresso.tools.linux_11.1.0.202001081728/tools/bin/../lib/gcc/arm-none-eabi/8.3.1/../../../../arm-none-eabi/lib/thumb/v7-m/nofp/libcr_c.a(memset.o)
 .comment       0x0000000000000076       0x77 /usr/local/mcuxpressoide-11.1.1_3241/ide/plugins/com.nxp.mcuxpresso.tools.linux_11.1.0.202001081728/tools/bin/../lib/gcc/arm-none-eabi/8.3.1/../../../../arm-none-eabi/lib/thumb/v7-m/nofp/libcr_c.a(__weak__main.o)
 .comment       0x0000000000000076       0x77 /usr/local/mcuxpressoide-11.1.1_3241/ide/plugins/com.nxp.mcuxpresso.tools.linux_11.1.0.202001081728/tools/bin/../lib/gcc/arm-none-eabi/8.3.1/../../../../arm-none-eabi/lib/thumb/v7-m/nofp/libcr_c.a(alloc.o)
 .comment       0x0000000000000076       0x77 /usr/local/mcuxpressoide-11.1.1_3241/ide/plugins/com.nxp.mcuxpresso.tools.linux_11.1.0.202001081728/tools/bin/../lib/gcc/arm-none-eabi/8.3.1/../../../../arm-none-eabi/lib/thumb/v7-m/nofp/libcr_c.a(strstr.o)
 .comment       0x0000000000000076       0x77 /usr/local/mcuxpressoide-11.1.1_3241/ide/plugins/com.nxp.mcuxpresso.tools.linux_11.1.0.202001081728/tools/bin/../lib/gcc/arm-none-eabi/8.3.1/../../../../arm-none-eabi/lib/thumb/v7-m/nofp/libcr_c.a(__init_alloc.o)
 .comment       0x0000000000000076       0x77 /usr/local/mcuxpressoide-11.1.1_3241/ide/plugins/com.nxp.mcuxpresso.tools.linux_11.1.0.202001081728/tools/bin/../lib/gcc/arm-none-eabi/8.3.1/../../../../arm-none-eabi/lib/thumb/v7-m/nofp/libcr_c.a(_cr_sbrk.o)
 .comment       0x0000000000000076       0x77 /usr/local/mcuxpressoide-11.1.1_3241/ide/plugins/com.nxp.mcuxpresso.tools.linux_11.1.0.202001081728/tools/bin/../lib/gcc/arm-none-eabi/8.3.1/../../../../arm-none-eabi/lib/thumb/v7-m/nofp/libcr_c.a(errno.o)
 .comment       0x0000000000000076       0x77 /usr/local/mcuxpressoide-11.1.1_3241/ide/plugins/com.nxp.mcuxpresso.tools.linux_11.1.0.202001081728/tools/bin/../lib/gcc/arm-none-eabi/8.3.1/../../../../arm-none-eabi/lib/thumb/v7-m/nofp/libcr_c.a(_cr_check_heap.o)

.ARM.attributes
                0x0000000000000000       0x2b
 .ARM.attributes
                0x0000000000000000       0x2d ./src/Interface_LPC1769_SIM7600.o
 .ARM.attributes
                0x000000000000002d       0x2d ./src/cr_startup_lpc175x_6x.o
 .ARM.attributes
                0x000000000000005a       0x33 ./src/crp.o
 .ARM.attributes
                0x000000000000008d       0x2d ./src/sysinit.o
 .ARM.attributes
                0x00000000000000ba       0x2d ./Third-Party/FreeRTOS/org/Source/portable/MemMang/heap_3.o
 .ARM.attributes
                0x00000000000000e7       0x2d ./Third-Party/FreeRTOS/org/Source/portable/GCC/ARM_CM3/port.o
 .ARM.attributes
                0x0000000000000114       0x2d ./Third-Party/FreeRTOS/org/Source/list.o
 .ARM.attributes
                0x0000000000000141       0x2d ./Third-Party/FreeRTOS/org/Source/tasks.o
 .ARM.attributes
                0x000000000000016e       0x2d /home/ankit/Documents/MCUXpresso_11.1.1_3241/workspace/lpc_board_nxp_lpcxpresso_1769/Debug/liblpc_board_nxp_lpcxpresso_1769.a(board.o)
 .ARM.attributes
                0x000000000000019b       0x2d /home/ankit/Documents/MCUXpresso_11.1.1_3241/workspace/lpc_board_nxp_lpcxpresso_1769/Debug/liblpc_board_nxp_lpcxpresso_1769.a(board_sysinit.o)
 .ARM.attributes
                0x00000000000001c8       0x2d /home/ankit/Documents/MCUXpresso_11.1.1_3241/workspace/lpc_chip_175x_6x/Debug/liblpc_chip_175x_6x.a(chip_17xx_40xx.o)
 .ARM.attributes
                0x00000000000001f5       0x2d /home/ankit/Documents/MCUXpresso_11.1.1_3241/workspace/lpc_chip_175x_6x/Debug/liblpc_chip_175x_6x.a(clock_17xx_40xx.o)
 .ARM.attributes
                0x0000000000000222       0x2d /home/ankit/Documents/MCUXpresso_11.1.1_3241/workspace/lpc_chip_175x_6x/Debug/liblpc_chip_175x_6x.a(iocon_17xx_40xx.o)
 .ARM.attributes
                0x000000000000024f       0x2d /home/ankit/Documents/MCUXpresso_11.1.1_3241/workspace/lpc_chip_175x_6x/Debug/liblpc_chip_175x_6x.a(ring_buffer.o)
 .ARM.attributes
                0x000000000000027c       0x2d /home/ankit/Documents/MCUXpresso_11.1.1_3241/workspace/lpc_chip_175x_6x/Debug/liblpc_chip_175x_6x.a(sysinit_17xx_40xx.o)
 .ARM.attributes
                0x00000000000002a9       0x2d /home/ankit/Documents/MCUXpresso_11.1.1_3241/workspace/lpc_chip_175x_6x/Debug/liblpc_chip_175x_6x.a(uart_17xx_40xx.o)
 .ARM.attributes
                0x00000000000002d6       0x2d /usr/local/mcuxpressoide-11.1.1_3241/ide/plugins/com.nxp.mcuxpresso.tools.linux_11.1.0.202001081728/tools/bin/../lib/gcc/arm-none-eabi/8.3.1/../../../../arm-none-eabi/lib/thumb/v7-m/nofp/libcr_c.a(memcpy.o)
 .ARM.attributes
                0x0000000000000303       0x2d /usr/local/mcuxpressoide-11.1.1_3241/ide/plugins/com.nxp.mcuxpresso.tools.linux_11.1.0.202001081728/tools/bin/../lib/gcc/arm-none-eabi/8.3.1/../../../../arm-none-eabi/lib/thumb/v7-m/nofp/libcr_c.a(memset.o)
 .ARM.attributes
                0x0000000000000330       0x2d /usr/local/mcuxpressoide-11.1.1_3241/ide/plugins/com.nxp.mcuxpresso.tools.linux_11.1.0.202001081728/tools/bin/../lib/gcc/arm-none-eabi/8.3.1/../../../../arm-none-eabi/lib/thumb/v7-m/nofp/libcr_c.a(__weak__main.o)
 .ARM.attributes
                0x000000000000035d       0x2d /usr/local/mcuxpressoide-11.1.1_3241/ide/plugins/com.nxp.mcuxpresso.tools.linux_11.1.0.202001081728/tools/bin/../lib/gcc/arm-none-eabi/8.3.1/../../../../arm-none-eabi/lib/thumb/v7-m/nofp/libcr_c.a(alloc.o)
 .ARM.attributes
                0x000000000000038a       0x2d /usr/local/mcuxpressoide-11.1.1_3241/ide/plugins/com.nxp.mcuxpresso.tools.linux_11.1.0.202001081728/tools/bin/../lib/gcc/arm-none-eabi/8.3.1/../../../../arm-none-eabi/lib/thumb/v7-m/nofp/libcr_c.a(strstr.o)
 .ARM.attributes
                0x00000000000003b7       0x2d /usr/local/mcuxpressoide-11.1.1_3241/ide/plugins/com.nxp.mcuxpresso.tools.linux_11.1.0.202001081728/tools/bin/../lib/gcc/arm-none-eabi/8.3.1/../../../../arm-none-eabi/lib/thumb/v7-m/nofp/libcr_c.a(__init_alloc.o)
 .ARM.attributes
                0x00000000000003e4       0x2d /usr/local/mcuxpressoide-11.1.1_3241/ide/plugins/com.nxp.mcuxpresso.tools.linux_11.1.0.202001081728/tools/bin/../lib/gcc/arm-none-eabi/8.3.1/../../../../arm-none-eabi/lib/thumb/v7-m/nofp/libcr_c.a(_cr_sbrk.o)
 .ARM.attributes
                0x0000000000000411       0x33 /usr/local/mcuxpressoide-11.1.1_3241/ide/plugins/com.nxp.mcuxpresso.tools.linux_11.1.0.202001081728/tools/bin/../lib/gcc/arm-none-eabi/8.3.1/../../../../arm-none-eabi/lib/thumb/v7-m/nofp/libcr_c.a(errno.o)
 .ARM.attributes
                0x0000000000000444       0x2d /usr/local/mcuxpressoide-11.1.1_3241/ide/plugins/com.nxp.mcuxpresso.tools.linux_11.1.0.202001081728/tools/bin/../lib/gcc/arm-none-eabi/8.3.1/../../../../arm-none-eabi/lib/thumb/v7-m/nofp/libcr_c.a(_cr_check_heap.o)
 .ARM.attributes
                0x0000000000000471       0x1b /usr/local/mcuxpressoide-11.1.1_3241/ide/plugins/com.nxp.mcuxpresso.tools.linux_11.1.0.202001081728/tools/bin/../lib/gcc/arm-none-eabi/8.3.1/thumb/v7-m/nofp/libcr_eabihelpers.a(memcpy.o)

.debug_frame    0x0000000000000000     0x229c
 .debug_frame   0x0000000000000000      0x198 ./src/Interface_LPC1769_SIM7600.o
 .debug_frame   0x0000000000000198      0x170 ./src/cr_startup_lpc175x_6x.o
 .debug_frame   0x0000000000000308       0x34 ./src/sysinit.o
 .debug_frame   0x000000000000033c       0x58 ./Third-Party/FreeRTOS/org/Source/portable/MemMang/heap_3.o
 .debug_frame   0x0000000000000394      0x184 ./Third-Party/FreeRTOS/org/Source/portable/GCC/ARM_CM3/port.o
 .debug_frame   0x0000000000000518       0xd8 ./Third-Party/FreeRTOS/org/Source/list.o
 .debug_frame   0x00000000000005f0      0x8f4 ./Third-Party/FreeRTOS/org/Source/tasks.o
 .debug_frame   0x0000000000000ee4      0x5d4 /home/ankit/Documents/MCUXpresso_11.1.1_3241/workspace/lpc_board_nxp_lpcxpresso_1769/Debug/liblpc_board_nxp_lpcxpresso_1769.a(board.o)
 .debug_frame   0x00000000000014b8       0x8c /home/ankit/Documents/MCUXpresso_11.1.1_3241/workspace/lpc_board_nxp_lpcxpresso_1769/Debug/liblpc_board_nxp_lpcxpresso_1769.a(board_sysinit.o)
 .debug_frame   0x0000000000001544       0x88 /home/ankit/Documents/MCUXpresso_11.1.1_3241/workspace/lpc_chip_175x_6x/Debug/liblpc_chip_175x_6x.a(chip_17xx_40xx.o)
 .debug_frame   0x00000000000015cc      0x490 /home/ankit/Documents/MCUXpresso_11.1.1_3241/workspace/lpc_chip_175x_6x/Debug/liblpc_chip_175x_6x.a(clock_17xx_40xx.o)
 .debug_frame   0x0000000000001a5c       0x80 /home/ankit/Documents/MCUXpresso_11.1.1_3241/workspace/lpc_chip_175x_6x/Debug/liblpc_chip_175x_6x.a(iocon_17xx_40xx.o)
 .debug_frame   0x0000000000001adc      0x164 /home/ankit/Documents/MCUXpresso_11.1.1_3241/workspace/lpc_chip_175x_6x/Debug/liblpc_chip_175x_6x.a(ring_buffer.o)
 .debug_frame   0x0000000000001c40      0x12c /home/ankit/Documents/MCUXpresso_11.1.1_3241/workspace/lpc_chip_175x_6x/Debug/liblpc_chip_175x_6x.a(sysinit_17xx_40xx.o)
 .debug_frame   0x0000000000001d6c      0x530 /home/ankit/Documents/MCUXpresso_11.1.1_3241/workspace/lpc_chip_175x_6x/Debug/liblpc_chip_175x_6x.a(uart_17xx_40xx.o)

Cross Reference Table

Symbol                                            File
ADC_IRQHandler                                    ./src/cr_startup_lpc175x_6x.o
BOD_IRQHandler                                    ./src/cr_startup_lpc175x_6x.o
Board_Audio_Init                                  /home/ankit/Documents/MCUXpresso_11.1.1_3241/workspace/lpc_board_nxp_lpcxpresso_1769/Debug/liblpc_board_nxp_lpcxpresso_1769.a(board.o)
Board_Buttons_Init                                /home/ankit/Documents/MCUXpresso_11.1.1_3241/workspace/lpc_board_nxp_lpcxpresso_1769/Debug/liblpc_board_nxp_lpcxpresso_1769.a(board.o)
                                                  ./src/Interface_LPC1769_SIM7600.o
Board_Debug_Init                                  /home/ankit/Documents/MCUXpresso_11.1.1_3241/workspace/lpc_board_nxp_lpcxpresso_1769/Debug/liblpc_board_nxp_lpcxpresso_1769.a(board.o)
                                                  ./src/Interface_LPC1769_SIM7600.o
Board_ENET_GetMacADDR                             /home/ankit/Documents/MCUXpresso_11.1.1_3241/workspace/lpc_board_nxp_lpcxpresso_1769/Debug/liblpc_board_nxp_lpcxpresso_1769.a(board.o)
Board_I2C_Init                                    /home/ankit/Documents/MCUXpresso_11.1.1_3241/workspace/lpc_board_nxp_lpcxpresso_1769/Debug/liblpc_board_nxp_lpcxpresso_1769.a(board.o)
Board_Init                                        /home/ankit/Documents/MCUXpresso_11.1.1_3241/workspace/lpc_board_nxp_lpcxpresso_1769/Debug/liblpc_board_nxp_lpcxpresso_1769.a(board.o)
                                                  ./src/Interface_LPC1769_SIM7600.o
Board_Joystick_Init                               /home/ankit/Documents/MCUXpresso_11.1.1_3241/workspace/lpc_board_nxp_lpcxpresso_1769/Debug/liblpc_board_nxp_lpcxpresso_1769.a(board.o)
Board_LED_Init                                    /home/ankit/Documents/MCUXpresso_11.1.1_3241/workspace/lpc_board_nxp_lpcxpresso_1769/Debug/liblpc_board_nxp_lpcxpresso_1769.a(board.o)
                                                  ./src/Interface_LPC1769_SIM7600.o
Board_LED_Set                                     /home/ankit/Documents/MCUXpresso_11.1.1_3241/workspace/lpc_board_nxp_lpcxpresso_1769/Debug/liblpc_board_nxp_lpcxpresso_1769.a(board.o)
                                                  ./src/Interface_LPC1769_SIM7600.o
Board_LED_Test                                    /home/ankit/Documents/MCUXpresso_11.1.1_3241/workspace/lpc_board_nxp_lpcxpresso_1769/Debug/liblpc_board_nxp_lpcxpresso_1769.a(board.o)
Board_LED_Toggle                                  /home/ankit/Documents/MCUXpresso_11.1.1_3241/workspace/lpc_board_nxp_lpcxpresso_1769/Debug/liblpc_board_nxp_lpcxpresso_1769.a(board.o)
Board_SPI_AssertSSEL                              /home/ankit/Documents/MCUXpresso_11.1.1_3241/workspace/lpc_board_nxp_lpcxpresso_1769/Debug/liblpc_board_nxp_lpcxpresso_1769.a(board.o)
Board_SPI_DeassertSSEL                            /home/ankit/Documents/MCUXpresso_11.1.1_3241/workspace/lpc_board_nxp_lpcxpresso_1769/Debug/liblpc_board_nxp_lpcxpresso_1769.a(board.o)
Board_SPI_Init                                    /home/ankit/Documents/MCUXpresso_11.1.1_3241/workspace/lpc_board_nxp_lpcxpresso_1769/Debug/liblpc_board_nxp_lpcxpresso_1769.a(board.o)
Board_SSP_Init                                    /home/ankit/Documents/MCUXpresso_11.1.1_3241/workspace/lpc_board_nxp_lpcxpresso_1769/Debug/liblpc_board_nxp_lpcxpresso_1769.a(board.o)
Board_SetupClocking                               /home/ankit/Documents/MCUXpresso_11.1.1_3241/workspace/lpc_board_nxp_lpcxpresso_1769/Debug/liblpc_board_nxp_lpcxpresso_1769.a(board_sysinit.o)
Board_SetupMuxing                                 /home/ankit/Documents/MCUXpresso_11.1.1_3241/workspace/lpc_board_nxp_lpcxpresso_1769/Debug/liblpc_board_nxp_lpcxpresso_1769.a(board_sysinit.o)
Board_SystemInit                                  /home/ankit/Documents/MCUXpresso_11.1.1_3241/workspace/lpc_board_nxp_lpcxpresso_1769/Debug/liblpc_board_nxp_lpcxpresso_1769.a(board_sysinit.o)
                                                  ./src/sysinit.o
                                                  ./src/Interface_LPC1769_SIM7600.o
Board_UARTGetChar                                 /home/ankit/Documents/MCUXpresso_11.1.1_3241/workspace/lpc_board_nxp_lpcxpresso_1769/Debug/liblpc_board_nxp_lpcxpresso_1769.a(board.o)
Board_UARTPutChar                                 /home/ankit/Documents/MCUXpresso_11.1.1_3241/workspace/lpc_board_nxp_lpcxpresso_1769/Debug/liblpc_board_nxp_lpcxpresso_1769.a(board.o)
Board_UARTPutSTR                                  /home/ankit/Documents/MCUXpresso_11.1.1_3241/workspace/lpc_board_nxp_lpcxpresso_1769/Debug/liblpc_board_nxp_lpcxpresso_1769.a(board.o)
Board_UART_Init                                   /home/ankit/Documents/MCUXpresso_11.1.1_3241/workspace/lpc_board_nxp_lpcxpresso_1769/Debug/liblpc_board_nxp_lpcxpresso_1769.a(board.o)
Board_USBD_Init                                   /home/ankit/Documents/MCUXpresso_11.1.1_3241/workspace/lpc_board_nxp_lpcxpresso_1769/Debug/liblpc_board_nxp_lpcxpresso_1769.a(board.o)
BusFault_Handler                                  ./src/cr_startup_lpc175x_6x.o
Buttons_GetStatus                                 /home/ankit/Documents/MCUXpresso_11.1.1_3241/workspace/lpc_board_nxp_lpcxpresso_1769/Debug/liblpc_board_nxp_lpcxpresso_1769.a(board.o)
CANActivity_IRQHandler                            ./src/cr_startup_lpc175x_6x.o
CAN_IRQHandler                                    ./src/cr_startup_lpc175x_6x.o
CRP_WORD                                          ./src/crp.o
Chip_Clock_DisablePLL                             /home/ankit/Documents/MCUXpresso_11.1.1_3241/workspace/lpc_chip_175x_6x/Debug/liblpc_chip_175x_6x.a(clock_17xx_40xx.o)
                                                  /home/ankit/Documents/MCUXpresso_11.1.1_3241/workspace/lpc_chip_175x_6x/Debug/liblpc_chip_175x_6x.a(sysinit_17xx_40xx.o)
Chip_Clock_DisablePeriphClock                     /home/ankit/Documents/MCUXpresso_11.1.1_3241/workspace/lpc_chip_175x_6x/Debug/liblpc_chip_175x_6x.a(clock_17xx_40xx.o)
                                                  /home/ankit/Documents/MCUXpresso_11.1.1_3241/workspace/lpc_chip_175x_6x/Debug/liblpc_chip_175x_6x.a(uart_17xx_40xx.o)
                                                  /home/ankit/Documents/MCUXpresso_11.1.1_3241/workspace/lpc_chip_175x_6x/Debug/liblpc_chip_175x_6x.a(i2s_17xx_40xx.o)
Chip_Clock_EnablePLL                              /home/ankit/Documents/MCUXpresso_11.1.1_3241/workspace/lpc_chip_175x_6x/Debug/liblpc_chip_175x_6x.a(clock_17xx_40xx.o)
                                                  /home/ankit/Documents/MCUXpresso_11.1.1_3241/workspace/lpc_chip_175x_6x/Debug/liblpc_chip_175x_6x.a(sysinit_17xx_40xx.o)
                                                  /home/ankit/Documents/MCUXpresso_11.1.1_3241/workspace/lpc_chip_175x_6x/Debug/liblpc_chip_175x_6x.a(chip_17xx_40xx.o)
Chip_Clock_EnablePeriphClock                      /home/ankit/Documents/MCUXpresso_11.1.1_3241/workspace/lpc_chip_175x_6x/Debug/liblpc_chip_175x_6x.a(clock_17xx_40xx.o)
                                                  /home/ankit/Documents/MCUXpresso_11.1.1_3241/workspace/lpc_chip_175x_6x/Debug/liblpc_chip_175x_6x.a(uart_17xx_40xx.o)
                                                  /home/ankit/Documents/MCUXpresso_11.1.1_3241/workspace/lpc_chip_175x_6x/Debug/liblpc_chip_175x_6x.a(i2s_17xx_40xx.o)
                                                  /home/ankit/Documents/MCUXpresso_11.1.1_3241/workspace/lpc_chip_175x_6x/Debug/liblpc_chip_175x_6x.a(chip_17xx_40xx.o)
                                                  /home/ankit/Documents/MCUXpresso_11.1.1_3241/workspace/lpc_board_nxp_lpcxpresso_1769/Debug/liblpc_board_nxp_lpcxpresso_1769.a(board.o)
Chip_Clock_GetCPUClockDiv                         /home/ankit/Documents/MCUXpresso_11.1.1_3241/workspace/lpc_chip_175x_6x/Debug/liblpc_chip_175x_6x.a(clock_17xx_40xx.o)
Chip_Clock_GetCPUClockSource                      /home/ankit/Documents/MCUXpresso_11.1.1_3241/workspace/lpc_chip_175x_6x/Debug/liblpc_chip_175x_6x.a(clock_17xx_40xx.o)
Chip_Clock_GetMainClockRate                       /home/ankit/Documents/MCUXpresso_11.1.1_3241/workspace/lpc_chip_175x_6x/Debug/liblpc_chip_175x_6x.a(clock_17xx_40xx.o)
Chip_Clock_GetMainPLLOutClockRate                 /home/ankit/Documents/MCUXpresso_11.1.1_3241/workspace/lpc_chip_175x_6x/Debug/liblpc_chip_175x_6x.a(clock_17xx_40xx.o)
Chip_Clock_GetPCLKDiv                             /home/ankit/Documents/MCUXpresso_11.1.1_3241/workspace/lpc_chip_175x_6x/Debug/liblpc_chip_175x_6x.a(clock_17xx_40xx.o)