core_cm3.h:1323:22:NVIC_EnableIRQ	16	static
core_cm3.h:1335:22:NVIC_DisableIRQ	16	static
core_cm3.h:1405:22:NVIC_SetPriority	16	static
uart_17xx_40xx.h:337:20:Chip_UART_IntEnable	16	static
uart_17xx_40xx.h:390:20:Chip_UART_SetupFIFOS	16	static
uart_17xx_40xx.h:405:20:Chip_UART_ConfigData	16	static
Interface_LPC1769_SIM7600.c:83:5:main	16	static
Interface_LPC1769_SIM7600.c:109:6:vSIM_7600_Task	16	static
Interface_LPC1769_SIM7600.c:224:13:prvSetupHardware	8	static
Interface_LPC1769_SIM7600.c:244:13:prvSetupUART0	8	static
Interface_LPC1769_SIM7600.c:272:6:UART0_IRQHandler	8	static
